ARM Linker, 5.03 [Build 76] [MDK-ARM Standard]

==============================================================================

Section Cross References

    evboard.o(.text) refers to sysctl.o(i.SysCtlClockGet) for SysCtlClockGet
    evboard.o(.text) refers to sysctl.o(i.SysCtlPeripheralEnable) for SysCtlPeripheralEnable
    evboard.o(.text) refers to gpio.o(i.GPIOPinTypeSSI) for GPIOPinTypeSSI
    evboard.o(.text) refers to ssi.o(i.SSIConfigSetExpClk) for SSIConfigSetExpClk
    evboard.o(.text) refers to gpio.o(i.GPIOPinTypeGPIOOutput) for GPIOPinTypeGPIOOutput
    evboard.o(.text) refers to gpio.o(i.GPIOPinTypeGPIOInput) for GPIOPinTypeGPIOInput
    evboard.o(.text) refers to ssi.o(i.SSIEnable) for SSIEnable
    evboard.o(.text) refers to gpio.o(i.GPIOIntTypeSet) for GPIOIntTypeSet
    evboard.o(.text) refers to gpio.o(i.GPIOPinIntEnable) for GPIOPinIntEnable
    evboard.o(.text) refers to interrupt.o(i.IntEnable) for IntEnable
    evboard.o(.text) refers to gpio.o(i.GPIOPinWrite) for GPIOPinWrite
    evboard.o(.text) refers to evbradio.o(.text) for Read_RXFIFO
    evboard.o(.text) refers to mac.o(.text) for macRxCallback
    evboard.o(.text) refers to memalloc.o(.text) for MemAlloc
    evboard.o(.text) refers to phy.o(.text) for phyRxCallback
    evboard.o(.text) refers to gpio.o(i.GPIOPinIntStatus) for GPIOPinIntStatus
    evboard.o(.text) refers to gpio.o(i.GPIOPinIntClear) for GPIOPinIntClear
    evboard.o(.text) refers to target.o(.text) for usrIntCallback
    evboard.o(.text) refers to timer.o(i.TimerValueGet) for TimerValueGet
    evboard.o(.text) refers to gpio.o(i.GPIOPinRead) for GPIOPinRead
    evboard.o(.text) refers to halstack.o(.text) for halGetMACTimer
    evboard.o(.text) refers to evboard.o(.data) for local_radio_flags
    evboard.o(.text) refers to interrupt.o(i.IntMasterDisable) for IntMasterDisable
    evboard.o(.text) refers to interrupt.o(i.IntMasterEnable) for IntMasterEnable
    evboard.o(.text) refers to interrupt.o(i.IntDisable) for IntDisable
    evboard.o(.text) refers to console.o(.text) for conPrintROMString_func
    evboard.o(.text) refers to evboard.o(.constdata) for xxxxromstr
    evboard.o(.text) refers to phy.o(.bss) for phy_pib
    evboard.o(.text) refers to mac.o(.bss) for mac_pib
    evboard.o(.text) refers to halneighbor.o(.bss) for mac_addr_tbl
    evbradio.o(.text) refers to gpio.o(i.GPIOPinWrite) for GPIOPinWrite
    evbradio.o(.text) refers to ssi.o(i.SSIDataPut) for SSIDataPut
    evbradio.o(.text) refers to ssi.o(i.SSIDataGet) for SSIDataGet
    halstack.o(.text) refers to sysctl.o(i.SysCtlPeripheralEnable) for SysCtlPeripheralEnable
    halstack.o(.text) refers to timer.o(i.TimerConfigure) for TimerConfigure
    halstack.o(.text) refers to timer.o(i.TimerPrescaleSet) for TimerPrescaleSet
    halstack.o(.text) refers to timer.o(i.TimerLoadSet) for TimerLoadSet
    halstack.o(.text) refers to timer.o(i.TimerIntEnable) for TimerIntEnable
    halstack.o(.text) refers to interrupt.o(i.IntEnable) for IntEnable
    halstack.o(.text) refers to timer.o(i.TimerEnable) for TimerEnable
    halstack.o(.text) refers to gpio.o(i.GPIOPinTypeUART) for GPIOPinTypeUART
    halstack.o(.text) refers to sysctl.o(i.SysCtlClockGet) for SysCtlClockGet
    halstack.o(.text) refers to uart.o(i.UARTConfigSetExpClk) for UARTConfigSetExpClk
    halstack.o(.text) refers to uart.o(i.UARTEnable) for UARTEnable
    halstack.o(.text) refers to uart.o(i.UARTFIFOLevelSet) for UARTFIFOLevelSet
    halstack.o(.text) refers to uart.o(i.UARTIntDisable) for UARTIntDisable
    halstack.o(.text) refers to uart.o(i.UARTIntEnable) for UARTIntEnable
    halstack.o(.text) refers to interrupt.o(i.IntMasterEnable) for IntMasterEnable
    halstack.o(.text) refers to uart.o(i.UARTCharPut) for UARTCharPut
    halstack.o(.text) refers to uart.o(i.UARTIntStatus) for UARTIntStatus
    halstack.o(.text) refers to uart.o(i.UARTIntClear) for UARTIntClear
    halstack.o(.text) refers to uart.o(i.UARTCharsAvail) for UARTCharsAvail
    halstack.o(.text) refers to uart.o(i.UARTCharGetNonBlocking) for UARTCharGetNonBlocking
    halstack.o(.text) refers to isprint.o(.text) for isprint
    halstack.o(.text) refers to timer.o(i.TimerIntDisable) for TimerIntDisable
    halstack.o(.text) refers to evboard.o(.text) for halDisableRadio
    halstack.o(.text) refers to timer.o(i.TimerValueGet) for TimerValueGet
    halstack.o(.text) refers to interrupt.o(i.IntMasterDisable) for IntMasterDisable
    halstack.o(.text) refers to sysctl.o(i.SysCtlSleep) for SysCtlSleep
    halstack.o(.text) refers to timer.o(i.TimerIntClear) for TimerIntClear
    halstack.o(.text) refers to target.o(.text) for usrSlowTimerInt
    halstack.o(.text) refers to halstack.o(.data) for halMacTimerOflow
    halstack.o(.text) refers to halstack.o(.bss) for serio_rxBuff
    startup.o(STACK) refers (Special) to heapauxi.o(.text) for __use_two_region_memory
    startup.o(HEAP) refers (Special) to heapauxi.o(.text) for __use_two_region_memory
[...]
    StackMem                                 0x200051f0   Data           0  startup.o(STACK)

    Global Symbols

    Symbol Name                              Value     Ov Type        Size  Object(Section)

    BuildAttributes$$THM_ISAv4$P$D$K$B$S$PE$A:L22UL41UL21$X:L11$S22US41US21$IEEE1$IW$USESV6$~STKCKD$USESV7$~SHL$OTIME$ROPI$IEEEX$EBA8$UX$STANDARDLIB$REQ8$PRES8$EABIv2 0x00000000   Number         0  anon$$obj.o ABSOLUTE
    __ARM_use_no_argv                        0x00000000   Number         0  main.o ABSOLUTE
    __Vectors                                0x00000000   Data           0  startup.o(RESET)
    __ARM_exceptions_init                     - Undefined Weak Reference
    __alloca_initialize                       - Undefined Weak Reference
    __cpp_initialize__aeabi_                  - Undefined Weak Reference
    __cxa_finalize                            - Undefined Weak Reference
    __sigvec_lookup                           - Undefined Weak Reference
    _atexit_init                              - Undefined Weak Reference
    _call_atexit_fns                          - Undefined Weak Reference
    _clock_init                               - Undefined Weak Reference
    _fp_trap_init                             - Undefined Weak Reference
    _fp_trap_shutdown                         - Undefined Weak Reference
    _get_lc_collate                           - Undefined Weak Reference
    _get_lc_monetary                          - Undefined Weak Reference
    _get_lc_time                              - Undefined Weak Reference
    _getenv_init                              - Undefined Weak Reference
    _handle_redirection                       - Undefined Weak Reference
    _init_alloc                               - Undefined Weak Reference
    _init_user_alloc                          - Undefined Weak Reference
    _initio                                   - Undefined Weak Reference
    _printf_post_padding                      - Undefined Weak Reference
    _printf_pre_padding                       - Undefined Weak Reference
    _printf_truncate_signed                   - Undefined Weak Reference
    _printf_truncate_unsigned                 - Undefined Weak Reference
    _rand_init                                - Undefined Weak Reference
    _signal_finish                            - Undefined Weak Reference
    _signal_init                              - Undefined Weak Reference
    _terminate_alloc                          - Undefined Weak Reference
    _terminate_user_alloc                     - Undefined Weak Reference
    _terminateio                              - Undefined Weak Reference
    Reset_Handler                            0x0000011d   Thumb Code     0  startup.o(RESET)
    __main                                   0x0000012d   Thumb Code     8  __main.o(!!!main)
    __scatterload                            0x00000135   Thumb Code     0  __scatter.o(!!!scatter)
    __scatterload_rt2                        0x00000135   Thumb Code    44  __scatter.o(!!!scatter)
    __scatterload_rt2_thumb_only             0x00000135   Thumb Code     0  __scatter.o(!!!scatter)
    __scatterload_null                       0x00000143   Thumb Code     0  __scatter.o(!!!scatter)
    __scatterload_copy                       0x00000169   Thumb Code    26  __scatter_copy.o(!!handler_copy)
    __scatterload_zeroinit                   0x00000185   Thumb Code    28  __scatter_zi.o(!!handler_zi)
    _printf_d                                0x000001a1   Thumb Code     0  _printf_d.o(.ARM.Collect$$_printf_percent$$00000009)
    _printf_percent                          0x000001a1   Thumb Code     0  _printf_percent.o(.ARM.Collect$$_printf_percent$$00000000)
    _printf_percent_end                      0x000001a7   Thumb Code     0  _printf_percent_end.o(.ARM.Collect$$_printf_percent$$00000017)
    __rt_lib_init                            0x000001ab   Thumb Code     0  libinit.o(.ARM.Collect$$libinit$$00000000)
    __rt_lib_init_fp_1                       0x000001ad   Thumb Code     0  libinit2.o(.ARM.Collect$$libinit$$00000002)
    __rt_lib_init_heap_1                     0x000001ad   Thumb Code     0  libinit2.o(.ARM.Collect$$libinit$$00000008)
    __rt_lib_init_lc_common                  0x000001ad   Thumb Code     0  libinit2.o(.ARM.Collect$$libinit$$0000000D)
    __rt_lib_init_rand_1                     0x000001ad   Thumb Code     0  libinit2.o(.ARM.Collect$$libinit$$0000000C)
    __rt_lib_init_user_alloc_1               0x000001ad   Thumb Code     0  libinit2.o(.ARM.Collect$$libinit$$0000000A)
    __rt_lib_init_lc_collate_1               0x000001b3   Thumb Code     0  libinit2.o(.ARM.Collect$$libinit$$0000000F)
    __rt_lib_init_lc_ctype_2                 0x000001b3   Thumb Code     0  libinit2.o(.ARM.Collect$$libinit$$00000010)
    __rt_lib_init_lc_ctype_1                 0x000001bf   Thumb Code     0  libinit2.o(.ARM.Collect$$libinit$$00000011)
    __rt_lib_init_lc_monetary_1              0x000001bf   Thumb Code     0  libinit2.o(.ARM.Collect$$libinit$$00000013)
    __rt_lib_init_lc_numeric_2               0x000001bf   Thumb Code     0  libinit2.o(.ARM.Collect$$libinit$$00000014)
    __rt_lib_init_alloca_1                   0x000001c9   Thumb Code     0  libinit2.o(.ARM.Collect$$libinit$$0000002C)
    __rt_lib_init_argv_1                     0x000001c9   Thumb Code     0  libinit2.o(.ARM.Collect$$libinit$$0000002A)
    __rt_lib_init_atexit_1                   0x000001c9   Thumb Code     0  libinit2.o(.ARM.Collect$$libinit$$00000019)
    __rt_lib_init_clock_1                    0x000001c9   Thumb Code     0  libinit2.o(.ARM.Collect$$libinit$$0000001F)
    __rt_lib_init_cpp_1                      0x000001c9   Thumb Code     0  libinit2.o(.ARM.Collect$$libinit$$00000030)
    __rt_lib_init_exceptions_1               0x000001c9   Thumb Code     0  libinit2.o(.ARM.Collect$$libinit$$0000002E)
    __rt_lib_init_fp_trap_1                  0x000001c9   Thumb Code     0  libinit2.o(.ARM.Collect$$libinit$$0000001D)
    __rt_lib_init_getenv_1                   0x000001c9   Thumb Code     0  libinit2.o(.ARM.Collect$$libinit$$00000021)
    __rt_lib_init_lc_numeric_1               0x000001c9   Thumb Code     0  libinit2.o(.ARM.Collect$$libinit$$00000015)
    __rt_lib_init_lc_time_1                  0x000001c9   Thumb Code     0  libinit2.o(.ARM.Collect$$libinit$$00000017)
    __rt_lib_init_return                     0x000001c9   Thumb Code     0  libinit2.o(.ARM.Collect$$libinit$$00000031)
    __rt_lib_init_signal_1                   0x000001c9   Thumb Code     0  libinit2.o(.ARM.Collect$$libinit$$0000001B)
    __rt_lib_init_stdio_1                    0x000001c9   Thumb Code     0  libinit2.o(.ARM.Collect$$libinit$$00000023)
    __rt_lib_shutdown                        0x000001cb   Thumb Code     0  libshutdown.o(.ARM.Collect$$libshutdown$$00000000)
    __rt_lib_shutdown_fp_trap_1              0x000001cd   Thumb Code     0  libshutdown2.o(.ARM.Collect$$libshutdown$$00000006)
    __rt_lib_shutdown_heap_1                 0x000001cd   Thumb Code     0  libshutdown2.o(.ARM.Collect$$libshutdown$$0000000E)
    __rt_lib_shutdown_return                 0x000001cd   Thumb Code     0  libshutdown2.o(.ARM.Collect$$libshutdown$$0000000F)
    __rt_lib_shutdown_signal_1               0x000001cd   Thumb Code     0  libshutdown2.o(.ARM.Collect$$libshutdown$$00000009)
    __rt_lib_shutdown_stdio_1                0x000001cd   Thumb Code     0  libshutdown2.o(.ARM.Collect$$libshutdown$$00000003)
    __rt_lib_shutdown_user_alloc_1           0x000001cd   Thumb Code     0  libshutdown2.o(.ARM.Collect$$libshutdown$$0000000B)
    __rt_entry                               0x000001cf   Thumb Code     0  rtentry.o(.ARM.Collect$$rtentry$$00000000)
    __rt_entry_presh_1                       0x000001cf   Thumb Code     0  rtentry2.o(.ARM.Collect$$rtentry$$00000002)
    __rt_entry_sh                            0x000001cf   Thumb Code     0  rtentry4.o(.ARM.Collect$$rtentry$$00000004)
    __rt_entry_li                            0x000001d5   Thumb Code     0  rtentry2.o(.ARM.Collect$$rtentry$$0000000A)
    __rt_entry_postsh_1                      0x000001d5   Thumb Code     0  rtentry2.o(.ARM.Collect$$rtentry$$00000009)
    __rt_entry_main                          0x000001d9   Thumb Code     0  rtentry2.o(.ARM.Collect$$rtentry$$0000000D)
    __rt_entry_postli_1                      0x000001d9   Thumb Code     0  rtentry2.o(.ARM.Collect$$rtentry$$0000000C)
    __rt_exit                                0x000001e1   Thumb Code     0  rtexit.o(.ARM.Collect$$rtexit$$00000000)
    __rt_exit_ls                             0x000001e3   Thumb Code     0  rtexit2.o(.ARM.Collect$$rtexit$$00000003)
    __rt_exit_prels_1                        0x000001e3   Thumb Code     0  rtexit2.o(.ARM.Collect$$rtexit$$00000002)
    __rt_exit_exit                           0x000001e7   Thumb Code     0  rtexit2.o(.ARM.Collect$$rtexit$$00000004)
    SysCtlDelay                              0x000001ed   Thumb Code     6  sysctl.o(.emb_text)
    CPUcpsid                                 0x000001f5   Thumb Code     8  cpu.o(.emb_text)
    CPUprimask                               0x000001fd   Thumb Code     6  cpu.o(.emb_text)
    CPUcpsie                                 0x00000203   Thumb Code     8  cpu.o(.emb_text)
    CPUwfi                                   0x0000020b   Thumb Code     4  cpu.o(.emb_text)
    CPUbasepriSet                            0x0000020f   Thumb Code     6  cpu.o(.emb_text)
    CPUbasepriGet                            0x00000215   Thumb Code     6  cpu.o(.emb_text)
    ssiInit                                  0x0000021d   Thumb Code   178  evboard.o(.text)
    GPIOJ_IntInit                            0x000002cf   Thumb Code    28  evboard.o(.text)
    evbRadioIntCallback                      0x000002eb   Thumb Code   364  evboard.o(.text)
    GPIO_Port_J_ISR                          0x00000457   Thumb Code    30  evboard.o(.text)
    SW_Init                                  0x00000475   Thumb Code    36  evboard.o(.text)
    LED_Init                                 0x00000499   Thumb Code    36  evboard.o(.text)
    evbInitRandomSeed                        0x000004bd   Thumb Code    98  evboard.o(.text)
    evbIntCallback                           0x0000051f   Thumb Code   160  evboard.o(.text)
    evbPoll                                  0x000005bf   Thumb Code     2  evboard.o(.text)
    evbInit                                  0x000005c1   Thumb Code    62  evboard.o(.text)
    evbLedSet                                0x000005ff   Thumb Code   114  evboard.o(.text)
    evbLedGet                                0x00000671   Thumb Code    42  evboard.o(.text)
    halGetRandomByte                         0x0000069b   Thumb Code    90  evboard.o(.text)
    halSetRadioPANID                         0x000006f5   Thumb Code    42  evboard.o(.text)
    halSetRadioShortAddr                     0x0000071f   Thumb Code    42  evboard.o(.text)
    halSetRadioIEEEAddress                   0x00000749   Thumb Code    30  evboard.o(.text)
    halRfWaitForCrystalOscillator            0x00000767   Thumb Code     2  evboard.o(.text)
    halDisableRadio                          0x00000769   Thumb Code    36  evboard.o(.text)
    halSetChannel                            0x0000078d   Thumb Code    48  evboard.o(.text)
    halInitRadio                             0x000007bd   Thumb Code   288  evboard.o(.text)
    halResetRadio                            0x000008dd   Thumb Code    50  evboard.o(.text)
    halFlushRXFIFO                           0x0000090f   Thumb Code    24  evboard.o(.text)
    doIEEE_backoff                           0x00000927   Thumb Code   112  evboard.o(.text)
    halSendPacket                            0x00000997   Thumb Code   518  evboard.o(.text)
    wait                                     0x00000ba9   Thumb Code    20  evbradio.o(.text)
    Write_Command                            0x00000bbd   Thumb Code    44  evbradio.o(.text)
    Read_Status                              0x00000be9   Thumb Code    54  evbradio.o(.text)
    Write_ConfigureWord                      0x00000c1f   Thumb Code    64  evbradio.o(.text)
    Read_Byte_RXFIFO                         0x00000c5f   Thumb Code    44  evbradio.o(.text)
    Read_RXFIFO                              0x00000c8b   Thumb Code   130  evbradio.o(.text)
    Write_TXFIFO                             0x00000d0d   Thumb Code    88  evbradio.o(.text)
    Write_RAM                                0x00000d65   Thumb Code   126  evbradio.o(.text)
    timer2Init                               0x00000ded   Thumb Code    70  halstack.o(.text)
    timer0Init                               0x00000e33   Thumb Code    62  halstack.o(.text)
    halInitMACTimer                          0x00000e71   Thumb Code    28  halstack.o(.text)
    halInitUart                              0x00000e8d   Thumb Code   122  halstack.o(.text)
    halInit                                  0x00000f07   Thumb Code    22  halstack.o(.text)
    halGetch                                 0x00000f1d   Thumb Code    46  halstack.o(.text)
    halGetchRdy                              0x00000f4b   Thumb Code    20  halstack.o(.text)
    halPutch                                 0x00000f5f   Thumb Code    14  halstack.o(.text)
    halRawPut                                0x00000f6d   Thumb Code    26  halstack.o(.text)
    UART0_ISR                                0x00000f87   Thumb Code   138  halstack.o(.text)
    halShutdown                              0x00001011   Thumb Code    28  halstack.o(.text)
    halWarmstart                             0x0000102d   Thumb Code    24  halstack.o(.text)
    halMacTicksToUs                          0x00001045   Thumb Code     6  halstack.o(.text)
    halGetMACTimer                           0x0000104b   Thumb Code    54  halstack.o(.text)
    halMACTimerNowDelta                      0x00001081   Thumb Code    20  halstack.o(.text)
    halUtilMemCopy                           0x00001095   Thumb Code    20  halstack.o(.text)
    halGetProcessorIEEEAddress               0x000010a9   Thumb Code    26  halstack.o(.text)
    halWaitMs                                0x000010c3   Thumb Code    38  halstack.o(.text)
    halIdle                                  0x000010e9   Thumb Code     2  halstack.o(.text)
    halSleep                                 0x000010eb   Thumb Code    42  halstack.o(.text)
    Timer0B_ISR                              0x00001115   Thumb Code    24  halstack.o(.text)
    Timer2B_ISR                              0x0000112d   Thumb Code    22  halstack.o(.text)
    __user_initial_stackheap                 0x0000117d   Thumb Code     0  startup.o(.text)
    BOOLToggle                               0x00001199   Thumb Code    14  target.o(.text)
    LCD_Init                                 0x000011a7   Thumb Code   544  target.o(.text)
    lcd                                      0x000013c7   Thumb Code   238  target.o(.text)
    SendToUP210                              0x000014b5   Thumb Code   172  target.o(.text)
    string                                   0x00001561   Thumb Code   136  target.o(.text)
    string1                                  0x000015e9   Thumb Code    52  target.o(.text)
    string2                                  0x0000161d   Thumb Code    62  target.o(.text)
    string3                                  0x0000165b   Thumb Code    52  target.o(.text)
    lockt                                    0x0000168f   Thumb Code    82  target.o(.text)
    JTAG_Wait                                0x000016e1   Thumb Code    38  target.o(.text)
    targetInit                               0x00001725   Thumb Code    88  target.o(.text)
    usrZepRxCallback                         0x0000177d   Thumb Code    18  target.o(.text)
    datajudge                                0x0000178f   Thumb Code   430  target.o(.text)
    AnalysisPacket                           0x0000193d   Thumb Code   496  target.o(.text)
    usrRxPacketCallback                      0x00001b2d   Thumb Code    76  target.o(.text)
    usrJoinVerifyCallback                    0x00001b79   Thumb Code     6  target.o(.text)
    usrJoinNotifyCallback                    0x00001b7f   Thumb Code    12  target.o(.text)
    usrSlowTimerInt                          0x00001b8b   Thumb Code     2  target.o(.text)
    usrIntCallback                           0x00001b8d   Thumb Code     2  target.o(.text)
    tickISRHandler                           0x00001b8f   Thumb Code    30  target.o(.text)
    aplMacTicksToUs                          0x00001bc5   Thumb Code    12  aps.o(.text)
    apsRxBuffAdd                             0x00001bd1   Thumb Code    72  aps.o(.text)
    apsRxBuffFull                            0x00001c19   Thumb Code    16  aps.o(.text)
    apsTxData                                0x00001f6d   Thumb Code   670  aps.o(.text)
    apsRxBusy                                0x0000220b   Thumb Code    14  aps.o(.text)
    apsFreeRxPacket                          0x00002219   Thumb Code    68  aps.o(.text)
    apsFSM                                   0x000024cf   Thumb Code   972  aps.o(.text)
    aplShutdown                              0x0000289b   Thumb Code    32  aps.o(.text)
    aplWarmstart                             0x000028bb   Thumb Code    12  aps.o(.text)
    apsInit                                  0x000028c7   Thumb Code    62  aps.o(.text)
    aplRegisterEndPoint                      0x00002905   Thumb Code    40  aps.o(.text)
    aplFmtSendMSG                            0x0000292d   Thumb Code   212  aps.o(.text)
    apsRxHandoff                             0x00002a01   Thumb Code    52  aps.o(.text)
    apsRxBuffInit                            0x00002a35   Thumb Code    12  aps.o(.text)
    apsRxBuffEmpty                           0x00002a41   Thumb Code    14  aps.o(.text)
    apsGetRxPacket                           0x00002a4f   Thumb Code    18  aps.o(.text)
    conPrintROMString_func                   0x00002a91   Thumb Code    34  console.o(.text)
    conPCRLF                                 0x00002ab3   Thumb Code    10  console.o(.text)
    conPrintString                           0x00002abd   Thumb Code    34  console.o(.text)
    conPrintChar                             0x00002adf   Thumb Code    12  console.o(.text)
    conPrintUINT8_noleader                   0x00002aeb   Thumb Code    64  console.o(.text)
    conPrintUINT8                            0x00002b2b   Thumb Code    18  console.o(.text)
    conPrintUINT16                           0x00002b3d   Thumb Code    28  console.o(.text)
    conPrintUINT32                           0x00002b59   Thumb Code    48  console.o(.text)
    conPrintLADDR_bytes                      0x00002b89   Thumb Code    34  console.o(.text)
    conPrintLADDR                            0x00002bab   Thumb Code    14  console.o(.text)
    conPrintConfig                           0x00002bb9   Thumb Code    82  console.o(.text)
    dbgPrintMacPacketFCS                     0x00002c39   Thumb Code    38  debug.o(.text)
    dbgPrintAfPacket                         0x00002c5f   Thumb Code   158  debug.o(.text)
    dbgPrintApsPacket                        0x00002cfd   Thumb Code   372  debug.o(.text)
    dbgPrintNwkPacket                        0x00002e71   Thumb Code   264  debug.o(.text)
    dbgPrintMacPacket                        0x00003211   Thumb Code  1106  debug.o(.text)
    dbgPrintPacket                           0x00003663   Thumb Code    54  debug.o(.text)
    dbgPrintNeighborTable                    0x00003699   Thumb Code   298  debug.o(.text)
    macInit                                  0x000037ed   Thumb Code    98  mac.o(.text)
    macWarmStartRadio                        0x0000384f   Thumb Code    78  mac.o(.text)
    macSetPANID                              0x0000389d   Thumb Code    18  mac.o(.text)
    macInitRadio                             0x000038af   Thumb Code    98  mac.o(.text)
    macGetPANID                              0x00003911   Thumb Code     6  mac.o(.text)
    macSetChannel                            0x00003917   Thumb Code    16  mac.o(.text)
    macSetShortAddr                          0x00003927   Thumb Code    18  mac.o(.text)
    macFreeRxPacket                          0x00003e3d   Thumb Code    54  mac.o(.text)
    macGetRxPacket                           0x000040c1   Thumb Code    46  mac.o(.text)
    macRxBuffEmpty                           0x000040ef   Thumb Code    24  mac.o(.text)
    macFSM                                   0x00004303   Thumb Code  1384  mac.o(.text)
    macTxCallback                            0x0000486b   Thumb Code    38  mac.o(.text)
    macRxCallback                            0x00004891   Thumb Code   110  mac.o(.text)
    macRxBuffFull                            0x000048ff   Thumb Code    34  mac.o(.text)
    memhdr_get_size                          0x00004929   Thumb Code    18  memalloc.o(.text)
    memhdr_set_size                          0x0000493b   Thumb Code    22  memalloc.o(.text)
    MemInit                                  0x00004951   Thumb Code    36  memalloc.o(.text)
    MemAlloc                                 0x00004975   Thumb Code   166  memalloc.o(.text)
    MemFree                                  0x00004a1b   Thumb Code   140  memalloc.o(.text)
    MemDump                                  0x00004aa7   Thumb Code     2  memalloc.o(.text)
    ntInitAddressMap                         0x00004aad   Thumb Code    28  neighbor.o(.text)
    ntFindAddressByLADDR                     0x00004ac9   Thumb Code   104  neighbor.o(.text)
    ntCheckAddressMapEntry                   0x00004b31   Thumb Code   124  neighbor.o(.text)
    ntNewAddressMapEntry                     0x00004bad   Thumb Code   140  neighbor.o(.text)
    ntAddOurselvesToAddressTable             0x00004c39   Thumb Code    20  neighbor.o(.text)
    ntFindAddressBySADDR                     0x00004c4d   Thumb Code    72  neighbor.o(.text)
    ntGetCskip                               0x00004c95   Thumb Code    70  neighbor.o(.text)
    ntGetMaxSADDR                            0x00004cdb   Thumb Code    22  neighbor.o(.text)
    ntFindBySADDR                            0x00004cf1   Thumb Code    52  neighbor.o(.text)
    ntFindByLADDR                            0x00004d25   Thumb Code    82  neighbor.o(.text)
    ntInitTable                              0x00004d77   Thumb Code    28  neighbor.o(.text)
    ntInitAddressAssignment                  0x00004d93   Thumb Code    52  neighbor.o(.text)
    ntAddNeighbor                            0x00004dc7   Thumb Code   280  neighbor.o(.text)
    ntFindNewDst                             0x00004edf   Thumb Code   154  neighbor.o(.text)
    nwkInit                                  0x00004f85   Thumb Code    26  nwk.o(.text)
    nwkTxData                                0x00004f9f   Thumb Code   396  nwk.o(.text)
    nwkCopyFwdPkt                            0x0000517f   Thumb Code   124  nwk.o(.text)
    nwkFSM                                   0x00005357   Thumb Code   410  nwk.o(.text)
    nwkRxBusy                                0x000054f1   Thumb Code    14  nwk.o(.text)
    nwkRxHandoff                             0x000054ff   Thumb Code    32  nwk.o(.text)
    nwkFindParentSADDR                       0x0000551f   Thumb Code   106  nwk.o(.text)
    nwkGetHopsToDest                         0x00005589   Thumb Code   270  nwk.o(.text)
    phyInit                                  0x000056c5   Thumb Code    18  phy.o(.text)
    phyRxCallback                            0x000056d7   Thumb Code     2  phy.o(.text)
    phyTxStartCallBack                       0x000056d9   Thumb Code    12  phy.o(.text)
    phyTxEndCallBack                         0x000056e5   Thumb Code    16  phy.o(.text)
    phyFSM                                   0x000056f5   Thumb Code   174  phy.o(.text)
    evbBindTableIterInit                     0x000057b1   Thumb Code    32  staticbind.o(.text)
    evbResolveBind                           0x000057d1   Thumb Code   168  staticbind.o(.text)
    zepInit                                  0x00005891   Thumb Code    12  zep.o(.text)
    zepFSM                                   0x0000589d   Thumb Code    64  zep.o(.text)
    zepHandleRxPacket                        0x0000590b   Thumb Code   142  zep.o(.text)
    zepFmtPing                               0x000059e5   Thumb Code    46  zep.o(.text)
    zepFmtAlarm                              0x00005a13   Thumb Code    34  zep.o(.text)
    zepFmtEndDeviceAnnounce                  0x00005a35   Thumb Code    50  zep.o(.text)
    zepFmtNodeInfoRsp                        0x00005a67   Thumb Code   126  zep.o(.text)
    OSTaskCreate                             0x00005b09   Thumb Code   138  os_task.o(.text)
    OSTaskResume                             0x00005b93   Thumb Code   100  os_task.o(.text)
    OSTaskSuspend                            0x00005bf7   Thumb Code   108  os_task.o(.text)
    OS_TaskIdle                              0x00005c7d   Thumb Code    28  os_core.o(.text)
    OSInit                                   0x00005d37   Thumb Code    32  os_core.o(.text)
    OSIntEnter                               0x00005d57   Thumb Code    28  os_core.o(.text)
    OSIntExit                                0x00005d73   Thumb Code   124  os_core.o(.text)
    OSSchedLock                              0x00005def   Thumb Code    38  os_core.o(.text)
    OS_Sched                                 0x00005e15   Thumb Code    88  os_core.o(.text)
    OSSchedUnlock                            0x00005e6d   Thumb Code    66  os_core.o(.text)
    OSStart                                  0x00005eaf   Thumb Code    68  os_core.o(.text)
    OSTimeTick                               0x00005ef3   Thumb Code    96  os_core.o(.text)
    OSVersion                                0x00005f53   Thumb Code     4  os_core.o(.text)
    OS_TCBInit                               0x00005f57   Thumb Code   180  os_core.o(.text)
    OSInitHookBegin                          0x0000605d   Thumb Code     2  os_cpu_c.o(.text)
    OSInitHookEnd                            0x0000605f   Thumb Code     2  os_cpu_c.o(.text)
    OSTaskCreateHook                         0x00006061   Thumb Code     2  os_cpu_c.o(.text)
    OSTaskDelHook                            0x00006063   Thumb Code     2  os_cpu_c.o(.text)
    OSTaskIdleHook                           0x00006065   Thumb Code     2  os_cpu_c.o(.text)
    OSTaskStatHook                           0x00006067   Thumb Code     2  os_cpu_c.o(.text)
    OSTaskStkInit                            0x00006069   Thumb Code   154  os_cpu_c.o(.text)
    OSTaskSwHook                             0x00006103   Thumb Code     2  os_cpu_c.o(.text)
    OSTCBInitHook                            0x00006105   Thumb Code     2  os_cpu_c.o(.text)
    OSTimeTickHook                           0x00006107   Thumb Code     2  os_cpu_c.o(.text)
    Kitronix320x240x16_SSD2119Init           0x00006323   Thumb Code   656  kitronix320x240x16_ssd2119_8bit.o(.text)
    PinoutSet                                0x00006de7   Thumb Code   174  set_pinout.o(.text)
    main                                     0x00006f5d   Thumb Code    30  main.o(.text)
    isprint                                  0x00006fa1   Thumb Code    18  isprint.o(.text)
    __2sprintf                               0x00006fb5   Thumb Code    34  noretval__2sprintf.o(.text)
    __printf                                 0x00006fdd   Thumb Code   104  __printf.o(.text)
    _printf_int_dec                          0x00007045   Thumb Code   102  _printf_dec.o(.text)
    strcpy                                   0x000070bd   Thumb Code    72  strcpy.o(.text)
    strncmp                                  0x00007105   Thumb Code   150  strncmp.o(.text)
    __aeabi_memcpy                           0x0000719b   Thumb Code     0  rt_memcpy_v6.o(.text)
    __rt_memcpy                              0x0000719b   Thumb Code   138  rt_memcpy_v6.o(.text)
    _memcpy_lastbytes                        0x00007201   Thumb Code     0  rt_memcpy_v6.o(.text)
    __aeabi_memclr                           0x00007225   Thumb Code     0  rt_memclr.o(.text)
    __rt_memclr                              0x00007225   Thumb Code    68  rt_memclr.o(.text)
    _memset                                  0x00007229   Thumb Code     0  rt_memclr.o(.text)
    __aeabi_memclr4                          0x00007269   Thumb Code     0  rt_memclr_w.o(.text)
    __aeabi_memclr8                          0x00007269   Thumb Code     0  rt_memclr_w.o(.text)
    __rt_memclr_w                            0x00007269   Thumb Code    78  rt_memclr_w.o(.text)
    _memset_w                                0x0000726d   Thumb Code     0  rt_memclr_w.o(.text)
    __use_two_region_memory                  0x000072b7   Thumb Code     2  heapauxi.o(.text)
    __rt_heap_escrow$2region                 0x000072b9   Thumb Code     2  heapauxi.o(.text)
    __rt_heap_expand$2region                 0x000072bb   Thumb Code     2  heapauxi.o(.text)
    __rt_ctype_table                         0x000072bd   Thumb Code    16  rt_ctype_table.o(.text)
    __read_errno                             0x000072cd   Thumb Code    10  _rserrno.o(.text)
    __set_errno                              0x000072d7   Thumb Code    12  _rserrno.o(.text)
    _printf_int_common                       0x000072e3   Thumb Code   184  _printf_intcommon.o(.text)
    _printf_char_common                      0x000073a7   Thumb Code    32  _printf_char_common.o(.text)
    _sputc                                   0x000073cd   Thumb Code    10  _sputc.o(.text)
    __strtod_int                             0x00007415   Thumb Code    88  strtod.o(.text)
    __aeabi_memcpy4                          0x00007479   Thumb Code     0  rt_memcpy_w.o(.text)
    __aeabi_memcpy8                          0x00007479   Thumb Code     0  rt_memcpy_w.o(.text)
    __rt_memcpy_w                            0x00007479   Thumb Code   100  rt_memcpy_w.o(.text)
    _memcpy_lastbytes_aligned                0x000074c1   Thumb Code     0  rt_memcpy_w.o(.text)
    __rt_locale                              0x000074dd   Thumb Code     8  rt_locale_intlibspace.o(.text)
    __aeabi_errno_addr                       0x000074e5   Thumb Code     8  rt_errno_addr_intlibspace.o(.text)
    __errno$intlibspace                      0x000074e5   Thumb Code     0  rt_errno_addr_intlibspace.o(.text)
    __rt_errno_addr$intlibspace              0x000074e5   Thumb Code     0  rt_errno_addr_intlibspace.o(.text)
    isspace                                  0x000074ed   Thumb Code    18  isspace.o(.text)
    _sgetc                                   0x000074ff   Thumb Code    30  _sgetc.o(.text)
    _sbackspace                              0x0000751d   Thumb Code    34  _sgetc.o(.text)
    __user_libspace                          0x00007541   Thumb Code     8  libspace.o(.text)
    __user_perproc_libspace                  0x00007541   Thumb Code     0  libspace.o(.text)
    __user_perthread_libspace                0x00007541   Thumb Code     0  libspace.o(.text)
    __user_setup_stackheap                   0x00007549   Thumb Code    74  sys_stackheap_outer.o(.text)
    _scanf_really_real                       0x0000778d   Thumb Code   672  scanf_fp.o(.text)
    exit                                     0x00007a39   Thumb Code    12  exit.o(.text)
    strcmp                                   0x00007a45   Thumb Code   128  strcmpv7m.o(.text)
    _btod_etento                             0x00007ac5   Thumb Code   222  bigflt0.o(.text)
    _scanf_really_hex_real                   0x00007ba9   Thumb Code   776  scanf_hexfp.o(.text)
    _scanf_really_infnan                     0x00007ebd   Thumb Code   298  scanf_infnan.o(.text)
    _sys_exit                                0x00007ff9   Thumb Code     8  sys_exit.o(.text)
    __aeabi_llsl                             0x00008005   Thumb Code     0  llshl.o(.text)
    _ll_shift_l                              0x00008005   Thumb Code    38  llshl.o(.text)
    _chval                                   0x0000802b   Thumb Code    28  _chval.o(.text)
    __I$use$semihosting                      0x00008047   Thumb Code     0  use_no_semi.o(.text)
    __use_no_semihosting_swi                 0x00008047   Thumb Code     2  use_no_semi.o(.text)
    __btod_div_common                        0x00008049   Thumb Code   696  btod.o(CL$$btod_div_common)
    __semihosting_library_function           0x00008049   Thumb Code     0  indicate_semi.o(.text)
    _e2d                                     0x00008381   Thumb Code    80  btod.o(CL$$btod_e2d)
    _e2e                                     0x000083d5   Thumb Code   198  btod.o(CL$$btod_e2e)
    _btod_ediv                               0x0000849b   Thumb Code    40  btod.o(CL$$btod_ediv)
    _btod_edivd                              0x000084c3   Thumb Code    40  btod.o(CL$$btod_edivd)
    _btod_emul                               0x000084eb   Thumb Code    40  btod.o(CL$$btod_emul)
    _btod_emuld                              0x00008513   Thumb Code    40  btod.o(CL$$btod_emuld)
    __btod_mult_common                       0x0000853b   Thumb Code   580  btod.o(CL$$btod_mult_common)
    OS_ENTER_CRITICAL                        0x00008781   Thumb Code     0  os_cpu_a.o(UCOSII_ASM)
    OS_EXIT_CRITICAL                         0x00008793   Thumb Code     0  os_cpu_a.o(UCOSII_ASM)
    OSStartHighRdy                           0x000087ad   Thumb Code     0  os_cpu_a.o(UCOSII_ASM)
    OSCtxSw                                  0x000087cf   Thumb Code     0  os_cpu_a.o(UCOSII_ASM)
    OSIntCtxSw                               0x000087dd   Thumb Code     0  os_cpu_a.o(UCOSII_ASM)
    OSPendSV                                 0x000087ed   Thumb Code     0  os_cpu_a.o(UCOSII_ASM)
    intDisAll                                0x0000883b   Thumb Code     0  os_cpu_a.o(UCOSII_ASM)
    EPIAddressMapSet                         0x00008869   Thumb Code     4  epi.o(i.EPIAddressMapSet)
    EPIConfigGPModeSet                       0x0000886d   Thumb Code    34  epi.o(i.EPIConfigGPModeSet)
    EPIConfigHB8Set                          0x0000888f   Thumb Code    46  epi.o(i.EPIConfigHB8Set)
    EPIConfigSDRAMSet                        0x000088bd   Thumb Code    12  epi.o(i.EPIConfigSDRAMSet)
    EPIDividerSet                            0x000088c9   Thumb Code     4  epi.o(i.EPIDividerSet)
    EPIModeSet                               0x000088cd   Thumb Code     4  epi.o(i.EPIModeSet)
    GPIODirModeSet                           0x000088d1   Thumb Code    40  gpio.o(i.GPIODirModeSet)
    GPIOIntTypeSet                           0x000088f9   Thumb Code    58  gpio.o(i.GPIOIntTypeSet)
    GPIOPadConfigSet                         0x00008933   Thumb Code   176  gpio.o(i.GPIOPadConfigSet)
    GPIOPinIntClear                          0x000089e3   Thumb Code     6  gpio.o(i.GPIOPinIntClear)
    GPIOPinIntEnable                         0x000089e9   Thumb Code    12  gpio.o(i.GPIOPinIntEnable)
    GPIOPinIntStatus                         0x000089f5   Thumb Code    14  gpio.o(i.GPIOPinIntStatus)
    GPIOPinRead                              0x00008a03   Thumb Code     6  gpio.o(i.GPIOPinRead)
    GPIOPinTypeGPIOInput                     0x00008a09   Thumb Code    28  gpio.o(i.GPIOPinTypeGPIOInput)
    GPIOPinTypeGPIOOutput                    0x00008a25   Thumb Code    28  gpio.o(i.GPIOPinTypeGPIOOutput)
    GPIOPinTypeI2C                           0x00008a41   Thumb Code    28  gpio.o(i.GPIOPinTypeI2C)
    GPIOPinTypeSSI                           0x00008a5d   Thumb Code    28  gpio.o(i.GPIOPinTypeSSI)
    GPIOPinTypeUART                          0x00008a79   Thumb Code    28  gpio.o(i.GPIOPinTypeUART)
    GPIOPinWrite                             0x00008a95   Thumb Code     6  gpio.o(i.GPIOPinWrite)
    GrContextInit                            0x00008a9b   Thumb Code    32  context.o(i.GrContextInit)
    GrLineDrawH                              0x00008abb   Thumb Code    88  line.o(i.GrLineDrawH)
    GrLineDrawV                              0x00008b13   Thumb Code    82  line.o(i.GrLineDrawV)
    GrRectDraw                               0x00008b65   Thumb Code   108  rectangle.o(i.GrRectDraw)
    GrRectFill                               0x00008bd1   Thumb Code   180  rectangle.o(i.GrRectFill)
    GrStringDraw                             0x00008c85   Thumb Code   678  string.o(i.GrStringDraw)
    GrStringWidthGet                         0x00008f2b   Thumb Code    66  string.o(i.GrStringWidthGet)
    I2CMasterControl                         0x00008f6d   Thumb Code     4  i2c.o(i.I2CMasterControl)
    I2CMasterDataGet                         0x00008f71   Thumb Code     4  i2c.o(i.I2CMasterDataGet)
    I2CMasterDataPut                         0x00008f75   Thumb Code     4  i2c.o(i.I2CMasterDataPut)
    I2CMasterEnable                          0x00008f79   Thumb Code    10  i2c.o(i.I2CMasterEnable)
    I2CMasterErr                             0x00008f83   Thumb Code    24  i2c.o(i.I2CMasterErr)
    I2CMasterInitExpClk                      0x00008f9d   Thumb Code    42  i2c.o(i.I2CMasterInitExpClk)
    I2CMasterIntClear                        0x00008fd1   Thumb Code     8  i2c.o(i.I2CMasterIntClear)
    I2CMasterIntStatus                       0x00008fd9   Thumb Code    24  i2c.o(i.I2CMasterIntStatus)
    I2CMasterSlaveAddrSet                    0x00008ff1   Thumb Code     8  i2c.o(i.I2CMasterSlaveAddrSet)
    IntDisable                               0x00008ff9   Thumb Code   104  interrupt.o(i.IntDisable)
    IntEnable                                0x00009061   Thumb Code   104  interrupt.o(i.IntEnable)
    IntMasterDisable                         0x000090c9   Thumb Code    10  interrupt.o(i.IntMasterDisable)
    IntMasterEnable                          0x000090d3   Thumb Code    10  interrupt.o(i.IntMasterEnable)
    SSIConfigSetExpClk                       0x000090dd   Thumb Code    76  ssi.o(i.SSIConfigSetExpClk)
    SSIDataGet                               0x00009129   Thumb Code    14  ssi.o(i.SSIDataGet)
    SSIDataPut                               0x00009137   Thumb Code    12  ssi.o(i.SSIDataPut)
    SSIEnable                                0x00009143   Thumb Code    10  ssi.o(i.SSIEnable)
    SysCtlClockGet                           0x0000914d   Thumb Code   438  sysctl.o(i.SysCtlClockGet)
    SysCtlClockSet                           0x00009331   Thumb Code   288  sysctl.o(i.SysCtlClockSet)
    SysCtlLDOSet                             0x00009469   Thumb Code     6  sysctl.o(i.SysCtlLDOSet)
    SysCtlPeripheralDisable                  0x00009475   Thumb Code    28  sysctl.o(i.SysCtlPeripheralDisable)
    SysCtlPeripheralEnable                   0x00009495   Thumb Code    26  sysctl.o(i.SysCtlPeripheralEnable)
    SysCtlPeripheralReset                    0x000094b5   Thumb Code    50  sysctl.o(i.SysCtlPeripheralReset)
    SysCtlSleep                              0x000094ed   Thumb Code     4  sysctl.o(i.SysCtlSleep)
    SysTickEnable                            0x000094f1   Thumb Code    14  systick.o(i.SysTickEnable)
    SysTickIntEnable                         0x000094ff   Thumb Code    14  systick.o(i.SysTickIntEnable)
    SysTickPeriodSet                         0x0000950d   Thumb Code    10  systick.o(i.SysTickPeriodSet)
    TimerConfigure                           0x00009517   Thumb Code    28  timer.o(i.TimerConfigure)
    TimerEnable                              0x00009533   Thumb Code    14  timer.o(i.TimerEnable)
    TimerIntClear                            0x00009541   Thumb Code     4  timer.o(i.TimerIntClear)
    TimerIntDisable                          0x00009545   Thumb Code    10  timer.o(i.TimerIntDisable)
    TimerIntEnable                           0x0000954f   Thumb Code     8  timer.o(i.TimerIntEnable)
    TimerLoadSet                             0x00009557   Thumb Code    18  timer.o(i.TimerLoadSet)
    TimerPrescaleSet                         0x00009569   Thumb Code    18  timer.o(i.TimerPrescaleSet)
    TimerValueGet                            0x0000957b   Thumb Code    10  timer.o(i.TimerValueGet)
    UARTCharGetNonBlocking                   0x00009585   Thumb Code    16  uart.o(i.UARTCharGetNonBlocking)
    UARTCharPut                              0x00009595   Thumb Code    12  uart.o(i.UARTCharPut)
    UARTCharsAvail                           0x000095a1   Thumb Code    10  uart.o(i.UARTCharsAvail)
    UARTConfigSetExpClk                      0x000095ab   Thumb Code   110  uart.o(i.UARTConfigSetExpClk)
    UARTEnable                               0x00009619   Thumb Code    20  uart.o(i.UARTEnable)
    UARTFIFOLevelSet                         0x0000962d   Thumb Code     6  uart.o(i.UARTFIFOLevelSet)
    UARTIntClear                             0x00009633   Thumb Code     4  uart.o(i.UARTIntClear)
    UARTIntDisable                           0x00009637   Thumb Code    10  uart.o(i.UARTIntDisable)
    UARTIntEnable                            0x00009641   Thumb Code     8  uart.o(i.UARTIntEnable)
    UARTIntStatus                            0x00009649   Thumb Code    10  uart.o(i.UARTIntStatus)
    __mathlib_dbl_underflow                  0x00009655   Thumb Code    10  dunder.o(i.__mathlib_dbl_underflow)
    __mathlib_narrow                         0x00009665   Thumb Code    16  narrow.o(i.__mathlib_narrow)
    __mathlib_tofloat                        0x00009675   Thumb Code   132  narrow.o(i.__mathlib_tofloat)
    __support_ldexp                          0x000096fd   Thumb Code    22  ldexp.o(i.__support_ldexp)
    _is_digit                                0x00009713   Thumb Code    14  __printf_wp.o(i._is_digit)
    atof                                     0x00009721   Thumb Code    42  atof.o(i.atof)
    frexp                                    0x0000974d   Thumb Code    80  frexp.o(i.frexp)
    ldexp                                    0x000097a5   Thumb Code   126  ldexp.o(i.ldexp)
    _get_lc_ctype                            0x00009825   Thumb Code    44  lc_ctype_c.o(locale$$code)
    _get_lc_numeric                          0x00009851   Thumb Code    44  lc_numeric_c.o(locale$$code)
    __aeabi_d2f                              0x0000987d   Thumb Code     0  d2f.o(x$fpl$d2f)
    _d2f                                     0x0000987d   Thumb Code    98  d2f.o(x$fpl$d2f)
    __fpl_dcheck_NaN1                        0x000098e1   Thumb Code    10  dcheck1.o(x$fpl$dcheck1)
    __fpl_dcmp_Inf                           0x000098f1   Thumb Code    24  dcmpi.o(x$fpl$dcmpinf)
    __aeabi_cdcmpeq                          0x00009909   Thumb Code     0  deqf.o(x$fpl$deqf)
    _dcmpeq                                  0x00009909   Thumb Code   120  deqf.o(x$fpl$deqf)
    __aeabi_d2iz                             0x00009981   Thumb Code     0  dfix.o(x$fpl$dfix)
    _dfix                                    0x00009981   Thumb Code    94  dfix.o(x$fpl$dfix)
    __aeabi_cdcmple                          0x000099e1   Thumb Code     0  dleqf.o(x$fpl$dleqf)
    _dcmple                                  0x000099e1   Thumb Code   120  dleqf.o(x$fpl$dleqf)
    __fpl_dcmple_InfNaN                      0x00009a43   Thumb Code     0  dleqf.o(x$fpl$dleqf)
    __fpl_dnaninf                            0x00009a59   Thumb Code   156  dnaninf.o(x$fpl$dnaninf)
    __aeabi_cdrcmple                         0x00009af5   Thumb Code     0  drleqf.o(x$fpl$drleqf)
    _drcmple                                 0x00009af5   Thumb Code   108  drleqf.o(x$fpl$drleqf)
    __fpl_fcmp_Inf                           0x00009b61   Thumb Code    24  fcmpi.o(x$fpl$fcmpinf)
    __aeabi_f2iz                             0x00009b79   Thumb Code     0  ffix.o(x$fpl$ffix)
    _ffix                                    0x00009b79   Thumb Code    54  ffix.o(x$fpl$ffix)
    __aeabi_cfcmple                          0x00009bb1   Thumb Code     0  fleqf.o(x$fpl$fleqf)
    _fcmple                                  0x00009bb1   Thumb Code   104  fleqf.o(x$fpl$fleqf)
    __fpl_fcmple_InfNaN                      0x00009c03   Thumb Code     0  fleqf.o(x$fpl$fleqf)
    __fpl_fnaninf                            0x00009c19   Thumb Code   140  fnaninf.o(x$fpl$fnaninf)
    __fpl_fretinf                            0x00009ca5   Thumb Code    10  fretinf.o(x$fpl$fretinf)
    __aeabi_cfrcmple                         0x00009caf   Thumb Code     0  frleqf.o(x$fpl$frleqf)
    _frcmple                                 0x00009caf   Thumb Code    98  frleqf.o(x$fpl$frleqf)
    __fpl_return_NaN                         0x00009d11   Thumb Code   100  retnan.o(x$fpl$retnan)
    __ARM_scalbn                             0x00009d75   Thumb Code    92  scalbn.o(x$fpl$scalbn)
    _scanf_real                              0x00009dd1   Thumb Code     4  scanf1.o(x$fpl$scanf1)
    _scanf_hex_real                          0x00009dd5   Thumb Code     4  scanf2.o(x$fpl$scanf2)
    _scanf_infnan                            0x00009dd9   Thumb Code     4  scanf2.o(x$fpl$scanf2)
    __fpl_cmpreturn                          0x00009ddd   Thumb Code    48  trapv.o(x$fpl$trapveneer)
    __I$use$fp                               0x00009e0c   Number         0  usenofp.o(x$fpl$usenofp)
    OSMapTbl                                 0x0000a3a8   Data           8  os_core.o(.constdata)
    OSUnMapTbl                               0x0000a3b0   Data         256  os_core.o(.constdata)
    g_sKitronix320x240x16_SSD2119            0x0000a4b0   Data          40  kitronix320x240x16_ssd2119_8bit.o(.constdata)
    g_pulGPIOBase                            0x0000a4d8   Data          36  set_pinout.o(.constdata)
    g_sFontCm30                              0x0000b308   Data         200  fontcm30.o(.constdata)
    g_sFontCm40                              0x0000c6bc   Data         200  fontcm40.o(.constdata)
    Region$$Table$$Base                      0x0000c8b4   Number         0  anon$$obj.o(Region$$Table)
    Region$$Table$$Limit                     0x0000c8d4   Number         0  anon$$obj.o(Region$$Table)
    __aeabi_HUGE_VAL                         0x0000c8d4   Data           0  fpconst.o(c$$dinf)
    __aeabi_HUGE_VALL                        0x0000c8d4   Data           0  fpconst.o(c$$dinf)
    __aeabi_INFINITY                         0x0000c8d4   Data           0  fpconst.o(c$$dinf)
    __dInf                                   0x0000c8d4   Data           0  fpconst.o(c$$dinf)
    __huge_val                               0x0000c8d4   Data           0  fpconst.o(c$$dinf)
    __ctype                                  0x0000c8e9   Data           0  lc_ctype_c.o(locale$$data)
    last_switch_poll                         0x20000000   Data           4  evboard.o(.data)
    local_radio_flags                        0x20000008   Data           4  evboard.o(.data)
    sw_state                                 0x2000000c   Data           4  evboard.o(.data)
    GucFlag                                  0x20000014   Data           1  halstack.o(.data)
    GucIfSuccess                             0x20000015   Data           1  halstack.o(.data)
    radio_state                              0x2000001c   Data           1  halstack.o(.data)
    halMacTimerOflow                         0x2000001d   Data           1  halstack.o(.data)
    d                                        0x20000020   Data           4  target.o(.data)
    b                                        0x20000024   Data           4  target.o(.data)
    rxFlag                                   0x20000028   Data           1  target.o(.data)
    payload                                  0x20000029   Data           5  target.o(.data)
    numTimeouts                              0x2000002e   Data           2  target.o(.data)
    first_packet                             0x20000030   Data           1  target.o(.data)
    ping_cnt1                                0x20000032   Data           2  target.o(.data)
    my_timer                                 0x20000034   Data           4  target.o(.data)
    last_tx_start                            0x20000038   Data           4  target.o(.data)
    dstADDR                                  0x2000003c   Data           8  target.o(.data)
    sRect                                    0x20000044   Data           8  target.o(.data)
    ulLoop                                   0x2000004c   Data           4  target.o(.data)
    lasttemp                                 0x20000050   Data           4  target.o(.data)
    a                                        0x20000054   Data           1  target.o(.data)
    m                                        0x20000055   Data           1  target.o(.data)
    n                                        0x20000056   Data           1  target.o(.data)
    o                                        0x20000057   Data           1  target.o(.data)
    n1                                       0x20000058   Data           1  target.o(.data)
    e                                        0x2000005c   Data           4  target.o(.data)
    c                                        0x20000060   Data           4  target.o(.data)
    C                                        0x20000064   Data           4  target.o(.data)
    x                                        0x20000068   Data           4  target.o(.data)
    y                                        0x2000006c   Data           4  target.o(.data)
    Z                                        0x20000070   Data           4  target.o(.data)
    apsState                                 0x20000074   Data           1  aps.o(.data)
    apsEndPoints                             0x20000075   Data           6  aps.o(.data)
    debug_level                              0x2000007d   Data           1  debug.o(.data)
    a_mac_service                            0x20000082   Data           6  mac.o(.data)
    macState                                 0x20000088   Data           1  mac.o(.data)
    macTxFSM_status                          0x20000089   Data           1  mac.o(.data)
    nwkState                                 0x20000091   Data           1  nwk.o(.data)
    nwkDSN                                   0x20000092   Data           1  nwk.o(.data)
    phyState                                 0x20000093   Data           1  phy.o(.data)
    bindtable                                0x20000094   Data          76  staticbind.o(.data)
    zepState                                 0x200000e4   Data           1  zep.o(.data)
    zep_pib                                  0x200000e8   Data           8  zep.o(.data)
    OSCtxSwCtr                               0x200000f0   Data           4  os_core.o(.data)
    OSIntNesting                             0x200000f4   Data           1  os_core.o(.data)
    OSIntExitY                               0x200000f5   Data           1  os_core.o(.data)
    OSLockNesting                            0x200000f6   Data           1  os_core.o(.data)
    OSPrioCur                                0x200000f7   Data           1  os_core.o(.data)
    OSPrioHighRdy                            0x200000f8   Data           1  os_core.o(.data)
    OSRdyGrp                                 0x200000f9   Data           1  os_core.o(.data)
    OSRdyTbl                                 0x200000fa   Data           1  os_core.o(.data)
    OSRunning                                0x200000fb   Data           1  os_core.o(.data)
    OSTaskCtr                                0x200000fc   Data           1  os_core.o(.data)
    OSIdleCtr                                0x20000100   Data           4  os_core.o(.data)
    OSTCBCur                                 0x20000104   Data           4  os_core.o(.data)
    OSTCBFreeList                            0x20000108   Data           4  os_core.o(.data)
    OSTCBHighRdy                             0x2000010c   Data           4  os_core.o(.data)
    OSTCBList                                0x20000110   Data           4  os_core.o(.data)
    OsEnterSum                               0x20000114   Data           4  os_cpu_c.o(.data)
    WriteData                                0x20000118   Data           4  kitronix320x240x16_ssd2119_8bit.o(.data)
    WriteCommand                             0x2000011c   Data           4  kitronix320x240x16_ssd2119_8bit.o(.data)
    g_eDaughterType                          0x20000120   Data           2  set_pinout.o(.data)
    mac_addr_tbl                             0x20000124   Data         340  halneighbor.o(.bss)
    tempBuf                                  0x20000298   Data          30  target.o(.bss)
    sContext                                 0x200002b8   Data          28  target.o(.bss)
    buffer                                   0x200002d4   Data          16  target.o(.bss)
    buffer1                                  0x200002e4   Data          16  target.o(.bss)
    buffer2                                  0x200002f4   Data          16  target.o(.bss)
    buffer3                                  0x20000304   Data          16  target.o(.bss)
    buffer4                                  0x20000314   Data          16  target.o(.bss)
    buffer5                                  0x20000324   Data          16  target.o(.bss)
    buffer6                                  0x20000334   Data          16  target.o(.bss)
    buffer7                                  0x20000344   Data          16  target.o(.bss)
    buffer8                                  0x20000354   Data          16  target.o(.bss)
    buffer9                                  0x20000364   Data          16  target.o(.bss)
    buffer10                                 0x20000374   Data          16  target.o(.bss)
    buffer11                                 0x20000384   Data          16  target.o(.bss)
    buffer12                                 0x20000394   Data          16  target.o(.bss)
    buffer13                                 0x200003a4   Data          16  target.o(.bss)
    buffer14                                 0x200003b4   Data          16  target.o(.bss)
    buffer15                                 0x200003c4   Data          16  target.o(.bss)
    buffer16                                 0x200003d4   Data          16  target.o(.bss)
    buffer17                                 0x200003e4   Data          16  target.o(.bss)
    DATA                                     0x200003f4   Data          16  target.o(.bss)
    aps_pib                                  0x20000404   Data         112  aps.o(.bss)
    a_aps_service                            0x20000474   Data          10  aps.o(.bss)
    a_aps_tx_data                            0x20000480   Data          36  aps.o(.bss)
    a_aps_rx_data                            0x200004a4   Data          40  aps.o(.bss)
    indirect_data                            0x200004cc   Data          40  aps.o(.bss)
    mac_pib                                  0x200004f4   Data          96  mac.o(.bss)
    a_mac_tx_data                            0x20000554   Data          20  mac.o(.bss)
    a_mac_rx_data                            0x20000568   Data          28  mac.o(.bss)
    mem_heap                                 0x20000584   Data       10240  memalloc.o(.bss)
    mac_nbr_tbl                              0x20002d84   Data         136  neighbor.o(.bss)
    a_nwk_service                            0x20002e0c   Data          16  nwk.o(.bss)
    a_nwk_rx_data                            0x20002e1c   Data          16  nwk.o(.bss)
    nwk_pib                                  0x20002e2c   Data          48  nwk.o(.bss)
    a_nwk_tx_data                            0x20002e5c   Data          16  nwk.o(.bss)
    phy_pib                                  0x20002e6c   Data          28  phy.o(.bss)
    a_phy_service                            0x20002e88   Data          12  phy.o(.bss)
    tmpTxBuff                                0x20002e94   Data         127  phy.o(.bss)
    OSTaskIdleStk                            0x20002f14   Data         200  os_core.o(.bss)
    OSTCBPrioTbl                             0x20002fdc   Data          32  os_core.o(.bss)
    OSTCBTbl                                 0x20002ffc   Data         100  os_core.o(.bss)
    __libspace_start                         0x20005128   Data          96  libspace.o(.bss)
    __temporary_stack_top$libspace           0x20005188   Data           0  libspace.o(.bss)



==============================================================================

Memory Map of the image

  Image Entry point : 0x0000011d

  Load Region LR_IROM1 (Base: 0x00000000, Size: 0x0000cb2c, Max: 0x00040000, ABSOLUTE)

    Execution Region ER_IROM1 (Base: 0x00000000, Size: 0x0000ca08, Max: 0x00040000, ABSOLUTE)

    Base Addr    Size         Type   Attr      Idx    E Section Name        Object

    0x00000000   0x0000012c   Code   RO          190  * RESET               startup.o
    0x0000012c   0x00000008   Code   RO         2716  * !!!main             c_w.l(__main.o)
    0x00000134   0x00000034   Code   RO         3025    !!!scatter          c_w.l(__scatter.o)
    0x00000168   0x0000001a   Code   RO         3027    !!handler_copy      c_w.l(__scatter_copy.o)
    0x00000182   0x00000002   PAD
    0x00000184   0x0000001c   Code   RO         3029    !!handler_zi        c_w.l(__scatter_zi.o)
    0x000001a0   0x00000000   Code   RO         2703    .ARM.Collect$$_printf_percent$$00000000  c_w.l(_printf_percent.o)
    0x000001a0   0x00000006   Code   RO         2702    .ARM.Collect$$_printf_percent$$00000009  c_w.l(_printf_d.o)
    0x000001a6   0x00000004   Code   RO         2745    .ARM.Collect$$_printf_percent$$00000017  c_w.l(_printf_percent_end.o)
    0x000001aa   0x00000002   Code   RO         2816    .ARM.Collect$$libinit$$00000000  c_w.l(libinit.o)
    0x000001ac   0x00000000   Code   RO         2818    .ARM.Collect$$libinit$$00000002  c_w.l(libinit2.o)
    0x000001ac   0x00000000   Code   RO         2821    .ARM.Collect$$libinit$$00000008  c_w.l(libinit2.o)
    0x000001ac   0x00000000   Code   RO         2823    .ARM.Collect$$libinit$$0000000A  c_w.l(libinit2.o)
    0x000001ac   0x00000000   Code   RO         2825    .ARM.Collect$$libinit$$0000000C  c_w.l(libinit2.o)
    0x000001ac   0x00000006   Code   RO         2826    .ARM.Collect$$libinit$$0000000D  c_w.l(libinit2.o)
    0x000001b2   0x00000000   Code   RO         2828    .ARM.Collect$$libinit$$0000000F  c_w.l(libinit2.o)
    0x000001b2   0x0000000c   Code   RO         2829    .ARM.Collect$$libinit$$00000010  c_w.l(libinit2.o)
    0x000001be   0x00000000   Code   RO         2830    .ARM.Collect$$libinit$$00000011  c_w.l(libinit2.o)
    0x000001be   0x00000000   Code   RO         2832    .ARM.Collect$$libinit$$00000013  c_w.l(libinit2.o)
    0x000001be   0x0000000a   Code   RO         2833    .ARM.Collect$$libinit$$00000014  c_w.l(libinit2.o)
    0x000001c8   0x00000000   Code   RO         2834    .ARM.Collect$$libinit$$00000015  c_w.l(libinit2.o)
    0x000001c8   0x00000000   Code   RO         2836    .ARM.Collect$$libinit$$00000017  c_w.l(libinit2.o)
    0x000001c8   0x00000000   Code   RO         2838    .ARM.Collect$$libinit$$00000019  c_w.l(libinit2.o)
    0x000001c8   0x00000000   Code   RO         2840    .ARM.Collect$$libinit$$0000001B  c_w.l(libinit2.o)
    0x000001c8   0x00000000   Code   RO         2842    .ARM.Collect$$libinit$$0000001D  c_w.l(libinit2.o)
    0x000001c8   0x00000000   Code   RO         2844    .ARM.Collect$$libinit$$0000001F  c_w.l(libinit2.o)
    0x000001c8   0x00000000   Code   RO         2846    .ARM.Collect$$libinit$$00000021  c_w.l(libinit2.o)
    0x000001c8   0x00000000   Code   RO         2848    .ARM.Collect$$libinit$$00000023  c_w.l(libinit2.o)
    0x000001c8   0x00000000   Code   RO         2852    .ARM.Collect$$libinit$$0000002A  c_w.l(libinit2.o)
    0x000001c8   0x00000000   Code   RO         2854    .ARM.Collect$$libinit$$0000002C  c_w.l(libinit2.o)
    0x000001c8   0x00000000   Code   RO         2856    .ARM.Collect$$libinit$$0000002E  c_w.l(libinit2.o)
    0x000001c8   0x00000000   Code   RO         2858    .ARM.Collect$$libinit$$00000030  c_w.l(libinit2.o)
    0x000001c8   0x00000002   Code   RO         2859    .ARM.Collect$$libinit$$00000031  c_w.l(libinit2.o)
    0x000001ca   0x00000002   Code   RO         2947    .ARM.Collect$$libshutdown$$00000000  c_w.l(libshutdown.o)
    0x000001cc   0x00000000   Code   RO         2977    .ARM.Collect$$libshutdown$$00000003  c_w.l(libshutdown2.o)
    0x000001cc   0x00000000   Code   RO         2980    .ARM.Collect$$libshutdown$$00000006  c_w.l(libshutdown2.o)
    0x000001cc   0x00000000   Code   RO         2983    .ARM.Collect$$libshutdown$$00000009  c_w.l(libshutdown2.o)
    0x000001cc   0x00000000   Code   RO         2985    .ARM.Collect$$libshutdown$$0000000B  c_w.l(libshutdown2.o)
    0x000001cc   0x00000000   Code   RO         2988    .ARM.Collect$$libshutdown$$0000000E  c_w.l(libshutdown2.o)
    0x000001cc   0x00000002   Code   RO         2989    .ARM.Collect$$libshutdown$$0000000F  c_w.l(libshutdown2.o)
    0x000001ce   0x00000000   Code   RO         2734    .ARM.Collect$$rtentry$$00000000  c_w.l(rtentry.o)
    0x000001ce   0x00000000   Code   RO         2760    .ARM.Collect$$rtentry$$00000002  c_w.l(rtentry2.o)
    0x000001ce   0x00000006   Code   RO         2772    .ARM.Collect$$rtentry$$00000004  c_w.l(rtentry4.o)
    0x000001d4   0x00000000   Code   RO         2762    .ARM.Collect$$rtentry$$00000009  c_w.l(rtentry2.o)
    0x000001d4   0x00000004   Code   RO         2763    .ARM.Collect$$rtentry$$0000000A  c_w.l(rtentry2.o)
    0x000001d8   0x00000000   Code   RO         2765    .ARM.Collect$$rtentry$$0000000C  c_w.l(rtentry2.o)
    0x000001d8   0x00000008   Code   RO         2766    .ARM.Collect$$rtentry$$0000000D  c_w.l(rtentry2.o)
    0x000001e0   0x00000002   Code   RO         2860    .ARM.Collect$$rtexit$$00000000  c_w.l(rtexit.o)
    0x000001e2   0x00000000   Code   RO         2909    .ARM.Collect$$rtexit$$00000002  c_w.l(rtexit2.o)
    0x000001e2   0x00000004   Code   RO         2910    .ARM.Collect$$rtexit$$00000003  c_w.l(rtexit2.o)
    0x000001e6   0x00000006   Code   RO         2911    .ARM.Collect$$rtexit$$00000004  c_w.l(rtexit2.o)
    0x000001ec   0x00000006   Code   RO         1890    .emb_text           driverlib.lib(sysctl.o)
    0x000001f2   0x00000002   PAD
    0x000001f4   0x00000026   Code   RO         2660    .emb_text           driverlib.lib(cpu.o)
    0x0000021a   0x00000002   PAD
    0x0000021c   0x0000098c   Code   RO            1    .text               evboard.o
    0x00000ba8   0x00000244   Code   RO          116    .text               evbradio.o
    0x00000dec   0x00000390   Code   RO          156    .text               halstack.o
    0x0000117c   0x0000001c   Code   RO          191    .text               startup.o
    0x00001198   0x00000a2c   Code   RO          197    .text               target.o
    0x00001bc4   0x00000ecc   Code   RO          398    .text               aps.o
    0x00002a90   0x000001a8   Code   RO          472    .text               console.o
    0x00002c38   0x00000bb4   Code   RO          507    .text               debug.o
    0x000037ec   0x0000113c   Code   RO          530    .text               mac.o
    0x00004928   0x00000184   Code   RO          550    .text               memalloc.o
    0x00004aac   0x000004d8   Code   RO          575    .text               neighbor.o
    0x00004f84   0x00000740   Code   RO          594    .text               nwk.o
    0x000056c4   0x000000ec   Code   RO          619    .text               phy.o
    0x000057b0   0x000000e0   Code   RO          638    .text               staticbind.o
    0x00005890   0x00000278   Code   RO          664    .text               zep.o
    0x00005b08   0x00000174   Code   RO          806    .text               os_task.o
    0x00005c7c   0x000003e0   Code   RO          830    .text               os_core.o
    0x0000605c   0x000000ac   Code   RO          850    .text               os_cpu_c.o
    0x00006108   0x0000081c   Code   RO          878    .text               kitronix320x240x16_ssd2119_8bit.o
    0x00006924   0x000005b0   Code   RO          935    .text               set_pinout.o
    0x00006ed4   0x000000cc   Code   RO          960    .text               main.o
    0x00006fa0   0x00000012   Code   RO         2672    .text               c_w.l(isprint.o)
    0x00006fb2   0x00000002   PAD
    0x00006fb4   0x00000028   Code   RO         2676    .text               c_w.l(noretval__2sprintf.o)
    0x00006fdc   0x00000068   Code   RO         2678    .text               c_w.l(__printf.o)
    0x00007044   0x00000078   Code   RO         2680    .text               c_w.l(_printf_dec.o)
    0x000070bc   0x00000048   Code   RO         2704    .text               c_w.l(strcpy.o)
    0x00007104   0x00000096   Code   RO         2706    .text               c_w.l(strncmp.o)
    0x0000719a   0x0000008a   Code   RO         2708    .text               c_w.l(rt_memcpy_v6.o)
    0x00007224   0x00000044   Code   RO         2710    .text               c_w.l(rt_memclr.o)
    0x00007268   0x0000004e   Code   RO         2712    .text               c_w.l(rt_memclr_w.o)
    0x000072b6   0x00000006   Code   RO         2714    .text               c_w.l(heapauxi.o)
    0x000072bc   0x00000010   Code   RO         2735    .text               c_w.l(rt_ctype_table.o)
    0x000072cc   0x00000016   Code   RO         2737    .text               c_w.l(_rserrno.o)
    0x000072e2   0x000000b8   Code   RO         2739    .text               c_w.l(_printf_intcommon.o)
    0x0000739a   0x00000002   PAD
    0x0000739c   0x00000030   Code   RO         2741    .text               c_w.l(_printf_char_common.o)
    0x000073cc   0x0000000a   Code   RO         2743    .text               c_w.l(_sputc.o)
    0x000073d6   0x00000002   PAD
    0x000073d8   0x000000a0   Code   RO         2746    .text               c_w.l(strtod.o)
    0x00007478   0x00000064   Code   RO         2748    .text               c_w.l(rt_memcpy_w.o)
    0x000074dc   0x00000008   Code   RO         2777    .text               c_w.l(rt_locale_intlibspace.o)
    0x000074e4   0x00000008   Code   RO         2782    .text               c_w.l(rt_errno_addr_intlibspace.o)
    0x000074ec   0x00000012   Code   RO         2784    .text               c_w.l(isspace.o)
    0x000074fe   0x00000040   Code   RO         2788    .text               c_w.l(_sgetc.o)
    0x0000753e   0x00000002   PAD
    0x00007540   0x00000008   Code   RO         2800    .text               c_w.l(libspace.o)
    0x00007548   0x0000004a   Code   RO         2803    .text               c_w.l(sys_stackheap_outer.o)
    0x00007592   0x00000002   PAD
    0x00007594   0x000004a4   Code   RO         2805    .text               c_w.l(scanf_fp.o)
    0x00007a38   0x0000000c   Code   RO         2807    .text               c_w.l(exit.o)
    0x00007a44   0x00000080   Code   RO         2809    .text               c_w.l(strcmpv7m.o)
    0x00007ac4   0x000000e4   Code   RO         2862    .text               c_w.l(bigflt0.o)
    0x00007ba8   0x00000314   Code   RO         2915    .text               c_w.l(scanf_hexfp.o)
    0x00007ebc   0x0000013c   Code   RO         2917    .text               c_w.l(scanf_infnan.o)
    0x00007ff8   0x0000000c   Code   RO         2933    .text               c_w.l(sys_exit.o)
    0x00008004   0x00000026   Code   RO         2937    .text               c_w.l(llshl.o)
    0x0000802a   0x0000001c   Code   RO         2939    .text               c_w.l(_chval.o)
    0x00008046   0x00000002   Code   RO         2966    .text               c_w.l(use_no_semi.o)
    0x00008048   0x00000000   Code   RO         2968    .text               c_w.l(indicate_semi.o)
    0x00008048   0x00000338   Code   RO         2875    CL$$btod_div_common  c_w.l(btod.o)
    0x00008380   0x00000054   Code   RO         2873    CL$$btod_e2d        c_w.l(btod.o)
    0x000083d4   0x000000c6   Code   RO         2872    CL$$btod_e2e        c_w.l(btod.o)
    0x0000849a   0x00000028   Code   RO         2869    CL$$btod_ediv       c_w.l(btod.o)
    0x000084c2   0x00000028   Code   RO         2871    CL$$btod_edivd      c_w.l(btod.o)
    0x000084ea   0x00000028   Code   RO         2868    CL$$btod_emul       c_w.l(btod.o)
    0x00008512   0x00000028   Code   RO         2870    CL$$btod_emuld      c_w.l(btod.o)
    0x0000853a   0x00000244   Code   RO         2874    CL$$btod_mult_common  c_w.l(btod.o)
    0x0000877e   0x00000002   PAD
    0x00008780   0x000000e8   Code   RO          875    UCOSII_ASM          os_cpu_a.o
    0x00008868   0x00000004   Code   RO         1099    i.EPIAddressMapSet  driverlib.lib(epi.o)
    0x0000886c   0x00000022   Code   RO         1100    i.EPIConfigGPModeSet  driverlib.lib(epi.o)
    0x0000888e   0x0000002e   Code   RO         1102    i.EPIConfigHB8Set   driverlib.lib(epi.o)
    0x000088bc   0x0000000c   Code   RO         1103    i.EPIConfigSDRAMSet  driverlib.lib(epi.o)
    0x000088c8   0x00000004   Code   RO         1104    i.EPIDividerSet     driverlib.lib(epi.o)
    0x000088cc   0x00000004   Code   RO         1113    i.EPIModeSet        driverlib.lib(epi.o)
    0x000088d0   0x00000028   Code   RO         1271    i.GPIODirModeSet    driverlib.lib(gpio.o)
    0x000088f8   0x0000003a   Code   RO         1274    i.GPIOIntTypeSet    driverlib.lib(gpio.o)
    0x00008932   0x000000b0   Code   RO         1276    i.GPIOPadConfigSet  driverlib.lib(gpio.o)
    0x000089e2   0x00000006   Code   RO         1278    i.GPIOPinIntClear   driverlib.lib(gpio.o)
    0x000089e8   0x0000000c   Code   RO         1280    i.GPIOPinIntEnable  driverlib.lib(gpio.o)
    0x000089f4   0x0000000e   Code   RO         1281    i.GPIOPinIntStatus  driverlib.lib(gpio.o)
    0x00008a02   0x00000006   Code   RO         1282    i.GPIOPinRead       driverlib.lib(gpio.o)
    0x00008a08   0x0000001c   Code   RO         1288    i.GPIOPinTypeGPIOInput  driverlib.lib(gpio.o)
    0x00008a24   0x0000001c   Code   RO         1289    i.GPIOPinTypeGPIOOutput  driverlib.lib(gpio.o)
    0x00008a40   0x0000001c   Code   RO         1291    i.GPIOPinTypeI2C    driverlib.lib(gpio.o)
    0x00008a5c   0x0000001c   Code   RO         1295    i.GPIOPinTypeSSI    driverlib.lib(gpio.o)
    0x00008a78   0x0000001c   Code   RO         1297    i.GPIOPinTypeUART   driverlib.lib(gpio.o)
    0x00008a94   0x00000006   Code   RO         1300    i.GPIOPinWrite      driverlib.lib(gpio.o)
    0x00008a9a   0x00000020   Code   RO          979    i.GrContextInit     grlib.lib(context.o)
    0x00008aba   0x00000058   Code   RO         2638    i.GrLineDrawH       grlib.lib(line.o)
    0x00008b12   0x00000052   Code   RO         2639    i.GrLineDrawV       grlib.lib(line.o)
    0x00008b64   0x0000006c   Code   RO         1031    i.GrRectDraw        grlib.lib(rectangle.o)
    0x00008bd0   0x000000b4   Code   RO         1032    i.GrRectFill        grlib.lib(rectangle.o)
    0x00008c84   0x000002a6   Code   RO         1061    i.GrStringDraw      grlib.lib(string.o)
    0x00008f2a   0x00000042   Code   RO         1065    i.GrStringWidthGet  grlib.lib(string.o)
    0x00008f6c   0x00000004   Code   RO         1488    i.I2CMasterControl  driverlib.lib(i2c.o)
    0x00008f70   0x00000004   Code   RO         1489    i.I2CMasterDataGet  driverlib.lib(i2c.o)
    0x00008f74   0x00000004   Code   RO         1490    i.I2CMasterDataPut  driverlib.lib(i2c.o)
    0x00008f78   0x0000000a   Code   RO         1492    i.I2CMasterEnable   driverlib.lib(i2c.o)
    0x00008f82   0x00000018   Code   RO         1493    i.I2CMasterErr      driverlib.lib(i2c.o)
    0x00008f9a   0x00000002   PAD
    0x00008f9c   0x00000034   Code   RO         1494    i.I2CMasterInitExpClk  driverlib.lib(i2c.o)
    0x00008fd0   0x00000008   Code   RO         1495    i.I2CMasterIntClear  driverlib.lib(i2c.o)
    0x00008fd8   0x00000018   Code   RO         1498    i.I2CMasterIntStatus  driverlib.lib(i2c.o)
    0x00008ff0   0x00000008   Code   RO         1499    i.I2CMasterSlaveAddrSet  driverlib.lib(i2c.o)
    0x00008ff8   0x00000068   Code   RO         1679    i.IntDisable        driverlib.lib(interrupt.o)
    0x00009060   0x00000068   Code   RO         1680    i.IntEnable         driverlib.lib(interrupt.o)
    0x000090c8   0x0000000a   Code   RO         1681    i.IntMasterDisable  driverlib.lib(interrupt.o)
    0x000090d2   0x0000000a   Code   RO         1682    i.IntMasterEnable   driverlib.lib(interrupt.o)
    0x000090dc   0x0000004c   Code   RO         1783    i.SSIConfigSetExpClk  driverlib.lib(ssi.o)
    0x00009128   0x0000000e   Code   RO         1786    i.SSIDataGet        driverlib.lib(ssi.o)
    0x00009136   0x0000000c   Code   RO         1788    i.SSIDataPut        driverlib.lib(ssi.o)
    0x00009142   0x0000000a   Code   RO         1791    i.SSIEnable         driverlib.lib(ssi.o)
    0x0000914c   0x000001e4   Code   RO         1895    i.SysCtlClockGet    driverlib.lib(sysctl.o)
    0x00009330   0x00000138   Code   RO         1896    i.SysCtlClockSet    driverlib.lib(sysctl.o)
    0x00009468   0x0000000c   Code   RO         1911    i.SysCtlLDOSet      driverlib.lib(sysctl.o)
    0x00009474   0x00000020   Code   RO         1919    i.SysCtlPeripheralDisable  driverlib.lib(sysctl.o)
    0x00009494   0x00000020   Code   RO         1920    i.SysCtlPeripheralEnable  driverlib.lib(sysctl.o)
    0x000094b4   0x00000038   Code   RO         1922    i.SysCtlPeripheralReset  driverlib.lib(sysctl.o)
    0x000094ec   0x00000004   Code   RO         1930    i.SysCtlSleep       driverlib.lib(sysctl.o)
    0x000094f0   0x0000000e   Code   RO         2156    i.SysTickEnable     driverlib.lib(systick.o)
    0x000094fe   0x0000000e   Code   RO         2158    i.SysTickIntEnable  driverlib.lib(systick.o)
    0x0000950c   0x0000000a   Code   RO         2162    i.SysTickPeriodSet  driverlib.lib(systick.o)
    0x00009516   0x0000001c   Code   RO         2218    i.TimerConfigure    driverlib.lib(timer.o)
    0x00009532   0x0000000e   Code   RO         2225    i.TimerEnable       driverlib.lib(timer.o)
    0x00009540   0x00000004   Code   RO         2226    i.TimerIntClear     driverlib.lib(timer.o)
    0x00009544   0x0000000a   Code   RO         2227    i.TimerIntDisable   driverlib.lib(timer.o)
    0x0000954e   0x00000008   Code   RO         2228    i.TimerIntEnable    driverlib.lib(timer.o)
    0x00009556   0x00000012   Code   RO         2233    i.TimerLoadSet      driverlib.lib(timer.o)
    0x00009568   0x00000012   Code   RO         2239    i.TimerPrescaleSet  driverlib.lib(timer.o)
    0x0000957a   0x0000000a   Code   RO         2243    i.TimerValueGet     driverlib.lib(timer.o)
    0x00009584   0x00000010   Code   RO         2389    i.UARTCharGetNonBlocking  driverlib.lib(uart.o)
    0x00009594   0x0000000c   Code   RO         2390    i.UARTCharPut       driverlib.lib(uart.o)
    0x000095a0   0x0000000a   Code   RO         2392    i.UARTCharsAvail    driverlib.lib(uart.o)
    0x000095aa   0x0000006e   Code   RO         2394    i.UARTConfigSetExpClk  driverlib.lib(uart.o)
    0x00009618   0x00000014   Code   RO         2399    i.UARTEnable        driverlib.lib(uart.o)
    0x0000962c   0x00000006   Code   RO         2404    i.UARTFIFOLevelSet  driverlib.lib(uart.o)
    0x00009632   0x00000004   Code   RO         2407    i.UARTIntClear      driverlib.lib(uart.o)
    0x00009636   0x0000000a   Code   RO         2408    i.UARTIntDisable    driverlib.lib(uart.o)
    0x00009640   0x00000008   Code   RO         2409    i.UARTIntEnable     driverlib.lib(uart.o)
    0x00009648   0x0000000a   Code   RO         2411    i.UARTIntStatus     driverlib.lib(uart.o)
    0x00009652   0x00000002   PAD
    0x00009654   0x00000010   Code   RO         2992    i.__mathlib_dbl_underflow  m_ws.l(dunder.o)
    0x00009664   0x00000010   Code   RO         2902    i.__mathlib_narrow  m_ws.l(narrow.o)
    0x00009674   0x00000088   Code   RO         2903    i.__mathlib_tofloat  m_ws.l(narrow.o)
    0x000096fc   0x00000016   Code   RO         2955    i.__support_ldexp   m_ws.l(ldexp.o)
    0x00009712   0x0000000e   Code   RO         2692    i._is_digit         c_w.l(__printf_wp.o)
    0x00009720   0x0000002a   Code   RO         2731    i.atof              m_ws.l(atof.o)
    0x0000974a   0x00000002   PAD
    0x0000974c   0x00000058   Code   RO         2928    i.frexp             m_ws.l(frexp.o)
    0x000097a4   0x0000007e   Code   RO         2956    i.ldexp             m_ws.l(ldexp.o)
    0x00009822   0x00000002   PAD
    0x00009824   0x0000002c   Code   RO         2791    locale$$code        c_w.l(lc_ctype_c.o)
    0x00009850   0x0000002c   Code   RO         2794    locale$$code        c_w.l(lc_numeric_c.o)
    0x0000987c   0x00000062   Code   RO         2718    x$fpl$d2f           fz_ws.l(d2f.o)
    0x000098de   0x00000002   PAD
    0x000098e0   0x00000010   Code   RO         2990    x$fpl$dcheck1       fz_ws.l(dcheck1.o)
    0x000098f0   0x00000018   Code   RO         2948    x$fpl$dcmpinf       fz_ws.l(dcmpi.o)
    0x00009908   0x00000078   Code   RO         2923    x$fpl$deqf          fz_ws.l(deqf.o)
    0x00009980   0x0000005e   Code   RO         2720    x$fpl$dfix          fz_ws.l(dfix.o)
    0x000099de   0x00000002   PAD
    0x000099e0   0x00000078   Code   RO         2950    x$fpl$dleqf         fz_ws.l(dleqf.o)
    0x00009a58   0x0000009c   Code   RO         2750    x$fpl$dnaninf       fz_ws.l(dnaninf.o)
    0x00009af4   0x0000006c   Code   RO         2925    x$fpl$drleqf        fz_ws.l(drleqf.o)
    0x00009b60   0x00000018   Code   RO         2796    x$fpl$fcmpinf       fz_ws.l(fcmpi.o)
    0x00009b78   0x00000036   Code   RO         2724    x$fpl$ffix          fz_ws.l(ffix.o)
    0x00009bae   0x00000002   PAD
    0x00009bb0   0x00000068   Code   RO         2752    x$fpl$fleqf         fz_ws.l(fleqf.o)
    0x00009c18   0x0000008c   Code   RO         2754    x$fpl$fnaninf       fz_ws.l(fnaninf.o)
    0x00009ca4   0x0000000a   Code   RO         2756    x$fpl$fretinf       fz_ws.l(fretinf.o)
    0x00009cae   0x00000062   Code   RO         2728    x$fpl$frleqf        fz_ws.l(frleqf.o)
    0x00009d10   0x00000064   Code   RO         2999    x$fpl$retnan        fz_ws.l(retnan.o)
    0x00009d74   0x0000005c   Code   RO         2952    x$fpl$scalbn        fz_ws.l(scalbn.o)
    0x00009dd0   0x00000004   Code   RO         2798    x$fpl$scanf1        fz_ws.l(scanf1.o)
    0x00009dd4   0x00000008   Code   RO         2896    x$fpl$scanf2        fz_ws.l(scanf2.o)
    0x00009ddc   0x00000030   Code   RO         3005    x$fpl$trapveneer    fz_ws.l(trapv.o)
    0x00009e0c   0x00000000   Code   RO         2758    x$fpl$usenofp       fz_ws.l(usenofp.o)
    0x00009e0c   0x0000000d   Data   RO            2    .constdata          evboard.o
    0x00009e19   0x0000006c   Data   RO          473    .constdata          console.o
    0x00009e85   0x00000523   Data   RO          508    .constdata          debug.o
    0x0000a3a8   0x00000108   Data   RO          832    .constdata          os_core.o
    0x0000a4b0   0x00000028   Data   RO          879    .constdata          kitronix320x240x16_ssd2119_8bit.o
    0x0000a4d8   0x00000084   Data   RO          936    .constdata          set_pinout.o
    0x0000a55c   0x00000dac   Data   RO         1003    .constdata          grlib.lib(fontcm30.o)
    0x0000b308   0x000000c8   Data   RO         1004    .constdata          grlib.lib(fontcm30.o)
    0x0000b3d0   0x000012ec   Data   RO         1017    .constdata          grlib.lib(fontcm40.o)
    0x0000c6bc   0x000000c8   Data   RO         1018    .constdata          grlib.lib(fontcm40.o)
    0x0000c784   0x0000009c   Data   RO         1933    .constdata          driverlib.lib(sysctl.o)
    0x0000c820   0x00000094   Data   RO         2863    .constdata          c_w.l(bigflt0.o)
    0x0000c8b4   0x00000020   Data   RO         3023    Region$$Table       anon$$obj.o
    0x0000c8d4   0x00000008   Data   RO         2889    c$$dinf             fz_ws.l(fpconst.o)
    0x0000c8dc   0x00000110   Data   RO         2790    locale$$data        c_w.l(lc_ctype_c.o)
    0x0000c9ec   0x0000001c   Data   RO         2793    locale$$data        c_w.l(lc_numeric_c.o)


    Execution Region RW_IRAM1 (Base: 0x20000000, Size: 0x000052f0, Max: 0x00018000, ABSOLUTE)

    Base Addr    Size         Type   Attr      Idx    E Section Name        Object

    0x20000000   0x00000012   Data   RW            3    .data               evboard.o
    0x20000012   0x00000002   PAD
    0x20000014   0x0000000c   Data   RW          158    .data               halstack.o
    0x20000020   0x00000054   Data   RW          199    .data               target.o
    0x20000074   0x00000009   Data   RW          400    .data               aps.o
    0x2000007d   0x00000001   Data   RW          509    .data               debug.o
    0x2000007e   0x00000002   PAD
    0x20000080   0x00000010   Data   RW          532    .data               mac.o
    0x20000090   0x00000003   Data   RW          596    .data               nwk.o
    0x20000093   0x00000001   Data   RW          621    .data               phy.o
    0x20000094   0x00000050   Data   RW          639    .data               staticbind.o
    0x200000e4   0x0000000c   Data   RW          665    .data               zep.o
    0x200000f0   0x00000024   Data   RW          833    .data               os_core.o
    0x20000114   0x00000004   Data   RW          851    .data               os_cpu_c.o
    0x20000118   0x00000008   Data   RW          880    .data               kitronix320x240x16_ssd2119_8bit.o
    0x20000120   0x00000002   Data   RW          937    .data               set_pinout.o
    0x20000122   0x00000002   PAD
    0x20000124   0x00000154   Zero   RW          134    .bss                halneighbor.o
    0x20000278   0x00000020   Zero   RW          157    .bss                halstack.o
    0x20000298   0x0000016c   Zero   RW          198    .bss                target.o
    0x20000404   0x000000f0   Zero   RW          399    .bss                aps.o
    0x200004f4   0x00000090   Zero   RW          531    .bss                mac.o
    0x20000584   0x00002800   Zero   RW          551    .bss                memalloc.o
    0x20002d84   0x00000088   Zero   RW          576    .bss                neighbor.o
    0x20002e0c   0x00000060   Zero   RW          595    .bss                nwk.o
    0x20002e6c   0x000000a7   Zero   RW          620    .bss                phy.o
    0x20002f13   0x00000001   PAD
    0x20002f14   0x0000014c   Zero   RW          831    .bss                os_core.o
    0x20003060   0x000020c8   Zero   RW          961    .bss                main.o
    0x20005128   0x00000060   Zero   RW         2801    .bss                c_w.l(libspace.o)
    0x20005188   0x00000064   Zero   RW          189    HEAP                startup.o
    0x200051ec   0x00000004   PAD
    0x200051f0   0x00000100   Zero   RW          188    STACK               startup.o


==============================================================================

Image component sizes


      Code (inc. data)   RO Data    RW Data    ZI Data      Debug   Object Name

      3788        184          0          9        240      17371   aps.o
       424         46        108          0          0       6702   console.o
      2996        580       1315          1          0      11413   debug.o
      2444         88         13         18          0      13989   evboard.o
       580         10          0          0          0       2429   evbradio.o
         0          0          0          0        340       2129   halneighbor.o
       912         58          0         12         32       5083   halstack.o
      2076         70         40          8          0      26320   kitronix320x240x16_ssd2119_8bit.o
      4412        182          0         16        144      12162   mac.o
       204         38          0          0       8392       1150   main.o
       388          4          0          0      10240       2910   memalloc.o
      1240         38          0          0        136       5879   neighbor.o
      1856         98          0          3         96       7768   nwk.o
       992         82        264         36        332       7038   os_core.o
       232         42          0          0          0        352   os_cpu_a.o
       172          0          0          4          0       6023   os_cpu_c.o
         0          0          0          0          0       4022   os_flag.o
       372         26          0          0          0       1614   os_task.o
       236         14          0          1        167       3170   phy.o
      1456        106        132          2          0       6508   set_pinout.o
       328        308          0          0        356        540   startup.o
       224         24          0         80          0       2574   staticbind.o
      2604        250          0         84        364      25785   target.o
       632         36          0         12          0       3515   zep.o

    ----------------------------------------------------------------------
     28568       2284       1904        292      20844     176446   Object Totals
         0          0         32          0          0          0   (incl. Generated)
         0          0          0          6          5          0   (incl. Padding)

    ----------------------------------------------------------------------

      Code (inc. data)   RO Data    RW Data    ZI Data      Debug   Library Member Name

         8          0          0          0          0         68   __main.o
       104          0          0          0          0         84   __printf.o
        14          0          0          0          0         68   __printf_wp.o
        52          8          0          0          0          0   __scatter.o
        26          0          0          0          0          0   __scatter_copy.o
        28          0          0          0          0          0   __scatter_zi.o
        28          0          0          0          0         68   _chval.o
        48          6          0          0          0         96   _printf_char_common.o
         6          0          0          0          0          0   _printf_d.o
       120         18          0          0          0         92   _printf_dec.o
       184          0          0          0          0         88   _printf_intcommon.o
         0          0          0          0          0          0   _printf_percent.o
         4          0          0          0          0          0   _printf_percent_end.o
        22          0          0          0          0        100   _rserrno.o
        64          0          0          0          0         84   _sgetc.o
        10          0          0          0          0         68   _sputc.o
       228          6        148          0          0         96   bigflt0.o
      1846        132          0          0          0        736   btod.o
        12          0          0          0          0         72   exit.o
         6          0          0          0          0        152   heapauxi.o
         0          0          0          0          0          0   indicate_semi.o
        18          0          0          0          0         76   isprint.o
        18          0          0          0          0         76   isspace.o
        44         10        272          0          0         76   lc_ctype_c.o
        44         10         28          0          0         76   lc_numeric_c.o
         2          0          0          0          0          0   libinit.o
        30          0          0          0          0          0   libinit2.o
         2          0          0          0          0          0   libshutdown.o
         2          0          0          0          0          0   libshutdown2.o
         8          4          0          0         96         68   libspace.o
        38          0          0          0          0         68   llshl.o
        40          6          0          0          0         84   noretval__2sprintf.o
        16          4          0          0          0         76   rt_ctype_table.o
         8          4          0          0          0         68   rt_errno_addr_intlibspace.o
         8          4          0          0          0         68   rt_locale_intlibspace.o
        68          0          0          0          0         68   rt_memclr.o
        78          0          0          0          0         80   rt_memclr_w.o
       138          0          0          0          0         68   rt_memcpy_v6.o
       100          0          0          0          0         80   rt_memcpy_w.o
         0          0          0          0          0          0   rtentry.o
        12          0          0          0          0          0   rtentry2.o
         6          0          0          0          0          0   rtentry4.o
         2          0          0          0          0          0   rtexit.o
        10          0          0          0          0          0   rtexit2.o
      1188         12          0          0          0        148   scanf_fp.o
       788         12          0          0          0        100   scanf_hexfp.o
       316         18          0          0          0        100   scanf_infnan.o
       128          0          0          0          0         68   strcmpv7m.o
        72          0          0          0          0         80   strcpy.o
       150          0          0          0          0         80   strncmp.o
       160         12          0          0          0        120   strtod.o
        12          4          0          0          0         68   sys_exit.o
        74          0          0          0          0         80   sys_stackheap_outer.o
         2          0          0          0          0         68   use_no_semi.o
        38          0          0          0          0        356   cpu.o
       104          0          0          0          0       5639   epi.o
       458          0          0          0          0       7473   gpio.o
       138         10          0          0          0       4800   i2c.o
       228          0          0          0          0       1994   interrupt.o
       112          0          0          0          0       2151   ssi.o
       938         92        156          0          0       5534   sysctl.o
        38          0          0          0          0       1170   systick.o
       110          0          0          0          0       3780   timer.o
       206          0          0          0          0       5398   uart.o
        98          4          0          0          0         92   d2f.o
        16          4          0          0          0         68   dcheck1.o
        24          0          0          0          0         68   dcmpi.o
       120          4          0          0          0         92   deqf.o
        94          4          0          0          0         92   dfix.o
       120          4          0          0          0         92   dleqf.o
       156          4          0          0          0         92   dnaninf.o
       108          0          0          0          0         80   drleqf.o
        24          0          0          0          0         68   fcmpi.o
        54          4          0          0          0         84   ffix.o
       104          4          0          0          0         84   fleqf.o
       140          4          0          0          0         84   fnaninf.o
         0          0          8          0          0          0   fpconst.o
        10          0          0          0          0         68   fretinf.o
        98          0          0          0          0         68   frleqf.o
       100          0          0          0          0         68   retnan.o
        92          0          0          0          0         68   scalbn.o
         4          0          0          0          0         68   scanf1.o
         8          0          0          0          0         84   scanf2.o
        48          0          0          0          0         68   trapv.o
         0          0          0          0          0          0   usenofp.o
        32          0          0          0          0      15612   context.o
         0          0       3700          0          0      15334   fontcm30.o
         0          0       5044          0          0      15334   fontcm40.o
       170          0          0          0          0       2030   line.o
       288          0          0          0          0       1991   rectangle.o
       744          0          0          0          0       3366   string.o
        42          0          0          0          0         84   atof.o
        16          6          0          0          0         68   dunder.o
        88          8          0          0          0         76   frexp.o
       148          0          0          0          0        160   ldexp.o
       152          4          0          0          0        160   narrow.o

    ----------------------------------------------------------------------
     11892        426       9356          0         96      97814   Library Totals
        32          0          0          0          0          0   (incl. Padding)

    ----------------------------------------------------------------------

      Code (inc. data)   RO Data    RW Data    ZI Data      Debug   Library Name

      6392        270        448          0         96       3816   c_w.l
      2370        102        156          0          0      38295   driverlib.lib
      1418         36          8          0          0       1488   fz_ws.l
      1234          0       8744          0          0      53667   grlib.lib
       446         18          0          0          0        548   m_ws.l

    ----------------------------------------------------------------------
     11892        426       9356          0         96      97814   Library Totals

    ----------------------------------------------------------------------

==============================================================================


      Code (inc. data)   RO Data    RW Data    ZI Data      Debug   

     40460       2710      11260        292      20940     265190   Grand Totals
     40460       2710      11260        292      20940     265190   ELF Image Totals
     40460       2710      11260        292          0          0   ROM Totals

==============================================================================

    Total RO  Size (Code + RO Data)                51720 (  50.51kB)
    Total RW  Size (RW Data + ZI Data)             21232 (  20.73kB)
    Total ROM Size (Code + RO Data + RW Data)      52012 (  50.79kB)

==============================================================================

