<!doctype html public "-//w3c//dtd html 4.0 transitional//en">
<html><head>
<title>Static Call Graph - [.\Object\LM3S_uCOS2.axf]</title></head>
<body><HR>
<H1>Static Call Graph for image .\Object\LM3S_uCOS2.axf</H1><HR>
<BR><P>#&#060CALLGRAPH&#062# ARM Linker, 5.03 [Build 76]: Last Updated: Fri Jun 09 22:35:14 2017
<BR><P>
<H3>Maximum Stack Usage =        600 bytes + Unknown(Functions without stacksize, Cycles, Untraceable Function Pointers)</H3><H3>
Call chain for Maximum Stack Depth:</H3>
taskForm &rArr; apsFSM &rArr; apsTxFSM &rArr; apsTxData &rArr; apsInjectTxPacket &rArr; apsRxFSM &rArr; usrRxPacketCallback &rArr; AnalysisPacket &rArr; atof &rArr; __strtod_int &rArr; _local_sscanf &rArr; _scanf_real &rArr; _scanf_really_real &rArr; _fp_value &rArr; _btod_etento &rArr; _btod_emul &rArr; _e2e
<P>
<H3>
Functions with no stack information
</H3><UL>
 <LI><a href="#[24]">Reset_Handler</a>
 <LI><a href="#[17b]">__user_initial_stackheap</a>
 <LI><a href="#[c8]">OS_ENTER_CRITICAL</a>
 <LI><a href="#[c9]">OS_EXIT_CRITICAL</a>
 <LI><a href="#[148]">OSStartHighRdy</a>
 <LI><a href="#[145]">OSCtxSw</a>
 <LI><a href="#[143]">OSIntCtxSw</a>
 <LI><a href="#[7]">OSPendSV</a>
 <LI><a href="#[16a]">intDisAll</a>
 <LI><a href="#[5]">NmiSR</a>
 <LI><a href="#[6]">IntDefaultHandler</a>
</UL>
</UL>
<P>
<H3>
Mutually Recursive functions
</H3> <LI><a href="#[78]">SSIDataPut</a>&nbsp;&nbsp;&nbsp;&rArr;&nbsp;&nbsp;&nbsp;<a href="#[78]">SSIDataPut</a><BR>
 <LI><a href="#[7a]">SSIDataGet</a>&nbsp;&nbsp;&nbsp;&rArr;&nbsp;&nbsp;&nbsp;<a href="#[7a]">SSIDataGet</a><BR>
 <LI><a href="#[8d]">UARTCharPut</a>&nbsp;&nbsp;&nbsp;&rArr;&nbsp;&nbsp;&nbsp;<a href="#[8d]">UARTCharPut</a><BR>
 <LI><a href="#[5]">NmiSR</a>&nbsp;&nbsp;&nbsp;&rArr;&nbsp;&nbsp;&nbsp;<a href="#[5]">NmiSR</a><BR>
 <LI><a href="#[6]">IntDefaultHandler</a>&nbsp;&nbsp;&nbsp;&rArr;&nbsp;&nbsp;&nbsp;<a href="#[6]">IntDefaultHandler</a><BR>
 <LI><a href="#[3c]">SysCtlDelay</a>&nbsp;&nbsp;&nbsp;&rArr;&nbsp;&nbsp;&nbsp;<a href="#[3c]">SysCtlDelay</a><BR>
 <LI><a href="#[86]">UARTConfigSetExpClk</a>&nbsp;&nbsp;&nbsp;&rArr;&nbsp;&nbsp;&nbsp;<a href="#[86]">UARTConfigSetExpClk</a><BR>
</UL>
<P>
<H3>
Function Pointers
</H3><UL>
 <LI><a href="#[c]">GPIO_Port_J_ISR</a> from evboard.o(.text) referenced from startup.o(RESET)
 <LI><a href="#[6]">IntDefaultHandler</a> from startup.o(RESET) referenced 57 times from startup.o(RESET)
 <LI><a href="#[20]">Kitronix320x240x16_SSD2119ColorTranslate</a> from kitronix320x240x16_ssd2119_8bit.o(.text) referenced from kitronix320x240x16_ssd2119_8bit.o(.constdata)
 <LI><a href="#[21]">Kitronix320x240x16_SSD2119Flush</a> from kitronix320x240x16_ssd2119_8bit.o(.text) referenced from kitronix320x240x16_ssd2119_8bit.o(.constdata)
 <LI><a href="#[1d]">Kitronix320x240x16_SSD2119LineDrawH</a> from kitronix320x240x16_ssd2119_8bit.o(.text) referenced from kitronix320x240x16_ssd2119_8bit.o(.constdata)
 <LI><a href="#[1e]">Kitronix320x240x16_SSD2119LineDrawV</a> from kitronix320x240x16_ssd2119_8bit.o(.text) referenced from kitronix320x240x16_ssd2119_8bit.o(.constdata)
 <LI><a href="#[1b]">Kitronix320x240x16_SSD2119PixelDraw</a> from kitronix320x240x16_ssd2119_8bit.o(.text) referenced from kitronix320x240x16_ssd2119_8bit.o(.constdata)
 <LI><a href="#[1c]">Kitronix320x240x16_SSD2119PixelDrawMultiple</a> from kitronix320x240x16_ssd2119_8bit.o(.text) referenced from kitronix320x240x16_ssd2119_8bit.o(.constdata)
 <LI><a href="#[1f]">Kitronix320x240x16_SSD2119RectFill</a> from kitronix320x240x16_ssd2119_8bit.o(.text) referenced from kitronix320x240x16_ssd2119_8bit.o(.constdata)
 <LI><a href="#[5]">NmiSR</a> from startup.o(RESET) referenced from startup.o(RESET)
 <LI><a href="#[7]">OSPendSV</a> from os_cpu_a.o(UCOSII_ASM) referenced from startup.o(RESET)
 <LI><a href="#[1a]">OSTaskSwHook</a> from os_cpu_c.o(.text) referenced from os_cpu_a.o(UCOSII_ASM)
 <LI><a href="#[139]">OS_TaskIdle</a> from os_core.o(.text) referenced from os_core.o(.text)
 <LI><a href="#[24]">Reset_Handler</a> from startup.o(RESET) referenced from startup.o(RESET)
 <LI><a href="#[a]">Timer0B_ISR</a> from halstack.o(.text) referenced from startup.o(RESET)
 <LI><a href="#[b]">Timer2B_ISR</a> from halstack.o(.text) referenced from startup.o(RESET)
 <LI><a href="#[9]">UART0_ISR</a> from halstack.o(.text) referenced from startup.o(RESET)
 <LI><a href="#[f]">WriteCommandEPI</a> from kitronix320x240x16_ssd2119_8bit.o(.text) referenced from kitronix320x240x16_ssd2119_8bit.o(.text)
 <LI><a href="#[11]">WriteCommandFPGA</a> from kitronix320x240x16_ssd2119_8bit.o(.text) referenced from kitronix320x240x16_ssd2119_8bit.o(.text)
 <LI><a href="#[23]">WriteCommandGPIO</a> from kitronix320x240x16_ssd2119_8bit.o(.text) referenced from kitronix320x240x16_ssd2119_8bit.o(.data)
 <LI><a href="#[e]">WriteDataEPI</a> from kitronix320x240x16_ssd2119_8bit.o(.text) referenced from kitronix320x240x16_ssd2119_8bit.o(.text)
 <LI><a href="#[10]">WriteDataFPGA</a> from kitronix320x240x16_ssd2119_8bit.o(.text) referenced from kitronix320x240x16_ssd2119_8bit.o(.text)
 <LI><a href="#[22]">WriteDataGPIO</a> from kitronix320x240x16_ssd2119_8bit.o(.text) referenced from kitronix320x240x16_ssd2119_8bit.o(.data)
 <LI><a href="#[25]">__main</a> from __main.o(!!!main) referenced from startup.o(RESET)
 <LI><a href="#[15]">_get_lc_ctype</a> from lc_ctype_c.o(locale$$code) referenced from rt_ctype_table.o(.text)
 <LI><a href="#[16]">_printf_input_char</a> from _printf_char_common.o(.text) referenced from _printf_char_common.o(.text)
 <LI><a href="#[18]">_sbackspace</a> from _sgetc.o(.text) referenced from strtod.o(.text)
 <LI><a href="#[17]">_sgetc</a> from _sgetc.o(.text) referenced from strtod.o(.text)
 <LI><a href="#[14]">_sputc</a> from _sputc.o(.text) referenced from noretval__2sprintf.o(.text)
 <LI><a href="#[19]">isspace</a> from isspace.o(.text) referenced from strtod.o(.text)
 <LI><a href="#[12]">taskForm</a> from main.o(.text) referenced from main.o(.text)
 <LI><a href="#[13]">taskStart</a> from main.o(.text) referenced from main.o(.text)
 <LI><a href="#[8]">tickISRHandler</a> from target.o(.text) referenced from startup.o(RESET)
</UL>
<P>
<H3>
Global Symbols
</H3>
<P><STRONG><a name="[24]"></a>Reset_Handler</STRONG> (Thumb, 0 bytes, Stack size unknown bytes, startup.o(RESET))

<P><STRONG><a name="[25]"></a>__main</STRONG> (Thumb, 8 bytes, Stack size 0 bytes, __main.o(!!!main))
<BR><BR>[Calls]<UL><LI><a href="#[27]">&gt;&gt;</a>&nbsp;&nbsp;&nbsp;__rt_entry
<LI><a href="#[26]">&gt;&gt;</a>&nbsp;&nbsp;&nbsp;__scatterload
</UL>

<P><STRONG><a name="[26]"></a>__scatterload</STRONG> (Thumb, 0 bytes, Stack size unknown bytes, __scatter.o(!!!scatter))
<BR><BR>[Called By]<UL><LI><a href="#[25]">&gt;&gt;</a>&nbsp;&nbsp;&nbsp;__main
</UL>

<P><STRONG><a name="[28]"></a>__scatterload_rt2</STRONG> (Thumb, 44 bytes, Stack size unknown bytes, __scatter.o(!!!scatter), UNUSED)
<BR><BR>[Calls]<UL><LI><a href="#[27]">&gt;&gt;</a>&nbsp;&nbsp;&nbsp;__rt_entry
</UL>

<P><STRONG><a name="[1b0]"></a>__scatterload_rt2_thumb_only</STRONG> (Thumb, 0 bytes, Stack size unknown bytes, __scatter.o(!!!scatter), UNUSED)

<P><STRONG><a name="[1b1]"></a>__scatterload_null</STRONG> (Thumb, 0 bytes, Stack size unknown bytes, __scatter.o(!!!scatter), UNUSED)

<P><STRONG><a name="[29]"></a>__scatterload_copy</STRONG> (Thumb, 26 bytes, Stack size unknown bytes, __scatter_copy.o(!!handler_copy), UNUSED)
<BR><BR>[Calls]<UL><LI><a href="#[29]">&gt;&gt;</a>&nbsp;&nbsp;&nbsp;__scatterload_copy
</UL>
<BR>[Called By]<UL><LI><a href="#[29]">&gt;&gt;</a>&nbsp;&nbsp;&nbsp;__scatterload_copy
</UL>

<P><STRONG><a name="[1b2]"></a>__scatterload_zeroinit</STRONG> (Thumb, 28 bytes, Stack size unknown bytes, __scatter_zi.o(!!handler_zi), UNUSED)

<P><STRONG><a name="[2a]"></a>_printf_d</STRONG> (Thumb, 0 bytes, Stack size unknown bytes, _printf_d.o(.ARM.Collect$$_printf_percent$$00000009))
<BR><BR>[Stack]<UL><LI>Max Depth = 56 + Unknown Stack Size
<LI>Call Chain = _printf_d &rArr; _printf_int_dec &rArr; _printf_int_common
</UL>
<BR>[Calls]<UL><LI><a href="#[2b]">&gt;&gt;</a>&nbsp;&nbsp;&nbsp;_printf_int_dec
</UL>

<P><STRONG><a name="[16e]"></a>_printf_percent</STRONG> (Thumb, 0 bytes, Stack size unknown bytes, _printf_percent.o(.ARM.Collect$$_printf_percent$$00000000))
<BR><BR>[Called By]<UL><LI><a href="#[16d]">&gt;&gt;</a>&nbsp;&nbsp;&nbsp;__printf
</UL>

<P><STRONG><a name="[1b3]"></a>_printf_percent_end</STRONG> (Thumb, 0 bytes, Stack size unknown bytes, _printf_percent_end.o(.ARM.Collect$$_printf_percent$$00000017))

<P><STRONG><a name="[34]"></a>__rt_lib_init</STRONG> (Thumb, 0 bytes, Stack size unknown bytes, libinit.o(.ARM.Collect$$libinit$$00000000))
<BR><BR>[Called By]<UL><LI><a href="#[33]">&gt;&gt;</a>&nbsp;&nbsp;&nbsp;__rt_entry_li
</UL>

<P><STRONG><a name="[1b4]"></a>__rt_lib_init_fp_1</STRONG> (Thumb, 0 bytes, Stack size unknown bytes, libinit2.o(.ARM.Collect$$libinit$$00000002))

<P><STRONG><a name="[1b5]"></a>__rt_lib_init_heap_1</STRONG> (Thumb, 0 bytes, Stack size unknown bytes, libinit2.o(.ARM.Collect$$libinit$$00000008))

<P><STRONG><a name="[2c]"></a>__rt_lib_init_lc_common</STRONG> (Thumb, 0 bytes, Stack size unknown bytes, libinit2.o(.ARM.Collect$$libinit$$0000000D))
<BR><BR>[Calls]<UL><LI><a href="#[2d]">&gt;&gt;</a>&nbsp;&nbsp;&nbsp;__rt_locale
</UL>

<P><STRONG><a name="[1b6]"></a>__rt_lib_init_rand_1</STRONG> (Thumb, 0 bytes, Stack size unknown bytes, libinit2.o(.ARM.Collect$$libinit$$0000000C))

<P><STRONG><a name="[1b7]"></a>__rt_lib_init_user_alloc_1</STRONG> (Thumb, 0 bytes, Stack size unknown bytes, libinit2.o(.ARM.Collect$$libinit$$0000000A))

<P><STRONG><a name="[1b8]"></a>__rt_lib_init_lc_collate_1</STRONG> (Thumb, 0 bytes, Stack size unknown bytes, libinit2.o(.ARM.Collect$$libinit$$0000000F))

<P><STRONG><a name="[2e]"></a>__rt_lib_init_lc_ctype_2</STRONG> (Thumb, 0 bytes, Stack size unknown bytes, libinit2.o(.ARM.Collect$$libinit$$00000010))
<BR><BR>[Stack]<UL><LI>Max Depth = 8 + Unknown Stack Size
<LI>Call Chain = __rt_lib_init_lc_ctype_2 &rArr; _get_lc_ctype
</UL>
<BR>[Calls]<UL><LI><a href="#[15]">&gt;&gt;</a>&nbsp;&nbsp;&nbsp;_get_lc_ctype
</UL>

<P><STRONG><a name="[1b9]"></a>__rt_lib_init_lc_ctype_1</STRONG> (Thumb, 0 bytes, Stack size unknown bytes, libinit2.o(.ARM.Collect$$libinit$$00000011))

<P><STRONG><a name="[1ba]"></a>__rt_lib_init_lc_monetary_1</STRONG> (Thumb, 0 bytes, Stack size unknown bytes, libinit2.o(.ARM.Collect$$libinit$$00000013))

<P><STRONG><a name="[2f]"></a>__rt_lib_init_lc_numeric_2</STRONG> (Thumb, 0 bytes, Stack size unknown bytes, libinit2.o(.ARM.Collect$$libinit$$00000014))
<BR><BR>[Stack]<UL><LI>Max Depth = 8 + Unknown Stack Size
<LI>Call Chain = __rt_lib_init_lc_numeric_2 &rArr; _get_lc_numeric
</UL>
<BR>[Calls]<UL><LI><a href="#[30]">&gt;&gt;</a>&nbsp;&nbsp;&nbsp;_get_lc_numeric
</UL>

<P><STRONG><a name="[1bb]"></a>__rt_lib_init_alloca_1</STRONG> (Thumb, 0 bytes, Stack size unknown bytes, libinit2.o(.ARM.Collect$$libinit$$0000002C))

<P><STRONG><a name="[1bc]"></a>__rt_lib_init_argv_1</STRONG> (Thumb, 0 bytes, Stack size unknown bytes, libinit2.o(.ARM.Collect$$libinit$$0000002A))

<P><STRONG><a name="[1bd]"></a>__rt_lib_init_atexit_1</STRONG> (Thumb, 0 bytes, Stack size unknown bytes, libinit2.o(.ARM.Collect$$libinit$$00000019))

<P><STRONG><a name="[1be]"></a>__rt_lib_init_clock_1</STRONG> (Thumb, 0 bytes, Stack size unknown bytes, libinit2.o(.ARM.Collect$$libinit$$0000001F))

<P><STRONG><a name="[1bf]"></a>__rt_lib_init_cpp_1</STRONG> (Thumb, 0 bytes, Stack size unknown bytes, libinit2.o(.ARM.Collect$$libinit$$00000030))

<P><STRONG><a name="[1c0]"></a>__rt_lib_init_exceptions_1</STRONG> (Thumb, 0 bytes, Stack size unknown bytes, libinit2.o(.ARM.Collect$$libinit$$0000002E))

<P><STRONG><a name="[1c1]"></a>__rt_lib_init_fp_trap_1</STRONG> (Thumb, 0 bytes, Stack size unknown bytes, libinit2.o(.ARM.Collect$$libinit$$0000001D))

<P><STRONG><a name="[1c2]"></a>__rt_lib_init_getenv_1</STRONG> (Thumb, 0 bytes, Stack size unknown bytes, libinit2.o(.ARM.Collect$$libinit$$00000021))

<P><STRONG><a name="[1c3]"></a>__rt_lib_init_lc_numeric_1</STRONG> (Thumb, 0 bytes, Stack size unknown bytes, libinit2.o(.ARM.Collect$$libinit$$00000015))

<P><STRONG><a name="[1c4]"></a>__rt_lib_init_lc_time_1</STRONG> (Thumb, 0 bytes, Stack size unknown bytes, libinit2.o(.ARM.Collect$$libinit$$00000017))

<P><STRONG><a name="[1c5]"></a>__rt_lib_init_return</STRONG> (Thumb, 0 bytes, Stack size unknown bytes, libinit2.o(.ARM.Collect$$libinit$$00000031))

<P><STRONG><a name="[1c6]"></a>__rt_lib_init_signal_1</STRONG> (Thumb, 0 bytes, Stack size unknown bytes, libinit2.o(.ARM.Collect$$libinit$$0000001B))

<P><STRONG><a name="[1c7]"></a>__rt_lib_init_stdio_1</STRONG> (Thumb, 0 bytes, Stack size unknown bytes, libinit2.o(.ARM.Collect$$libinit$$00000023))

<P><STRONG><a name="[39]"></a>__rt_lib_shutdown</STRONG> (Thumb, 0 bytes, Stack size unknown bytes, libshutdown.o(.ARM.Collect$$libshutdown$$00000000))
<BR><BR>[Called By]<UL><LI><a href="#[38]">&gt;&gt;</a>&nbsp;&nbsp;&nbsp;__rt_exit_ls
</UL>

<P><STRONG><a name="[1c8]"></a>__rt_lib_shutdown_fp_trap_1</STRONG> (Thumb, 0 bytes, Stack size unknown bytes, libshutdown2.o(.ARM.Collect$$libshutdown$$00000006))

<P><STRONG><a name="[1c9]"></a>__rt_lib_shutdown_heap_1</STRONG> (Thumb, 0 bytes, Stack size unknown bytes, libshutdown2.o(.ARM.Collect$$libshutdown$$0000000E))

<P><STRONG><a name="[1ca]"></a>__rt_lib_shutdown_return</STRONG> (Thumb, 0 bytes, Stack size unknown bytes, libshutdown2.o(.ARM.Collect$$libshutdown$$0000000F))

<P><STRONG><a name="[1cb]"></a>__rt_lib_shutdown_signal_1</STRONG> (Thumb, 0 bytes, Stack size unknown bytes, libshutdown2.o(.ARM.Collect$$libshutdown$$00000009))

<P><STRONG><a name="[1cc]"></a>__rt_lib_shutdown_stdio_1</STRONG> (Thumb, 0 bytes, Stack size unknown bytes, libshutdown2.o(.ARM.Collect$$libshutdown$$00000003))

<P><STRONG><a name="[1cd]"></a>__rt_lib_shutdown_user_alloc_1</STRONG> (Thumb, 0 bytes, Stack size unknown bytes, libshutdown2.o(.ARM.Collect$$libshutdown$$0000000B))

<P><STRONG><a name="[27]"></a>__rt_entry</STRONG> (Thumb, 0 bytes, Stack size unknown bytes, rtentry.o(.ARM.Collect$$rtentry$$00000000))
<BR><BR>[Called By]<UL><LI><a href="#[25]">&gt;&gt;</a>&nbsp;&nbsp;&nbsp;__main
<LI><a href="#[28]">&gt;&gt;</a>&nbsp;&nbsp;&nbsp;__scatterload_rt2
</UL>

<P><STRONG><a name="[1ce]"></a>__rt_entry_presh_1</STRONG> (Thumb, 0 bytes, Stack size unknown bytes, rtentry2.o(.ARM.Collect$$rtentry$$00000002))

<P><STRONG><a name="[31]"></a>__rt_entry_sh</STRONG> (Thumb, 0 bytes, Stack size unknown bytes, rtentry4.o(.ARM.Collect$$rtentry$$00000004))
<BR><BR>[Stack]<UL><LI>Max Depth = 8 + Unknown Stack Size
<LI>Call Chain = __rt_entry_sh &rArr; __user_setup_stackheap
</UL>
<BR>[Calls]<UL><LI><a href="#[32]">&gt;&gt;</a>&nbsp;&nbsp;&nbsp;__user_setup_stackheap
</UL>

<P><STRONG><a name="[33]"></a>__rt_entry_li</STRONG> (Thumb, 0 bytes, Stack size unknown bytes, rtentry2.o(.ARM.Collect$$rtentry$$0000000A))
<BR><BR>[Calls]<UL><LI><a href="#[34]">&gt;&gt;</a>&nbsp;&nbsp;&nbsp;__rt_lib_init
</UL>

<P><STRONG><a name="[1cf]"></a>__rt_entry_postsh_1</STRONG> (Thumb, 0 bytes, Stack size unknown bytes, rtentry2.o(.ARM.Collect$$rtentry$$00000009))

<P><STRONG><a name="[35]"></a>__rt_entry_main</STRONG> (Thumb, 0 bytes, Stack size unknown bytes, rtentry2.o(.ARM.Collect$$rtentry$$0000000D))
<BR><BR>[Stack]<UL><LI>Max Depth = 104 + Unknown Stack Size
<LI>Call Chain = __rt_entry_main &rArr; main &rArr; OSInit &rArr; OS_InitTaskIdle &rArr; OSTaskCreate &rArr; OS_TCBInit
</UL>
<BR>[Calls]<UL><LI><a href="#[36]">&gt;&gt;</a>&nbsp;&nbsp;&nbsp;main
<LI><a href="#[37]">&gt;&gt;</a>&nbsp;&nbsp;&nbsp;exit
</UL>

<P><STRONG><a name="[1d0]"></a>__rt_entry_postli_1</STRONG> (Thumb, 0 bytes, Stack size unknown bytes, rtentry2.o(.ARM.Collect$$rtentry$$0000000C))

<P><STRONG><a name="[185]"></a>__rt_exit</STRONG> (Thumb, 0 bytes, Stack size unknown bytes, rtexit.o(.ARM.Collect$$rtexit$$00000000))
<BR><BR>[Called By]<UL><LI><a href="#[37]">&gt;&gt;</a>&nbsp;&nbsp;&nbsp;exit
</UL>

<P><STRONG><a name="[38]"></a>__rt_exit_ls</STRONG> (Thumb, 0 bytes, Stack size unknown bytes, rtexit2.o(.ARM.Collect$$rtexit$$00000003))
<BR><BR>[Calls]<UL><LI><a href="#[39]">&gt;&gt;</a>&nbsp;&nbsp;&nbsp;__rt_lib_shutdown
</UL>

<P><STRONG><a name="[1d1]"></a>__rt_exit_prels_1</STRONG> (Thumb, 0 bytes, Stack size unknown bytes, rtexit2.o(.ARM.Collect$$rtexit$$00000002))

<P><STRONG><a name="[3a]"></a>__rt_exit_exit</STRONG> (Thumb, 0 bytes, Stack size unknown bytes, rtexit2.o(.ARM.Collect$$rtexit$$00000004))
<BR><BR>[Calls]<UL><LI><a href="#[3b]">&gt;&gt;</a>&nbsp;&nbsp;&nbsp;_sys_exit
</UL>

<P><STRONG><a name="[3c]"></a>SysCtlDelay</STRONG> (Thumb, 6 bytes, Stack size 0 bytes, sysctl.o(.emb_text))
<BR><BR>[Calls]<UL><LI><a href="#[3c]">&gt;&gt;</a>&nbsp;&nbsp;&nbsp;SysCtlDelay
</UL>
<BR>[Called By]<UL><LI><a href="#[b5]">&gt;&gt;</a>&nbsp;&nbsp;&nbsp;SysCtlClockSet
<LI><a href="#[9d]">&gt;&gt;</a>&nbsp;&nbsp;&nbsp;PinoutSet
<LI><a href="#[9e]">&gt;&gt;</a>&nbsp;&nbsp;&nbsp;Kitronix320x240x16_SSD2119Init
<LI><a href="#[15b]">&gt;&gt;</a>&nbsp;&nbsp;&nbsp;DaughterBoardTypeGet
<LI><a href="#[151]">&gt;&gt;</a>&nbsp;&nbsp;&nbsp;EEPROMReadPolled
<LI><a href="#[3c]">&gt;&gt;</a>&nbsp;&nbsp;&nbsp;SysCtlDelay
<LI><a href="#[150]">&gt;&gt;</a>&nbsp;&nbsp;&nbsp;InitFPGADaughterLCDInterface
<LI><a href="#[14f]">&gt;&gt;</a>&nbsp;&nbsp;&nbsp;InitSRAMDaughterLCDInterface
<LI><a href="#[14c]">&gt;&gt;</a>&nbsp;&nbsp;&nbsp;InitGPIOLCDInterface
<LI><a href="#[11]">&gt;&gt;</a>&nbsp;&nbsp;&nbsp;WriteCommandFPGA
<LI><a href="#[10]">&gt;&gt;</a>&nbsp;&nbsp;&nbsp;WriteDataFPGA
</UL>

<P><STRONG><a name="[192]"></a>CPUcpsid</STRONG> (Thumb, 8 bytes, Stack size 0 bytes, cpu.o(.emb_text))
<BR><BR>[Called By]<UL><LI><a href="#[60]">&gt;&gt;</a>&nbsp;&nbsp;&nbsp;IntMasterDisable
</UL>

<P><STRONG><a name="[1d2]"></a>CPUprimask</STRONG> (Thumb, 6 bytes, Stack size 0 bytes, cpu.o(.emb_text), UNUSED)

<P><STRONG><a name="[193]"></a>CPUcpsie</STRONG> (Thumb, 8 bytes, Stack size 0 bytes, cpu.o(.emb_text))
<BR><BR>[Called By]<UL><LI><a href="#[62]">&gt;&gt;</a>&nbsp;&nbsp;&nbsp;IntMasterEnable
</UL>

<P><STRONG><a name="[194]"></a>CPUwfi</STRONG> (Thumb, 4 bytes, Stack size 0 bytes, cpu.o(.emb_text), UNUSED)
<BR><BR>[Called By]<UL><LI><a href="#[98]">&gt;&gt;</a>&nbsp;&nbsp;&nbsp;SysCtlSleep
</UL>

<P><STRONG><a name="[1d3]"></a>CPUbasepriSet</STRONG> (Thumb, 6 bytes, Stack size 0 bytes, cpu.o(.emb_text), UNUSED)

<P><STRONG><a name="[1d4]"></a>CPUbasepriGet</STRONG> (Thumb, 6 bytes, Stack size 0 bytes, cpu.o(.emb_text), UNUSED)

<P><STRONG><a name="[3d]"></a>ssiInit</STRONG> (Thumb, 178 bytes, Stack size 24 bytes, evboard.o(.text))
<BR><BR>[Stack]<UL><LI>Max Depth = 36<LI>Call Chain = ssiInit &rArr; GPIOPinTypeSSI
</UL>
<BR>[Calls]<UL><LI><a href="#[3f]">&gt;&gt;</a>&nbsp;&nbsp;&nbsp;SysCtlPeripheralEnable
<LI><a href="#[3e]">&gt;&gt;</a>&nbsp;&nbsp;&nbsp;SysCtlClockGet
<LI><a href="#[44]">&gt;&gt;</a>&nbsp;&nbsp;&nbsp;SSIEnable
<LI><a href="#[41]">&gt;&gt;</a>&nbsp;&nbsp;&nbsp;SSIConfigSetExpClk
<LI><a href="#[40]">&gt;&gt;</a>&nbsp;&nbsp;&nbsp;GPIOPinTypeSSI
<LI><a href="#[42]">&gt;&gt;</a>&nbsp;&nbsp;&nbsp;GPIOPinTypeGPIOOutput
<LI><a href="#[43]">&gt;&gt;</a>&nbsp;&nbsp;&nbsp;GPIOPinTypeGPIOInput
</UL>
<BR>[Called By]<UL><LI><a href="#[5b]">&gt;&gt;</a>&nbsp;&nbsp;&nbsp;evbInit
</UL>

<P><STRONG><a name="[45]"></a>GPIOJ_IntInit</STRONG> (Thumb, 28 bytes, Stack size 8 bytes, evboard.o(.text))
<BR><BR>[Stack]<UL><LI>Max Depth = 8<LI>Call Chain = GPIOJ_IntInit
</UL>
<BR>[Calls]<UL><LI><a href="#[48]">&gt;&gt;</a>&nbsp;&nbsp;&nbsp;IntEnable
<LI><a href="#[47]">&gt;&gt;</a>&nbsp;&nbsp;&nbsp;GPIOPinIntEnable
<LI><a href="#[46]">&gt;&gt;</a>&nbsp;&nbsp;&nbsp;GPIOIntTypeSet
</UL>
<BR>[Called By]<UL><LI><a href="#[5b]">&gt;&gt;</a>&nbsp;&nbsp;&nbsp;evbInit
</UL>

<P><STRONG><a name="[49]"></a>evbRadioIntCallback</STRONG> (Thumb, 364 bytes, Stack size 160 bytes, evboard.o(.text))
<BR><BR>[Stack]<UL><LI>Max Depth = 192<LI>Call Chain = evbRadioIntCallback &rArr; MemFree &rArr; IntMasterEnable
</UL>
<BR>[Calls]<UL><LI><a href="#[4f]">&gt;&gt;</a>&nbsp;&nbsp;&nbsp;phyRxCallback
<LI><a href="#[4c]">&gt;&gt;</a>&nbsp;&nbsp;&nbsp;macRxCallback
<LI><a href="#[4d]">&gt;&gt;</a>&nbsp;&nbsp;&nbsp;macRxBuffFull
<LI><a href="#[51]">&gt;&gt;</a>&nbsp;&nbsp;&nbsp;Write_Command
<LI><a href="#[4b]">&gt;&gt;</a>&nbsp;&nbsp;&nbsp;Read_RXFIFO
<LI><a href="#[50]">&gt;&gt;</a>&nbsp;&nbsp;&nbsp;MemFree
<LI><a href="#[4e]">&gt;&gt;</a>&nbsp;&nbsp;&nbsp;MemAlloc
<LI><a href="#[4a]">&gt;&gt;</a>&nbsp;&nbsp;&nbsp;GPIOPinWrite
</UL>
<BR>[Called By]<UL><LI><a href="#[c]">&gt;&gt;</a>&nbsp;&nbsp;&nbsp;GPIO_Port_J_ISR
</UL>

<P><STRONG><a name="[c]"></a>GPIO_Port_J_ISR</STRONG> (Thumb, 30 bytes, Stack size 8 bytes, evboard.o(.text))
<BR><BR>[Stack]<UL><LI>Max Depth = 200<LI>Call Chain = GPIO_Port_J_ISR &rArr; evbRadioIntCallback &rArr; MemFree &rArr; IntMasterEnable
</UL>
<BR>[Calls]<UL><LI><a href="#[54]">&gt;&gt;</a>&nbsp;&nbsp;&nbsp;usrIntCallback
<LI><a href="#[52]">&gt;&gt;</a>&nbsp;&nbsp;&nbsp;GPIOPinIntStatus
<LI><a href="#[53]">&gt;&gt;</a>&nbsp;&nbsp;&nbsp;GPIOPinIntClear
<LI><a href="#[49]">&gt;&gt;</a>&nbsp;&nbsp;&nbsp;evbRadioIntCallback
</UL>
<BR>[Address Reference Count : 1]<UL><LI> startup.o(RESET)
</UL>
<P><STRONG><a name="[55]"></a>SW_Init</STRONG> (Thumb, 36 bytes, Stack size 8 bytes, evboard.o(.text))
<BR><BR>[Stack]<UL><LI>Max Depth = 20<LI>Call Chain = SW_Init &rArr; GPIOPinTypeGPIOInput
</UL>
<BR>[Calls]<UL><LI><a href="#[3f]">&gt;&gt;</a>&nbsp;&nbsp;&nbsp;SysCtlPeripheralEnable
<LI><a href="#[43]">&gt;&gt;</a>&nbsp;&nbsp;&nbsp;GPIOPinTypeGPIOInput
</UL>
<BR>[Called By]<UL><LI><a href="#[5b]">&gt;&gt;</a>&nbsp;&nbsp;&nbsp;evbInit
</UL>

<P><STRONG><a name="[56]"></a>LED_Init</STRONG> (Thumb, 36 bytes, Stack size 8 bytes, evboard.o(.text))
<BR><BR>[Stack]<UL><LI>Max Depth = 20<LI>Call Chain = LED_Init &rArr; GPIOPinTypeGPIOOutput
</UL>
<BR>[Calls]<UL><LI><a href="#[3f]">&gt;&gt;</a>&nbsp;&nbsp;&nbsp;SysCtlPeripheralEnable
<LI><a href="#[42]">&gt;&gt;</a>&nbsp;&nbsp;&nbsp;GPIOPinTypeGPIOOutput
</UL>
<BR>[Called By]<UL><LI><a href="#[5b]">&gt;&gt;</a>&nbsp;&nbsp;&nbsp;evbInit
</UL>

<P><STRONG><a name="[57]"></a>evbInitRandomSeed</STRONG> (Thumb, 98 bytes, Stack size 16 bytes, evboard.o(.text))
<BR><BR>[Stack]<UL><LI>Max Depth = 16<LI>Call Chain = evbInitRandomSeed
</UL>
<BR>[Calls]<UL><LI><a href="#[58]">&gt;&gt;</a>&nbsp;&nbsp;&nbsp;TimerValueGet
</UL>
<BR>[Called By]<UL><LI><a href="#[5b]">&gt;&gt;</a>&nbsp;&nbsp;&nbsp;evbInit
</UL>

<P><STRONG><a name="[59]"></a>evbIntCallback</STRONG> (Thumb, 160 bytes, Stack size 8 bytes, evboard.o(.text))
<BR><BR>[Stack]<UL><LI>Max Depth = 8<LI>Call Chain = evbIntCallback
</UL>
<BR>[Calls]<UL><LI><a href="#[5a]">&gt;&gt;</a>&nbsp;&nbsp;&nbsp;GPIOPinRead
</UL>
<BR>[Called By]<UL><LI><a href="#[b]">&gt;&gt;</a>&nbsp;&nbsp;&nbsp;Timer2B_ISR
</UL>

<P><STRONG><a name="[12d]"></a>evbPoll</STRONG> (Thumb, 2 bytes, Stack size 0 bytes, evboard.o(.text))
<BR><BR>[Called By]<UL><LI><a href="#[fd]">&gt;&gt;</a>&nbsp;&nbsp;&nbsp;phyFSM
</UL>

<P><STRONG><a name="[5b]"></a>evbInit</STRONG> (Thumb, 62 bytes, Stack size 8 bytes, evboard.o(.text))
<BR><BR>[Stack]<UL><LI>Max Depth = 44<LI>Call Chain = evbInit &rArr; ssiInit &rArr; GPIOPinTypeSSI
</UL>
<BR>[Calls]<UL><LI><a href="#[5c]">&gt;&gt;</a>&nbsp;&nbsp;&nbsp;halGetMACTimer
<LI><a href="#[4a]">&gt;&gt;</a>&nbsp;&nbsp;&nbsp;GPIOPinWrite
<LI><a href="#[57]">&gt;&gt;</a>&nbsp;&nbsp;&nbsp;evbInitRandomSeed
<LI><a href="#[56]">&gt;&gt;</a>&nbsp;&nbsp;&nbsp;LED_Init
<LI><a href="#[55]">&gt;&gt;</a>&nbsp;&nbsp;&nbsp;SW_Init
<LI><a href="#[45]">&gt;&gt;</a>&nbsp;&nbsp;&nbsp;GPIOJ_IntInit
<LI><a href="#[3d]">&gt;&gt;</a>&nbsp;&nbsp;&nbsp;ssiInit
</UL>
<BR>[Called By]<UL><LI><a href="#[b3]">&gt;&gt;</a>&nbsp;&nbsp;&nbsp;targetInit
</UL>

<P><STRONG><a name="[5d]"></a>evbLedSet</STRONG> (Thumb, 114 bytes, Stack size 16 bytes, evboard.o(.text))
<BR><BR>[Stack]<UL><LI>Max Depth = 16<LI>Call Chain = evbLedSet
</UL>
<BR>[Calls]<UL><LI><a href="#[4a]">&gt;&gt;</a>&nbsp;&nbsp;&nbsp;GPIOPinWrite
</UL>
<BR>[Called By]<UL><LI><a href="#[d4]">&gt;&gt;</a>&nbsp;&nbsp;&nbsp;zepHandleRxPacket
<LI><a href="#[dd]">&gt;&gt;</a>&nbsp;&nbsp;&nbsp;zepFSM
<LI><a href="#[c2]">&gt;&gt;</a>&nbsp;&nbsp;&nbsp;usrRxPacketCallback
<LI><a href="#[b3]">&gt;&gt;</a>&nbsp;&nbsp;&nbsp;targetInit
<LI><a href="#[12]">&gt;&gt;</a>&nbsp;&nbsp;&nbsp;taskForm
</UL>

<P><STRONG><a name="[5e]"></a>evbLedGet</STRONG> (Thumb, 42 bytes, Stack size 8 bytes, evboard.o(.text))
<BR><BR>[Stack]<UL><LI>Max Depth = 8<LI>Call Chain = evbLedGet
</UL>
<BR>[Calls]<UL><LI><a href="#[5a]">&gt;&gt;</a>&nbsp;&nbsp;&nbsp;GPIOPinRead
</UL>
<BR>[Called By]<UL><LI><a href="#[d4]">&gt;&gt;</a>&nbsp;&nbsp;&nbsp;zepHandleRxPacket
<LI><a href="#[dd]">&gt;&gt;</a>&nbsp;&nbsp;&nbsp;zepFSM
</UL>

<P><STRONG><a name="[6d]"></a>halGetRandomByte</STRONG> (Thumb, 90 bytes, Stack size 0 bytes, evboard.o(.text))
<BR><BR>[Called By]<UL><LI><a href="#[72]">&gt;&gt;</a>&nbsp;&nbsp;&nbsp;doIEEE_backoff
<LI><a href="#[6b]">&gt;&gt;</a>&nbsp;&nbsp;&nbsp;halInitRadio
<LI><a href="#[103]">&gt;&gt;</a>&nbsp;&nbsp;&nbsp;macTxData
</UL>

<P><STRONG><a name="[5f]"></a>halSetRadioPANID</STRONG> (Thumb, 42 bytes, Stack size 16 bytes, evboard.o(.text))
<BR><BR>[Stack]<UL><LI>Max Depth = 40<LI>Call Chain = halSetRadioPANID &rArr; Write_RAM
</UL>
<BR>[Calls]<UL><LI><a href="#[61]">&gt;&gt;</a>&nbsp;&nbsp;&nbsp;Write_RAM
<LI><a href="#[62]">&gt;&gt;</a>&nbsp;&nbsp;&nbsp;IntMasterEnable
<LI><a href="#[60]">&gt;&gt;</a>&nbsp;&nbsp;&nbsp;IntMasterDisable
</UL>
<BR>[Called By]<UL><LI><a href="#[e8]">&gt;&gt;</a>&nbsp;&nbsp;&nbsp;macWarmStartRadio
<LI><a href="#[70]">&gt;&gt;</a>&nbsp;&nbsp;&nbsp;halResetRadio
<LI><a href="#[fe]">&gt;&gt;</a>&nbsp;&nbsp;&nbsp;macSetPANID
</UL>

<P><STRONG><a name="[63]"></a>halSetRadioShortAddr</STRONG> (Thumb, 42 bytes, Stack size 16 bytes, evboard.o(.text))
<BR><BR>[Stack]<UL><LI>Max Depth = 40<LI>Call Chain = halSetRadioShortAddr &rArr; Write_RAM
</UL>
<BR>[Calls]<UL><LI><a href="#[61]">&gt;&gt;</a>&nbsp;&nbsp;&nbsp;Write_RAM
<LI><a href="#[62]">&gt;&gt;</a>&nbsp;&nbsp;&nbsp;IntMasterEnable
<LI><a href="#[60]">&gt;&gt;</a>&nbsp;&nbsp;&nbsp;IntMasterDisable
</UL>
<BR>[Called By]<UL><LI><a href="#[e8]">&gt;&gt;</a>&nbsp;&nbsp;&nbsp;macWarmStartRadio
<LI><a href="#[70]">&gt;&gt;</a>&nbsp;&nbsp;&nbsp;halResetRadio
<LI><a href="#[101]">&gt;&gt;</a>&nbsp;&nbsp;&nbsp;macSetShortAddr
<LI><a href="#[ff]">&gt;&gt;</a>&nbsp;&nbsp;&nbsp;macInitRadio
</UL>

<P><STRONG><a name="[64]"></a>halSetRadioIEEEAddress</STRONG> (Thumb, 30 bytes, Stack size 16 bytes, evboard.o(.text))
<BR><BR>[Stack]<UL><LI>Max Depth = 40<LI>Call Chain = halSetRadioIEEEAddress &rArr; Write_RAM
</UL>
<BR>[Calls]<UL><LI><a href="#[65]">&gt;&gt;</a>&nbsp;&nbsp;&nbsp;halGetProcessorIEEEAddress
<LI><a href="#[61]">&gt;&gt;</a>&nbsp;&nbsp;&nbsp;Write_RAM
<LI><a href="#[62]">&gt;&gt;</a>&nbsp;&nbsp;&nbsp;IntMasterEnable
<LI><a href="#[60]">&gt;&gt;</a>&nbsp;&nbsp;&nbsp;IntMasterDisable
</UL>
<BR>[Called By]<UL><LI><a href="#[6b]">&gt;&gt;</a>&nbsp;&nbsp;&nbsp;halInitRadio
</UL>

<P><STRONG><a name="[1d5]"></a>halRfWaitForCrystalOscillator</STRONG> (Thumb, 2 bytes, Stack size 0 bytes, evboard.o(.text), UNUSED)

<P><STRONG><a name="[66]"></a>halDisableRadio</STRONG> (Thumb, 36 bytes, Stack size 8 bytes, evboard.o(.text), UNUSED)
<BR><BR>[Calls]<UL><LI><a href="#[68]">&gt;&gt;</a>&nbsp;&nbsp;&nbsp;halWaitMs
<LI><a href="#[67]">&gt;&gt;</a>&nbsp;&nbsp;&nbsp;IntDisable
<LI><a href="#[4a]">&gt;&gt;</a>&nbsp;&nbsp;&nbsp;GPIOPinWrite
</UL>
<BR>[Called By]<UL><LI><a href="#[94]">&gt;&gt;</a>&nbsp;&nbsp;&nbsp;halShutdown
</UL>

<P><STRONG><a name="[69]"></a>halSetChannel</STRONG> (Thumb, 48 bytes, Stack size 16 bytes, evboard.o(.text))
<BR><BR>[Stack]<UL><LI>Max Depth = 32<LI>Call Chain = halSetChannel &rArr; Write_ConfigureWord
</UL>
<BR>[Calls]<UL><LI><a href="#[6a]">&gt;&gt;</a>&nbsp;&nbsp;&nbsp;Write_ConfigureWord
<LI><a href="#[62]">&gt;&gt;</a>&nbsp;&nbsp;&nbsp;IntMasterEnable
<LI><a href="#[60]">&gt;&gt;</a>&nbsp;&nbsp;&nbsp;IntMasterDisable
</UL>
<BR>[Called By]<UL><LI><a href="#[e8]">&gt;&gt;</a>&nbsp;&nbsp;&nbsp;macWarmStartRadio
<LI><a href="#[6b]">&gt;&gt;</a>&nbsp;&nbsp;&nbsp;halInitRadio
<LI><a href="#[113]">&gt;&gt;</a>&nbsp;&nbsp;&nbsp;macFSM
<LI><a href="#[100]">&gt;&gt;</a>&nbsp;&nbsp;&nbsp;macSetChannel
</UL>

<P><STRONG><a name="[6b]"></a>halInitRadio</STRONG> (Thumb, 288 bytes, Stack size 48 bytes, evboard.o(.text))
<BR><BR>[Stack]<UL><LI>Max Depth = 88<LI>Call Chain = halInitRadio &rArr; halSetRadioIEEEAddress &rArr; Write_RAM
</UL>
<BR>[Calls]<UL><LI><a href="#[68]">&gt;&gt;</a>&nbsp;&nbsp;&nbsp;halWaitMs
<LI><a href="#[6f]">&gt;&gt;</a>&nbsp;&nbsp;&nbsp;halMACTimerNowDelta
<LI><a href="#[5c]">&gt;&gt;</a>&nbsp;&nbsp;&nbsp;halGetMACTimer
<LI><a href="#[6c]">&gt;&gt;</a>&nbsp;&nbsp;&nbsp;conPrintROMString_func
<LI><a href="#[6a]">&gt;&gt;</a>&nbsp;&nbsp;&nbsp;Write_ConfigureWord
<LI><a href="#[51]">&gt;&gt;</a>&nbsp;&nbsp;&nbsp;Write_Command
<LI><a href="#[6e]">&gt;&gt;</a>&nbsp;&nbsp;&nbsp;Read_Status
<LI><a href="#[62]">&gt;&gt;</a>&nbsp;&nbsp;&nbsp;IntMasterEnable
<LI><a href="#[60]">&gt;&gt;</a>&nbsp;&nbsp;&nbsp;IntMasterDisable
<LI><a href="#[48]">&gt;&gt;</a>&nbsp;&nbsp;&nbsp;IntEnable
<LI><a href="#[4a]">&gt;&gt;</a>&nbsp;&nbsp;&nbsp;GPIOPinWrite
<LI><a href="#[69]">&gt;&gt;</a>&nbsp;&nbsp;&nbsp;halSetChannel
<LI><a href="#[64]">&gt;&gt;</a>&nbsp;&nbsp;&nbsp;halSetRadioIEEEAddress
<LI><a href="#[6d]">&gt;&gt;</a>&nbsp;&nbsp;&nbsp;halGetRandomByte
</UL>
<BR>[Called By]<UL><LI><a href="#[70]">&gt;&gt;</a>&nbsp;&nbsp;&nbsp;halResetRadio
<LI><a href="#[fd]">&gt;&gt;</a>&nbsp;&nbsp;&nbsp;phyFSM
</UL>

<P><STRONG><a name="[70]"></a>halResetRadio</STRONG> (Thumb, 50 bytes, Stack size 8 bytes, evboard.o(.text))
<BR><BR>[Stack]<UL><LI>Max Depth = 96<LI>Call Chain = halResetRadio &rArr; halInitRadio &rArr; halSetRadioIEEEAddress &rArr; Write_RAM
</UL>
<BR>[Calls]<UL><LI><a href="#[68]">&gt;&gt;</a>&nbsp;&nbsp;&nbsp;halWaitMs
<LI><a href="#[4a]">&gt;&gt;</a>&nbsp;&nbsp;&nbsp;GPIOPinWrite
<LI><a href="#[6b]">&gt;&gt;</a>&nbsp;&nbsp;&nbsp;halInitRadio
<LI><a href="#[63]">&gt;&gt;</a>&nbsp;&nbsp;&nbsp;halSetRadioShortAddr
<LI><a href="#[5f]">&gt;&gt;</a>&nbsp;&nbsp;&nbsp;halSetRadioPANID
</UL>
<BR>[Called By]<UL><LI><a href="#[73]">&gt;&gt;</a>&nbsp;&nbsp;&nbsp;halSendPacket
</UL>

<P><STRONG><a name="[71]"></a>halFlushRXFIFO</STRONG> (Thumb, 24 bytes, Stack size 8 bytes, evboard.o(.text))
<BR><BR>[Stack]<UL><LI>Max Depth = 16<LI>Call Chain = halFlushRXFIFO &rArr; Write_Command
</UL>
<BR>[Calls]<UL><LI><a href="#[51]">&gt;&gt;</a>&nbsp;&nbsp;&nbsp;Write_Command
<LI><a href="#[62]">&gt;&gt;</a>&nbsp;&nbsp;&nbsp;IntMasterEnable
<LI><a href="#[60]">&gt;&gt;</a>&nbsp;&nbsp;&nbsp;IntMasterDisable
</UL>
<BR>[Called By]<UL><LI><a href="#[73]">&gt;&gt;</a>&nbsp;&nbsp;&nbsp;halSendPacket
</UL>

<P><STRONG><a name="[72]"></a>doIEEE_backoff</STRONG> (Thumb, 112 bytes, Stack size 32 bytes, evboard.o(.text))
<BR><BR>[Stack]<UL><LI>Max Depth = 64<LI>Call Chain = doIEEE_backoff &rArr; halMACTimerNowDelta &rArr; halGetMACTimer &rArr; IntMasterEnable
</UL>
<BR>[Calls]<UL><LI><a href="#[6f]">&gt;&gt;</a>&nbsp;&nbsp;&nbsp;halMACTimerNowDelta
<LI><a href="#[5c]">&gt;&gt;</a>&nbsp;&nbsp;&nbsp;halGetMACTimer
<LI><a href="#[5a]">&gt;&gt;</a>&nbsp;&nbsp;&nbsp;GPIOPinRead
<LI><a href="#[6d]">&gt;&gt;</a>&nbsp;&nbsp;&nbsp;halGetRandomByte
</UL>
<BR>[Called By]<UL><LI><a href="#[73]">&gt;&gt;</a>&nbsp;&nbsp;&nbsp;halSendPacket
</UL>

<P><STRONG><a name="[73]"></a>halSendPacket</STRONG> (Thumb, 518 bytes, Stack size 32 bytes, evboard.o(.text))
<BR><BR>[Stack]<UL><LI>Max Depth = 128<LI>Call Chain = halSendPacket &rArr; halResetRadio &rArr; halInitRadio &rArr; halSetRadioIEEEAddress &rArr; Write_RAM
</UL>
<BR>[Calls]<UL><LI><a href="#[75]">&gt;&gt;</a>&nbsp;&nbsp;&nbsp;phyTxStartCallBack
<LI><a href="#[76]">&gt;&gt;</a>&nbsp;&nbsp;&nbsp;phyTxEndCallBack
<LI><a href="#[77]">&gt;&gt;</a>&nbsp;&nbsp;&nbsp;macTxCallback
<LI><a href="#[6f]">&gt;&gt;</a>&nbsp;&nbsp;&nbsp;halMACTimerNowDelta
<LI><a href="#[5c]">&gt;&gt;</a>&nbsp;&nbsp;&nbsp;halGetMACTimer
<LI><a href="#[74]">&gt;&gt;</a>&nbsp;&nbsp;&nbsp;Write_TXFIFO
<LI><a href="#[51]">&gt;&gt;</a>&nbsp;&nbsp;&nbsp;Write_Command
<LI><a href="#[6e]">&gt;&gt;</a>&nbsp;&nbsp;&nbsp;Read_Status
<LI><a href="#[62]">&gt;&gt;</a>&nbsp;&nbsp;&nbsp;IntMasterEnable
<LI><a href="#[60]">&gt;&gt;</a>&nbsp;&nbsp;&nbsp;IntMasterDisable
<LI><a href="#[5a]">&gt;&gt;</a>&nbsp;&nbsp;&nbsp;GPIOPinRead
<LI><a href="#[72]">&gt;&gt;</a>&nbsp;&nbsp;&nbsp;doIEEE_backoff
<LI><a href="#[71]">&gt;&gt;</a>&nbsp;&nbsp;&nbsp;halFlushRXFIFO
<LI><a href="#[70]">&gt;&gt;</a>&nbsp;&nbsp;&nbsp;halResetRadio
</UL>
<BR>[Called By]<UL><LI><a href="#[fd]">&gt;&gt;</a>&nbsp;&nbsp;&nbsp;phyFSM
</UL>

<P><STRONG><a name="[79]"></a>wait</STRONG> (Thumb, 20 bytes, Stack size 0 bytes, evbradio.o(.text))
<BR><BR>[Called By]<UL><LI><a href="#[7b]">&gt;&gt;</a>&nbsp;&nbsp;&nbsp;Read_Byte_RXFIFO
<LI><a href="#[74]">&gt;&gt;</a>&nbsp;&nbsp;&nbsp;Write_TXFIFO
<LI><a href="#[61]">&gt;&gt;</a>&nbsp;&nbsp;&nbsp;Write_RAM
<LI><a href="#[6a]">&gt;&gt;</a>&nbsp;&nbsp;&nbsp;Write_ConfigureWord
<LI><a href="#[51]">&gt;&gt;</a>&nbsp;&nbsp;&nbsp;Write_Command
<LI><a href="#[6e]">&gt;&gt;</a>&nbsp;&nbsp;&nbsp;Read_Status
<LI><a href="#[4b]">&gt;&gt;</a>&nbsp;&nbsp;&nbsp;Read_RXFIFO
</UL>

<P><STRONG><a name="[51]"></a>Write_Command</STRONG> (Thumb, 44 bytes, Stack size 8 bytes, evbradio.o(.text))
<BR><BR>[Stack]<UL><LI>Max Depth = 8<LI>Call Chain = Write_Command
</UL>
<BR>[Calls]<UL><LI><a href="#[78]">&gt;&gt;</a>&nbsp;&nbsp;&nbsp;SSIDataPut
<LI><a href="#[79]">&gt;&gt;</a>&nbsp;&nbsp;&nbsp;wait
<LI><a href="#[4a]">&gt;&gt;</a>&nbsp;&nbsp;&nbsp;GPIOPinWrite
</UL>
<BR>[Called By]<UL><LI><a href="#[6e]">&gt;&gt;</a>&nbsp;&nbsp;&nbsp;Read_Status
<LI><a href="#[73]">&gt;&gt;</a>&nbsp;&nbsp;&nbsp;halSendPacket
<LI><a href="#[71]">&gt;&gt;</a>&nbsp;&nbsp;&nbsp;halFlushRXFIFO
<LI><a href="#[6b]">&gt;&gt;</a>&nbsp;&nbsp;&nbsp;halInitRadio
<LI><a href="#[49]">&gt;&gt;</a>&nbsp;&nbsp;&nbsp;evbRadioIntCallback
</UL>

<P><STRONG><a name="[6e]"></a>Read_Status</STRONG> (Thumb, 54 bytes, Stack size 16 bytes, evbradio.o(.text))
<BR><BR>[Stack]<UL><LI>Max Depth = 24<LI>Call Chain = Read_Status &rArr; Write_Command
</UL>
<BR>[Calls]<UL><LI><a href="#[7a]">&gt;&gt;</a>&nbsp;&nbsp;&nbsp;SSIDataGet
<LI><a href="#[79]">&gt;&gt;</a>&nbsp;&nbsp;&nbsp;wait
<LI><a href="#[51]">&gt;&gt;</a>&nbsp;&nbsp;&nbsp;Write_Command
<LI><a href="#[4a]">&gt;&gt;</a>&nbsp;&nbsp;&nbsp;GPIOPinWrite
</UL>
<BR>[Called By]<UL><LI><a href="#[73]">&gt;&gt;</a>&nbsp;&nbsp;&nbsp;halSendPacket
<LI><a href="#[6b]">&gt;&gt;</a>&nbsp;&nbsp;&nbsp;halInitRadio
</UL>

<P><STRONG><a name="[6a]"></a>Write_ConfigureWord</STRONG> (Thumb, 64 bytes, Stack size 16 bytes, evbradio.o(.text))
<BR><BR>[Stack]<UL><LI>Max Depth = 16<LI>Call Chain = Write_ConfigureWord
</UL>
<BR>[Calls]<UL><LI><a href="#[78]">&gt;&gt;</a>&nbsp;&nbsp;&nbsp;SSIDataPut
<LI><a href="#[79]">&gt;&gt;</a>&nbsp;&nbsp;&nbsp;wait
</UL>
<BR>[Called By]<UL><LI><a href="#[6b]">&gt;&gt;</a>&nbsp;&nbsp;&nbsp;halInitRadio
<LI><a href="#[69]">&gt;&gt;</a>&nbsp;&nbsp;&nbsp;halSetChannel
</UL>

<P><STRONG><a name="[7b]"></a>Read_Byte_RXFIFO</STRONG> (Thumb, 44 bytes, Stack size 8 bytes, evbradio.o(.text), UNUSED)
<BR><BR>[Calls]<UL><LI><a href="#[78]">&gt;&gt;</a>&nbsp;&nbsp;&nbsp;SSIDataPut
<LI><a href="#[7a]">&gt;&gt;</a>&nbsp;&nbsp;&nbsp;SSIDataGet
<LI><a href="#[79]">&gt;&gt;</a>&nbsp;&nbsp;&nbsp;wait
</UL>

<P><STRONG><a name="[4b]"></a>Read_RXFIFO</STRONG> (Thumb, 130 bytes, Stack size 24 bytes, evbradio.o(.text))
<BR><BR>[Stack]<UL><LI>Max Depth = 24<LI>Call Chain = Read_RXFIFO
</UL>
<BR>[Calls]<UL><LI><a href="#[78]">&gt;&gt;</a>&nbsp;&nbsp;&nbsp;SSIDataPut
<LI><a href="#[7a]">&gt;&gt;</a>&nbsp;&nbsp;&nbsp;SSIDataGet
<LI><a href="#[79]">&gt;&gt;</a>&nbsp;&nbsp;&nbsp;wait
<LI><a href="#[4a]">&gt;&gt;</a>&nbsp;&nbsp;&nbsp;GPIOPinWrite
</UL>
<BR>[Called By]<UL><LI><a href="#[49]">&gt;&gt;</a>&nbsp;&nbsp;&nbsp;evbRadioIntCallback
</UL>

<P><STRONG><a name="[74]"></a>Write_TXFIFO</STRONG> (Thumb, 88 bytes, Stack size 16 bytes, evbradio.o(.text))
<BR><BR>[Stack]<UL><LI>Max Depth = 16<LI>Call Chain = Write_TXFIFO
</UL>
<BR>[Calls]<UL><LI><a href="#[78]">&gt;&gt;</a>&nbsp;&nbsp;&nbsp;SSIDataPut
<LI><a href="#[79]">&gt;&gt;</a>&nbsp;&nbsp;&nbsp;wait
<LI><a href="#[4a]">&gt;&gt;</a>&nbsp;&nbsp;&nbsp;GPIOPinWrite
</UL>
<BR>[Called By]<UL><LI><a href="#[73]">&gt;&gt;</a>&nbsp;&nbsp;&nbsp;halSendPacket
</UL>

<P><STRONG><a name="[61]"></a>Write_RAM</STRONG> (Thumb, 126 bytes, Stack size 24 bytes, evbradio.o(.text))
<BR><BR>[Stack]<UL><LI>Max Depth = 24<LI>Call Chain = Write_RAM
</UL>
<BR>[Calls]<UL><LI><a href="#[78]">&gt;&gt;</a>&nbsp;&nbsp;&nbsp;SSIDataPut
<LI><a href="#[79]">&gt;&gt;</a>&nbsp;&nbsp;&nbsp;wait
<LI><a href="#[4a]">&gt;&gt;</a>&nbsp;&nbsp;&nbsp;GPIOPinWrite
</UL>
<BR>[Called By]<UL><LI><a href="#[64]">&gt;&gt;</a>&nbsp;&nbsp;&nbsp;halSetRadioIEEEAddress
<LI><a href="#[63]">&gt;&gt;</a>&nbsp;&nbsp;&nbsp;halSetRadioShortAddr
<LI><a href="#[5f]">&gt;&gt;</a>&nbsp;&nbsp;&nbsp;halSetRadioPANID
</UL>

<P><STRONG><a name="[7c]"></a>timer2Init</STRONG> (Thumb, 70 bytes, Stack size 8 bytes, halstack.o(.text))
<BR><BR>[Stack]<UL><LI>Max Depth = 8<LI>Call Chain = timer2Init
</UL>
<BR>[Calls]<UL><LI><a href="#[7e]">&gt;&gt;</a>&nbsp;&nbsp;&nbsp;TimerPrescaleSet
<LI><a href="#[7f]">&gt;&gt;</a>&nbsp;&nbsp;&nbsp;TimerLoadSet
<LI><a href="#[80]">&gt;&gt;</a>&nbsp;&nbsp;&nbsp;TimerIntEnable
<LI><a href="#[81]">&gt;&gt;</a>&nbsp;&nbsp;&nbsp;TimerEnable
<LI><a href="#[7d]">&gt;&gt;</a>&nbsp;&nbsp;&nbsp;TimerConfigure
<LI><a href="#[3f]">&gt;&gt;</a>&nbsp;&nbsp;&nbsp;SysCtlPeripheralEnable
<LI><a href="#[48]">&gt;&gt;</a>&nbsp;&nbsp;&nbsp;IntEnable
</UL>
<BR>[Called By]<UL><LI><a href="#[83]">&gt;&gt;</a>&nbsp;&nbsp;&nbsp;halInitMACTimer
</UL>

<P><STRONG><a name="[82]"></a>timer0Init</STRONG> (Thumb, 62 bytes, Stack size 8 bytes, halstack.o(.text))
<BR><BR>[Stack]<UL><LI>Max Depth = 8<LI>Call Chain = timer0Init
</UL>
<BR>[Calls]<UL><LI><a href="#[7e]">&gt;&gt;</a>&nbsp;&nbsp;&nbsp;TimerPrescaleSet
<LI><a href="#[7f]">&gt;&gt;</a>&nbsp;&nbsp;&nbsp;TimerLoadSet
<LI><a href="#[80]">&gt;&gt;</a>&nbsp;&nbsp;&nbsp;TimerIntEnable
<LI><a href="#[7d]">&gt;&gt;</a>&nbsp;&nbsp;&nbsp;TimerConfigure
<LI><a href="#[3f]">&gt;&gt;</a>&nbsp;&nbsp;&nbsp;SysCtlPeripheralEnable
<LI><a href="#[48]">&gt;&gt;</a>&nbsp;&nbsp;&nbsp;IntEnable
</UL>
<BR>[Called By]<UL><LI><a href="#[83]">&gt;&gt;</a>&nbsp;&nbsp;&nbsp;halInitMACTimer
</UL>

<P><STRONG><a name="[83]"></a>halInitMACTimer</STRONG> (Thumb, 28 bytes, Stack size 8 bytes, halstack.o(.text))
<BR><BR>[Stack]<UL><LI>Max Depth = 16<LI>Call Chain = halInitMACTimer &rArr; timer0Init
</UL>
<BR>[Calls]<UL><LI><a href="#[81]">&gt;&gt;</a>&nbsp;&nbsp;&nbsp;TimerEnable
<LI><a href="#[82]">&gt;&gt;</a>&nbsp;&nbsp;&nbsp;timer0Init
<LI><a href="#[7c]">&gt;&gt;</a>&nbsp;&nbsp;&nbsp;timer2Init
</UL>
<BR>[Called By]<UL><LI><a href="#[8b]">&gt;&gt;</a>&nbsp;&nbsp;&nbsp;halInit
</UL>

<P><STRONG><a name="[84]"></a>halInitUart</STRONG> (Thumb, 122 bytes, Stack size 8 bytes, halstack.o(.text))
<BR><BR>[Stack]<UL><LI>Max Depth = 20<LI>Call Chain = halInitUart &rArr; GPIOPinTypeUART
</UL>
<BR>[Calls]<UL><LI><a href="#[8a]">&gt;&gt;</a>&nbsp;&nbsp;&nbsp;UARTIntEnable
<LI><a href="#[89]">&gt;&gt;</a>&nbsp;&nbsp;&nbsp;UARTIntDisable
<LI><a href="#[88]">&gt;&gt;</a>&nbsp;&nbsp;&nbsp;UARTFIFOLevelSet
<LI><a href="#[87]">&gt;&gt;</a>&nbsp;&nbsp;&nbsp;UARTEnable
<LI><a href="#[86]">&gt;&gt;</a>&nbsp;&nbsp;&nbsp;UARTConfigSetExpClk
<LI><a href="#[85]">&gt;&gt;</a>&nbsp;&nbsp;&nbsp;GPIOPinTypeUART
<LI><a href="#[3f]">&gt;&gt;</a>&nbsp;&nbsp;&nbsp;SysCtlPeripheralEnable
<LI><a href="#[3e]">&gt;&gt;</a>&nbsp;&nbsp;&nbsp;SysCtlClockGet
<LI><a href="#[62]">&gt;&gt;</a>&nbsp;&nbsp;&nbsp;IntMasterEnable
<LI><a href="#[48]">&gt;&gt;</a>&nbsp;&nbsp;&nbsp;IntEnable
</UL>
<BR>[Called By]<UL><LI><a href="#[8b]">&gt;&gt;</a>&nbsp;&nbsp;&nbsp;halInit
</UL>

<P><STRONG><a name="[8b]"></a>halInit</STRONG> (Thumb, 22 bytes, Stack size 8 bytes, halstack.o(.text))
<BR><BR>[Stack]<UL><LI>Max Depth = 28<LI>Call Chain = halInit &rArr; halInitUart &rArr; GPIOPinTypeUART
</UL>
<BR>[Calls]<UL><LI><a href="#[84]">&gt;&gt;</a>&nbsp;&nbsp;&nbsp;halInitUart
<LI><a href="#[83]">&gt;&gt;</a>&nbsp;&nbsp;&nbsp;halInitMACTimer
</UL>
<BR>[Called By]<UL><LI><a href="#[b3]">&gt;&gt;</a>&nbsp;&nbsp;&nbsp;targetInit
</UL>

<P><STRONG><a name="[1d6]"></a>halGetch</STRONG> (Thumb, 46 bytes, Stack size 0 bytes, halstack.o(.text), UNUSED)

<P><STRONG><a name="[1d7]"></a>halGetchRdy</STRONG> (Thumb, 20 bytes, Stack size 0 bytes, halstack.o(.text), UNUSED)

<P><STRONG><a name="[8c]"></a>halPutch</STRONG> (Thumb, 14 bytes, Stack size 8 bytes, halstack.o(.text))
<BR><BR>[Stack]<UL><LI>Max Depth = 8<LI>Call Chain = halPutch
</UL>
<BR>[Calls]<UL><LI><a href="#[8d]">&gt;&gt;</a>&nbsp;&nbsp;&nbsp;UARTCharPut
</UL>
<BR>[Called By]<UL><LI><a href="#[ee]">&gt;&gt;</a>&nbsp;&nbsp;&nbsp;conPrintUINT8_noleader
<LI><a href="#[a6]">&gt;&gt;</a>&nbsp;&nbsp;&nbsp;conPrintString
<LI><a href="#[c5]">&gt;&gt;</a>&nbsp;&nbsp;&nbsp;conPrintChar
<LI><a href="#[6c]">&gt;&gt;</a>&nbsp;&nbsp;&nbsp;conPrintROMString_func
</UL>

<P><STRONG><a name="[8e]"></a>halRawPut</STRONG> (Thumb, 26 bytes, Stack size 8 bytes, halstack.o(.text), UNUSED)
<BR><BR>[Calls]<UL><LI><a href="#[8d]">&gt;&gt;</a>&nbsp;&nbsp;&nbsp;UARTCharPut
</UL>

<P><STRONG><a name="[9]"></a>UART0_ISR</STRONG> (Thumb, 138 bytes, Stack size 16 bytes, halstack.o(.text))
<BR><BR>[Stack]<UL><LI>Max Depth = 32<LI>Call Chain = UART0_ISR &rArr; isprint &rArr; __rt_ctype_table
</UL>
<BR>[Calls]<UL><LI><a href="#[8f]">&gt;&gt;</a>&nbsp;&nbsp;&nbsp;UARTIntStatus
<LI><a href="#[90]">&gt;&gt;</a>&nbsp;&nbsp;&nbsp;UARTIntClear
<LI><a href="#[91]">&gt;&gt;</a>&nbsp;&nbsp;&nbsp;UARTCharsAvail
<LI><a href="#[8d]">&gt;&gt;</a>&nbsp;&nbsp;&nbsp;UARTCharPut
<LI><a href="#[92]">&gt;&gt;</a>&nbsp;&nbsp;&nbsp;UARTCharGetNonBlocking
<LI><a href="#[93]">&gt;&gt;</a>&nbsp;&nbsp;&nbsp;isprint
</UL>
<BR>[Address Reference Count : 1]<UL><LI> startup.o(RESET)
</UL>
<P><STRONG><a name="[94]"></a>halShutdown</STRONG> (Thumb, 28 bytes, Stack size 8 bytes, halstack.o(.text), UNUSED)
<BR><BR>[Calls]<UL><LI><a href="#[95]">&gt;&gt;</a>&nbsp;&nbsp;&nbsp;TimerIntDisable
<LI><a href="#[66]">&gt;&gt;</a>&nbsp;&nbsp;&nbsp;halDisableRadio
</UL>
<BR>[Called By]<UL><LI><a href="#[e6]">&gt;&gt;</a>&nbsp;&nbsp;&nbsp;aplShutdown
</UL>

<P><STRONG><a name="[96]"></a>halWarmstart</STRONG> (Thumb, 24 bytes, Stack size 8 bytes, halstack.o(.text), UNUSED)
<BR><BR>[Calls]<UL><LI><a href="#[80]">&gt;&gt;</a>&nbsp;&nbsp;&nbsp;TimerIntEnable
</UL>
<BR>[Called By]<UL><LI><a href="#[e8]">&gt;&gt;</a>&nbsp;&nbsp;&nbsp;macWarmStartRadio
</UL>

<P><STRONG><a name="[cd]"></a>halMacTicksToUs</STRONG> (Thumb, 6 bytes, Stack size 0 bytes, halstack.o(.text), UNUSED)
<BR><BR>[Called By]<UL><LI><a href="#[cc]">&gt;&gt;</a>&nbsp;&nbsp;&nbsp;aplMacTicksToUs
</UL>

<P><STRONG><a name="[5c]"></a>halGetMACTimer</STRONG> (Thumb, 54 bytes, Stack size 8 bytes, halstack.o(.text))
<BR><BR>[Stack]<UL><LI>Max Depth = 16<LI>Call Chain = halGetMACTimer &rArr; IntMasterEnable
</UL>
<BR>[Calls]<UL><LI><a href="#[58]">&gt;&gt;</a>&nbsp;&nbsp;&nbsp;TimerValueGet
<LI><a href="#[62]">&gt;&gt;</a>&nbsp;&nbsp;&nbsp;IntMasterEnable
<LI><a href="#[60]">&gt;&gt;</a>&nbsp;&nbsp;&nbsp;IntMasterDisable
</UL>
<BR>[Called By]<UL><LI><a href="#[d4]">&gt;&gt;</a>&nbsp;&nbsp;&nbsp;zepHandleRxPacket
<LI><a href="#[dd]">&gt;&gt;</a>&nbsp;&nbsp;&nbsp;zepFSM
<LI><a href="#[d6]">&gt;&gt;</a>&nbsp;&nbsp;&nbsp;apsTxData
<LI><a href="#[db]">&gt;&gt;</a>&nbsp;&nbsp;&nbsp;apsTxFSM
<LI><a href="#[75]">&gt;&gt;</a>&nbsp;&nbsp;&nbsp;phyTxStartCallBack
<LI><a href="#[77]">&gt;&gt;</a>&nbsp;&nbsp;&nbsp;macTxCallback
<LI><a href="#[6f]">&gt;&gt;</a>&nbsp;&nbsp;&nbsp;halMACTimerNowDelta
<LI><a href="#[73]">&gt;&gt;</a>&nbsp;&nbsp;&nbsp;halSendPacket
<LI><a href="#[72]">&gt;&gt;</a>&nbsp;&nbsp;&nbsp;doIEEE_backoff
<LI><a href="#[6b]">&gt;&gt;</a>&nbsp;&nbsp;&nbsp;halInitRadio
<LI><a href="#[5b]">&gt;&gt;</a>&nbsp;&nbsp;&nbsp;evbInit
<LI><a href="#[113]">&gt;&gt;</a>&nbsp;&nbsp;&nbsp;macFSM
<LI><a href="#[10b]">&gt;&gt;</a>&nbsp;&nbsp;&nbsp;macRxFSM
</UL>

<P><STRONG><a name="[6f]"></a>halMACTimerNowDelta</STRONG> (Thumb, 20 bytes, Stack size 16 bytes, halstack.o(.text))
<BR><BR>[Stack]<UL><LI>Max Depth = 32<LI>Call Chain = halMACTimerNowDelta &rArr; halGetMACTimer &rArr; IntMasterEnable
</UL>
<BR>[Calls]<UL><LI><a href="#[5c]">&gt;&gt;</a>&nbsp;&nbsp;&nbsp;halGetMACTimer
</UL>
<BR>[Called By]<UL><LI><a href="#[dd]">&gt;&gt;</a>&nbsp;&nbsp;&nbsp;zepFSM
<LI><a href="#[db]">&gt;&gt;</a>&nbsp;&nbsp;&nbsp;apsTxFSM
<LI><a href="#[73]">&gt;&gt;</a>&nbsp;&nbsp;&nbsp;halSendPacket
<LI><a href="#[72]">&gt;&gt;</a>&nbsp;&nbsp;&nbsp;doIEEE_backoff
<LI><a href="#[6b]">&gt;&gt;</a>&nbsp;&nbsp;&nbsp;halInitRadio
<LI><a href="#[fd]">&gt;&gt;</a>&nbsp;&nbsp;&nbsp;phyFSM
<LI><a href="#[113]">&gt;&gt;</a>&nbsp;&nbsp;&nbsp;macFSM
<LI><a href="#[112]">&gt;&gt;</a>&nbsp;&nbsp;&nbsp;macTxFSM
</UL>

<P><STRONG><a name="[cf]"></a>halUtilMemCopy</STRONG> (Thumb, 20 bytes, Stack size 0 bytes, halstack.o(.text))
<BR><BR>[Called By]<UL><LI><a href="#[dc]">&gt;&gt;</a>&nbsp;&nbsp;&nbsp;apsFSM
<LI><a href="#[ce]">&gt;&gt;</a>&nbsp;&nbsp;&nbsp;apsRxBuffAdd
<LI><a href="#[d5]">&gt;&gt;</a>&nbsp;&nbsp;&nbsp;apsInjectTxPacket
<LI><a href="#[123]">&gt;&gt;</a>&nbsp;&nbsp;&nbsp;nwkTxData
<LI><a href="#[11c]">&gt;&gt;</a>&nbsp;&nbsp;&nbsp;ntNewAddressMapEntry
</UL>

<P><STRONG><a name="[65]"></a>halGetProcessorIEEEAddress</STRONG> (Thumb, 26 bytes, Stack size 0 bytes, halstack.o(.text))
<BR><BR>[Called By]<UL><LI><a href="#[e0]">&gt;&gt;</a>&nbsp;&nbsp;&nbsp;zepFmtNodeInfoRsp
<LI><a href="#[df]">&gt;&gt;</a>&nbsp;&nbsp;&nbsp;zepFmtEndDeviceAnnounce
<LI><a href="#[ed]">&gt;&gt;</a>&nbsp;&nbsp;&nbsp;aplFmtSendMSG
<LI><a href="#[b7]">&gt;&gt;</a>&nbsp;&nbsp;&nbsp;conPrintConfig
<LI><a href="#[64]">&gt;&gt;</a>&nbsp;&nbsp;&nbsp;halSetRadioIEEEAddress
<LI><a href="#[102]">&gt;&gt;</a>&nbsp;&nbsp;&nbsp;ntAddOurselvesToAddressTable
<LI><a href="#[103]">&gt;&gt;</a>&nbsp;&nbsp;&nbsp;macTxData
</UL>

<P><STRONG><a name="[68]"></a>halWaitMs</STRONG> (Thumb, 38 bytes, Stack size 8 bytes, halstack.o(.text))
<BR><BR>[Stack]<UL><LI>Max Depth = 8<LI>Call Chain = halWaitMs
</UL>
<BR>[Called By]<UL><LI><a href="#[70]">&gt;&gt;</a>&nbsp;&nbsp;&nbsp;halResetRadio
<LI><a href="#[6b]">&gt;&gt;</a>&nbsp;&nbsp;&nbsp;halInitRadio
<LI><a href="#[66]">&gt;&gt;</a>&nbsp;&nbsp;&nbsp;halDisableRadio
</UL>

<P><STRONG><a name="[12e]"></a>halIdle</STRONG> (Thumb, 2 bytes, Stack size 0 bytes, halstack.o(.text))
<BR><BR>[Called By]<UL><LI><a href="#[fd]">&gt;&gt;</a>&nbsp;&nbsp;&nbsp;phyFSM
</UL>

<P><STRONG><a name="[97]"></a>halSleep</STRONG> (Thumb, 42 bytes, Stack size 8 bytes, halstack.o(.text), UNUSED)
<BR><BR>[Calls]<UL><LI><a href="#[98]">&gt;&gt;</a>&nbsp;&nbsp;&nbsp;SysCtlSleep
</UL>

<P><STRONG><a name="[a]"></a>Timer0B_ISR</STRONG> (Thumb, 24 bytes, Stack size 8 bytes, halstack.o(.text))
<BR><BR>[Stack]<UL><LI>Max Depth = 8<LI>Call Chain = Timer0B_ISR
</UL>
<BR>[Calls]<UL><LI><a href="#[99]">&gt;&gt;</a>&nbsp;&nbsp;&nbsp;TimerIntClear
</UL>
<BR>[Address Reference Count : 1]<UL><LI> startup.o(RESET)
</UL>
<P><STRONG><a name="[b]"></a>Timer2B_ISR</STRONG> (Thumb, 22 bytes, Stack size 8 bytes, halstack.o(.text))
<BR><BR>[Stack]<UL><LI>Max Depth = 16<LI>Call Chain = Timer2B_ISR &rArr; evbIntCallback
</UL>
<BR>[Calls]<UL><LI><a href="#[9a]">&gt;&gt;</a>&nbsp;&nbsp;&nbsp;usrSlowTimerInt
<LI><a href="#[99]">&gt;&gt;</a>&nbsp;&nbsp;&nbsp;TimerIntClear
<LI><a href="#[59]">&gt;&gt;</a>&nbsp;&nbsp;&nbsp;evbIntCallback
</UL>
<BR>[Address Reference Count : 1]<UL><LI> startup.o(RESET)
</UL>
<P><STRONG><a name="[17b]"></a>__user_initial_stackheap</STRONG> (Thumb, 0 bytes, Stack size unknown bytes, startup.o(.text))
<BR><BR>[Called By]<UL><LI><a href="#[32]">&gt;&gt;</a>&nbsp;&nbsp;&nbsp;__user_setup_stackheap
</UL>

<P><STRONG><a name="[1d8]"></a>BOOLToggle</STRONG> (Thumb, 14 bytes, Stack size 0 bytes, target.o(.text), UNUSED)

<P><STRONG><a name="[9b]"></a>LCD_Init</STRONG> (Thumb, 544 bytes, Stack size 40 bytes, target.o(.text))
<BR><BR>[Stack]<UL><LI>Max Depth = 164 + Unknown Stack Size
<LI>Call Chain = LCD_Init &rArr; PinoutSet &rArr; EPIPinConfigSet &rArr; CalcEPIDivider &rArr; EPIDividerFromRate
</UL>
<BR>[Calls]<UL><LI><a href="#[9d]">&gt;&gt;</a>&nbsp;&nbsp;&nbsp;PinoutSet
<LI><a href="#[9e]">&gt;&gt;</a>&nbsp;&nbsp;&nbsp;Kitronix320x240x16_SSD2119Init
<LI><a href="#[a2]">&gt;&gt;</a>&nbsp;&nbsp;&nbsp;GrStringWidthGet
<LI><a href="#[a3]">&gt;&gt;</a>&nbsp;&nbsp;&nbsp;GrStringDraw
<LI><a href="#[a0]">&gt;&gt;</a>&nbsp;&nbsp;&nbsp;GrRectFill
<LI><a href="#[a1]">&gt;&gt;</a>&nbsp;&nbsp;&nbsp;GrRectDraw
<LI><a href="#[9f]">&gt;&gt;</a>&nbsp;&nbsp;&nbsp;GrContextInit
<LI><a href="#[9c]">&gt;&gt;</a>&nbsp;&nbsp;&nbsp;__2sprintf
</UL>
<BR>[Called By]<UL><LI><a href="#[b3]">&gt;&gt;</a>&nbsp;&nbsp;&nbsp;targetInit
</UL>

<P><STRONG><a name="[a4]"></a>lcd</STRONG> (Thumb, 238 bytes, Stack size 40 bytes, target.o(.text))
<BR><BR>[Stack]<UL><LI>Max Depth = 160 + Unknown Stack Size
<LI>Call Chain = lcd &rArr; __2sprintf &rArr; _printf_char_common &rArr; __printf
</UL>
<BR>[Calls]<UL><LI><a href="#[a2]">&gt;&gt;</a>&nbsp;&nbsp;&nbsp;GrStringWidthGet
<LI><a href="#[a3]">&gt;&gt;</a>&nbsp;&nbsp;&nbsp;GrStringDraw
<LI><a href="#[9c]">&gt;&gt;</a>&nbsp;&nbsp;&nbsp;__2sprintf
</UL>
<BR>[Called By]<UL><LI><a href="#[ba]">&gt;&gt;</a>&nbsp;&nbsp;&nbsp;datajudge
</UL>

<P><STRONG><a name="[a5]"></a>SendToUP210</STRONG> (Thumb, 172 bytes, Stack size 24 bytes, target.o(.text))
<BR><BR>[Stack]<UL><LI>Max Depth = 144 + Unknown Stack Size
<LI>Call Chain = SendToUP210 &rArr; __2sprintf &rArr; _printf_char_common &rArr; __printf
</UL>
<BR>[Calls]<UL><LI><a href="#[a6]">&gt;&gt;</a>&nbsp;&nbsp;&nbsp;conPrintString
<LI><a href="#[9c]">&gt;&gt;</a>&nbsp;&nbsp;&nbsp;__2sprintf
</UL>
<BR>[Called By]<UL><LI><a href="#[ba]">&gt;&gt;</a>&nbsp;&nbsp;&nbsp;datajudge
<LI><a href="#[a9]">&gt;&gt;</a>&nbsp;&nbsp;&nbsp;string2
<LI><a href="#[a7]">&gt;&gt;</a>&nbsp;&nbsp;&nbsp;string
</UL>

<P><STRONG><a name="[a7]"></a>string</STRONG> (Thumb, 136 bytes, Stack size 8 bytes, target.o(.text), UNUSED)
<BR><BR>[Calls]<UL><LI><a href="#[a5]">&gt;&gt;</a>&nbsp;&nbsp;&nbsp;SendToUP210
<LI><a href="#[9c]">&gt;&gt;</a>&nbsp;&nbsp;&nbsp;__2sprintf
</UL>
<BR>[Called By]<UL><LI><a href="#[ab]">&gt;&gt;</a>&nbsp;&nbsp;&nbsp;lockt
</UL>

<P><STRONG><a name="[a8]"></a>string1</STRONG> (Thumb, 52 bytes, Stack size 8 bytes, target.o(.text), UNUSED)
<BR><BR>[Calls]<UL><LI><a href="#[9c]">&gt;&gt;</a>&nbsp;&nbsp;&nbsp;__2sprintf
</UL>
<BR>[Called By]<UL><LI><a href="#[ab]">&gt;&gt;</a>&nbsp;&nbsp;&nbsp;lockt
</UL>

<P><STRONG><a name="[a9]"></a>string2</STRONG> (Thumb, 62 bytes, Stack size 8 bytes, target.o(.text), UNUSED)
<BR><BR>[Calls]<UL><LI><a href="#[a5]">&gt;&gt;</a>&nbsp;&nbsp;&nbsp;SendToUP210
<LI><a href="#[9c]">&gt;&gt;</a>&nbsp;&nbsp;&nbsp;__2sprintf
</UL>
<BR>[Called By]<UL><LI><a href="#[ab]">&gt;&gt;</a>&nbsp;&nbsp;&nbsp;lockt
</UL>

<P><STRONG><a name="[aa]"></a>string3</STRONG> (Thumb, 52 bytes, Stack size 8 bytes, target.o(.text), UNUSED)
<BR><BR>[Calls]<UL><LI><a href="#[9c]">&gt;&gt;</a>&nbsp;&nbsp;&nbsp;__2sprintf
</UL>
<BR>[Called By]<UL><LI><a href="#[ab]">&gt;&gt;</a>&nbsp;&nbsp;&nbsp;lockt
</UL>

<P><STRONG><a name="[ab]"></a>lockt</STRONG> (Thumb, 82 bytes, Stack size 8 bytes, target.o(.text), UNUSED)
<BR><BR>[Calls]<UL><LI><a href="#[aa]">&gt;&gt;</a>&nbsp;&nbsp;&nbsp;string3
<LI><a href="#[a9]">&gt;&gt;</a>&nbsp;&nbsp;&nbsp;string2
<LI><a href="#[a8]">&gt;&gt;</a>&nbsp;&nbsp;&nbsp;string1
<LI><a href="#[a7]">&gt;&gt;</a>&nbsp;&nbsp;&nbsp;string
<LI><a href="#[ac]">&gt;&gt;</a>&nbsp;&nbsp;&nbsp;__aeabi_f2iz
</UL>

<P><STRONG><a name="[ad]"></a>JTAG_Wait</STRONG> (Thumb, 38 bytes, Stack size 8 bytes, target.o(.text))
<BR><BR>[Stack]<UL><LI>Max Depth = 20<LI>Call Chain = JTAG_Wait &rArr; GPIOPinTypeGPIOInput
</UL>
<BR>[Calls]<UL><LI><a href="#[ae]">&gt;&gt;</a>&nbsp;&nbsp;&nbsp;SysCtlPeripheralDisable
<LI><a href="#[3f]">&gt;&gt;</a>&nbsp;&nbsp;&nbsp;SysCtlPeripheralEnable
<LI><a href="#[43]">&gt;&gt;</a>&nbsp;&nbsp;&nbsp;GPIOPinTypeGPIOInput
<LI><a href="#[5a]">&gt;&gt;</a>&nbsp;&nbsp;&nbsp;GPIOPinRead
</UL>
<BR>[Called By]<UL><LI><a href="#[b3]">&gt;&gt;</a>&nbsp;&nbsp;&nbsp;targetInit
</UL>

<P><STRONG><a name="[b3]"></a>targetInit</STRONG> (Thumb, 88 bytes, Stack size 8 bytes, target.o(.text))
<BR><BR>[Stack]<UL><LI>Max Depth = 172 + Unknown Stack Size
<LI>Call Chain = targetInit &rArr; LCD_Init &rArr; PinoutSet &rArr; EPIPinConfigSet &rArr; CalcEPIDivider &rArr; EPIDividerFromRate
</UL>
<BR>[Calls]<UL><LI><a href="#[b7]">&gt;&gt;</a>&nbsp;&nbsp;&nbsp;conPrintConfig
<LI><a href="#[b6]">&gt;&gt;</a>&nbsp;&nbsp;&nbsp;apsInit
<LI><a href="#[b4]">&gt;&gt;</a>&nbsp;&nbsp;&nbsp;SysCtlLDOSet
<LI><a href="#[b5]">&gt;&gt;</a>&nbsp;&nbsp;&nbsp;SysCtlClockSet
<LI><a href="#[ad]">&gt;&gt;</a>&nbsp;&nbsp;&nbsp;JTAG_Wait
<LI><a href="#[9b]">&gt;&gt;</a>&nbsp;&nbsp;&nbsp;LCD_Init
<LI><a href="#[af]">&gt;&gt;</a>&nbsp;&nbsp;&nbsp;tickInit
<LI><a href="#[8b]">&gt;&gt;</a>&nbsp;&nbsp;&nbsp;halInit
<LI><a href="#[62]">&gt;&gt;</a>&nbsp;&nbsp;&nbsp;IntMasterEnable
<LI><a href="#[5d]">&gt;&gt;</a>&nbsp;&nbsp;&nbsp;evbLedSet
<LI><a href="#[5b]">&gt;&gt;</a>&nbsp;&nbsp;&nbsp;evbInit
</UL>
<BR>[Called By]<UL><LI><a href="#[13]">&gt;&gt;</a>&nbsp;&nbsp;&nbsp;taskStart
</UL>

<P><STRONG><a name="[b8]"></a>usrZepRxCallback</STRONG> (Thumb, 18 bytes, Stack size 8 bytes, target.o(.text))
<BR><BR>[Stack]<UL><LI>Max Depth = 64<LI>Call Chain = usrZepRxCallback &rArr; dbgPrintNeighborTable &rArr; conPrintLADDR_bytes &rArr; conPrintUINT8_noleader &rArr; halPutch
</UL>
<BR>[Calls]<UL><LI><a href="#[b9]">&gt;&gt;</a>&nbsp;&nbsp;&nbsp;dbgPrintNeighborTable
</UL>
<BR>[Called By]<UL><LI><a href="#[d4]">&gt;&gt;</a>&nbsp;&nbsp;&nbsp;zepHandleRxPacket
</UL>

<P><STRONG><a name="[ba]"></a>datajudge</STRONG> (Thumb, 430 bytes, Stack size 8 bytes, target.o(.text))
<BR><BR>[Stack]<UL><LI>Max Depth = 168 + Unknown Stack Size
<LI>Call Chain = datajudge &rArr; lcd &rArr; __2sprintf &rArr; _printf_char_common &rArr; __printf
</UL>
<BR>[Calls]<UL><LI><a href="#[a5]">&gt;&gt;</a>&nbsp;&nbsp;&nbsp;SendToUP210
<LI><a href="#[a4]">&gt;&gt;</a>&nbsp;&nbsp;&nbsp;lcd
<LI><a href="#[bb]">&gt;&gt;</a>&nbsp;&nbsp;&nbsp;__aeabi_cfrcmple
<LI><a href="#[bc]">&gt;&gt;</a>&nbsp;&nbsp;&nbsp;strncmp
<LI><a href="#[9c]">&gt;&gt;</a>&nbsp;&nbsp;&nbsp;__2sprintf
</UL>
<BR>[Called By]<UL><LI><a href="#[c2]">&gt;&gt;</a>&nbsp;&nbsp;&nbsp;usrRxPacketCallback
</UL>

<P><STRONG><a name="[bd]"></a>AnalysisPacket</STRONG> (Thumb, 496 bytes, Stack size 88 bytes, target.o(.text))
<BR><BR>[Stack]<UL><LI>Max Depth = 536<LI>Call Chain = AnalysisPacket &rArr; atof &rArr; __strtod_int &rArr; _local_sscanf &rArr; _scanf_real &rArr; _scanf_really_real &rArr; _fp_value &rArr; _btod_etento &rArr; _btod_emul &rArr; _e2e
</UL>
<BR>[Calls]<UL><LI><a href="#[be]">&gt;&gt;</a>&nbsp;&nbsp;&nbsp;atof
<LI><a href="#[bf]">&gt;&gt;</a>&nbsp;&nbsp;&nbsp;__aeabi_d2iz
<LI><a href="#[c0]">&gt;&gt;</a>&nbsp;&nbsp;&nbsp;__aeabi_d2f
<LI><a href="#[c1]">&gt;&gt;</a>&nbsp;&nbsp;&nbsp;strcpy
</UL>
<BR>[Called By]<UL><LI><a href="#[c2]">&gt;&gt;</a>&nbsp;&nbsp;&nbsp;usrRxPacketCallback
</UL>

<P><STRONG><a name="[c2]"></a>usrRxPacketCallback</STRONG> (Thumb, 76 bytes, Stack size 16 bytes, target.o(.text))
<BR><BR>[Stack]<UL><LI>Max Depth = 552 + Unknown Stack Size
<LI>Call Chain = usrRxPacketCallback &rArr; AnalysisPacket &rArr; atof &rArr; __strtod_int &rArr; _local_sscanf &rArr; _scanf_real &rArr; _scanf_really_real &rArr; _fp_value &rArr; _btod_etento &rArr; _btod_emul &rArr; _e2e
</UL>
<BR>[Calls]<UL><LI><a href="#[c5]">&gt;&gt;</a>&nbsp;&nbsp;&nbsp;conPrintChar
<LI><a href="#[bd]">&gt;&gt;</a>&nbsp;&nbsp;&nbsp;AnalysisPacket
<LI><a href="#[ba]">&gt;&gt;</a>&nbsp;&nbsp;&nbsp;datajudge
<LI><a href="#[5d]">&gt;&gt;</a>&nbsp;&nbsp;&nbsp;evbLedSet
<LI><a href="#[c3]">&gt;&gt;</a>&nbsp;&nbsp;&nbsp;__aeabi_memclr4
<LI><a href="#[c4]">&gt;&gt;</a>&nbsp;&nbsp;&nbsp;__aeabi_memcpy
</UL>
<BR>[Called By]<UL><LI><a href="#[dc]">&gt;&gt;</a>&nbsp;&nbsp;&nbsp;apsFSM
<LI><a href="#[da]">&gt;&gt;</a>&nbsp;&nbsp;&nbsp;apsInjectPacket
<LI><a href="#[d0]">&gt;&gt;</a>&nbsp;&nbsp;&nbsp;apsRxFSM
</UL>

<P><STRONG><a name="[106]"></a>usrJoinVerifyCallback</STRONG> (Thumb, 6 bytes, Stack size 0 bytes, target.o(.text))
<BR><BR>[Called By]<UL><LI><a href="#[104]">&gt;&gt;</a>&nbsp;&nbsp;&nbsp;macFormatAssociationResponse
</UL>

<P><STRONG><a name="[c6]"></a>usrJoinNotifyCallback</STRONG> (Thumb, 12 bytes, Stack size 8 bytes, target.o(.text))
<BR><BR>[Stack]<UL><LI>Max Depth = 32<LI>Call Chain = usrJoinNotifyCallback &rArr; conPCRLF &rArr; conPrintROMString_func &rArr; halPutch
</UL>
<BR>[Calls]<UL><LI><a href="#[c7]">&gt;&gt;</a>&nbsp;&nbsp;&nbsp;conPCRLF
</UL>
<BR>[Called By]<UL><LI><a href="#[104]">&gt;&gt;</a>&nbsp;&nbsp;&nbsp;macFormatAssociationResponse
</UL>

<P><STRONG><a name="[9a]"></a>usrSlowTimerInt</STRONG> (Thumb, 2 bytes, Stack size 0 bytes, target.o(.text))
<BR><BR>[Called By]<UL><LI><a href="#[b]">&gt;&gt;</a>&nbsp;&nbsp;&nbsp;Timer2B_ISR
</UL>

<P><STRONG><a name="[54]"></a>usrIntCallback</STRONG> (Thumb, 2 bytes, Stack size 0 bytes, target.o(.text))
<BR><BR>[Called By]<UL><LI><a href="#[c]">&gt;&gt;</a>&nbsp;&nbsp;&nbsp;GPIO_Port_J_ISR
</UL>

<P><STRONG><a name="[8]"></a>tickISRHandler</STRONG> (Thumb, 30 bytes, Stack size 8 bytes, target.o(.text))
<BR><BR>[Stack]<UL><LI>Max Depth = 16 + Unknown Stack Size
<LI>Call Chain = tickISRHandler &rArr; OSTimeTick
</UL>
<BR>[Calls]<UL><LI><a href="#[c9]">&gt;&gt;</a>&nbsp;&nbsp;&nbsp;OS_EXIT_CRITICAL
<LI><a href="#[c8]">&gt;&gt;</a>&nbsp;&nbsp;&nbsp;OS_ENTER_CRITICAL
<LI><a href="#[ca]">&gt;&gt;</a>&nbsp;&nbsp;&nbsp;OSTimeTick
<LI><a href="#[cb]">&gt;&gt;</a>&nbsp;&nbsp;&nbsp;OSIntExit
</UL>
<BR>[Address Reference Count : 1]<UL><LI> startup.o(RESET)
</UL>
<P><STRONG><a name="[cc]"></a>aplMacTicksToUs</STRONG> (Thumb, 12 bytes, Stack size 8 bytes, aps.o(.text), UNUSED)
<BR><BR>[Calls]<UL><LI><a href="#[cd]">&gt;&gt;</a>&nbsp;&nbsp;&nbsp;halMacTicksToUs
</UL>

<P><STRONG><a name="[ce]"></a>apsRxBuffAdd</STRONG> (Thumb, 72 bytes, Stack size 8 bytes, aps.o(.text))
<BR><BR>[Stack]<UL><LI>Max Depth = 8<LI>Call Chain = apsRxBuffAdd
</UL>
<BR>[Calls]<UL><LI><a href="#[cf]">&gt;&gt;</a>&nbsp;&nbsp;&nbsp;halUtilMemCopy
</UL>
<BR>[Called By]<UL><LI><a href="#[da]">&gt;&gt;</a>&nbsp;&nbsp;&nbsp;apsInjectPacket
<LI><a href="#[d0]">&gt;&gt;</a>&nbsp;&nbsp;&nbsp;apsRxFSM
</UL>

<P><STRONG><a name="[d3]"></a>apsRxBuffFull</STRONG> (Thumb, 16 bytes, Stack size 0 bytes, aps.o(.text))
<BR><BR>[Called By]<UL><LI><a href="#[dc]">&gt;&gt;</a>&nbsp;&nbsp;&nbsp;apsFSM
<LI><a href="#[d0]">&gt;&gt;</a>&nbsp;&nbsp;&nbsp;apsRxFSM
</UL>

<P><STRONG><a name="[d6]"></a>apsTxData</STRONG> (Thumb, 670 bytes, Stack size 16 bytes, aps.o(.text))
<BR><BR>[Stack]<UL><LI>Max Depth = 584 + Unknown Stack Size
<LI>Call Chain = apsTxData &rArr; apsInjectTxPacket &rArr; apsRxFSM &rArr; usrRxPacketCallback &rArr; AnalysisPacket &rArr; atof &rArr; __strtod_int &rArr; _local_sscanf &rArr; _scanf_real &rArr; _scanf_really_real &rArr; _fp_value &rArr; _btod_etento &rArr; _btod_emul &rArr; _e2e
</UL>
<BR>[Calls]<UL><LI><a href="#[d7]">&gt;&gt;</a>&nbsp;&nbsp;&nbsp;nwkGetHopsToDest
<LI><a href="#[d8]">&gt;&gt;</a>&nbsp;&nbsp;&nbsp;nwkFSM
<LI><a href="#[d5]">&gt;&gt;</a>&nbsp;&nbsp;&nbsp;apsInjectTxPacket
<LI><a href="#[5c]">&gt;&gt;</a>&nbsp;&nbsp;&nbsp;halGetMACTimer
</UL>
<BR>[Called By]<UL><LI><a href="#[dc]">&gt;&gt;</a>&nbsp;&nbsp;&nbsp;apsFSM
<LI><a href="#[db]">&gt;&gt;</a>&nbsp;&nbsp;&nbsp;apsTxFSM
</UL>

<P><STRONG><a name="[e5]"></a>apsRxBusy</STRONG> (Thumb, 14 bytes, Stack size 0 bytes, aps.o(.text))
<BR><BR>[Called By]<UL><LI><a href="#[dc]">&gt;&gt;</a>&nbsp;&nbsp;&nbsp;apsFSM
<LI><a href="#[127]">&gt;&gt;</a>&nbsp;&nbsp;&nbsp;nwkRxFSM
</UL>

<P><STRONG><a name="[d9]"></a>apsFreeRxPacket</STRONG> (Thumb, 68 bytes, Stack size 8 bytes, aps.o(.text))
<BR><BR>[Stack]<UL><LI>Max Depth = 40<LI>Call Chain = apsFreeRxPacket &rArr; MemFree &rArr; IntMasterEnable
</UL>
<BR>[Calls]<UL><LI><a href="#[50]">&gt;&gt;</a>&nbsp;&nbsp;&nbsp;MemFree
</UL>
<BR>[Called By]<UL><LI><a href="#[dc]">&gt;&gt;</a>&nbsp;&nbsp;&nbsp;apsFSM
</UL>

<P><STRONG><a name="[dc]"></a>apsFSM</STRONG> (Thumb, 972 bytes, Stack size 8 bytes, aps.o(.text))
<BR><BR>[Stack]<UL><LI>Max Depth = 600 + Unknown Stack Size
<LI>Call Chain = apsFSM &rArr; apsTxFSM &rArr; apsTxData &rArr; apsInjectTxPacket &rArr; apsRxFSM &rArr; usrRxPacketCallback &rArr; AnalysisPacket &rArr; atof &rArr; __strtod_int &rArr; _local_sscanf &rArr; _scanf_real &rArr; _scanf_really_real &rArr; _fp_value &rArr; _btod_etento &rArr; _btod_emul &rArr; _e2e
</UL>
<BR>[Calls]<UL><LI><a href="#[e1]">&gt;&gt;</a>&nbsp;&nbsp;&nbsp;zepFmtPing
<LI><a href="#[e0]">&gt;&gt;</a>&nbsp;&nbsp;&nbsp;zepFmtNodeInfoRsp
<LI><a href="#[df]">&gt;&gt;</a>&nbsp;&nbsp;&nbsp;zepFmtEndDeviceAnnounce
<LI><a href="#[e2]">&gt;&gt;</a>&nbsp;&nbsp;&nbsp;zepFmtAlarm
<LI><a href="#[dd]">&gt;&gt;</a>&nbsp;&nbsp;&nbsp;zepFSM
<LI><a href="#[d8]">&gt;&gt;</a>&nbsp;&nbsp;&nbsp;nwkFSM
<LI><a href="#[e4]">&gt;&gt;</a>&nbsp;&nbsp;&nbsp;evbResolveBind
<LI><a href="#[de]">&gt;&gt;</a>&nbsp;&nbsp;&nbsp;evbBindTableIterInit
<LI><a href="#[d9]">&gt;&gt;</a>&nbsp;&nbsp;&nbsp;apsFreeRxPacket
<LI><a href="#[e5]">&gt;&gt;</a>&nbsp;&nbsp;&nbsp;apsRxBusy
<LI><a href="#[d6]">&gt;&gt;</a>&nbsp;&nbsp;&nbsp;apsTxData
<LI><a href="#[d3]">&gt;&gt;</a>&nbsp;&nbsp;&nbsp;apsRxBuffFull
<LI><a href="#[db]">&gt;&gt;</a>&nbsp;&nbsp;&nbsp;apsTxFSM
<LI><a href="#[e3]">&gt;&gt;</a>&nbsp;&nbsp;&nbsp;apsFormatAck
<LI><a href="#[da]">&gt;&gt;</a>&nbsp;&nbsp;&nbsp;apsInjectPacket
<LI><a href="#[d0]">&gt;&gt;</a>&nbsp;&nbsp;&nbsp;apsRxFSM
<LI><a href="#[c2]">&gt;&gt;</a>&nbsp;&nbsp;&nbsp;usrRxPacketCallback
<LI><a href="#[cf]">&gt;&gt;</a>&nbsp;&nbsp;&nbsp;halUtilMemCopy
</UL>
<BR>[Called By]<UL><LI><a href="#[ed]">&gt;&gt;</a>&nbsp;&nbsp;&nbsp;aplFmtSendMSG
<LI><a href="#[e6]">&gt;&gt;</a>&nbsp;&nbsp;&nbsp;aplShutdown
<LI><a href="#[12]">&gt;&gt;</a>&nbsp;&nbsp;&nbsp;taskForm
</UL>

<P><STRONG><a name="[e6]"></a>aplShutdown</STRONG> (Thumb, 32 bytes, Stack size 8 bytes, aps.o(.text), UNUSED)
<BR><BR>[Calls]<UL><LI><a href="#[dc]">&gt;&gt;</a>&nbsp;&nbsp;&nbsp;apsFSM
<LI><a href="#[94]">&gt;&gt;</a>&nbsp;&nbsp;&nbsp;halShutdown
<LI><a href="#[60]">&gt;&gt;</a>&nbsp;&nbsp;&nbsp;IntMasterDisable
</UL>

<P><STRONG><a name="[e7]"></a>aplWarmstart</STRONG> (Thumb, 12 bytes, Stack size 8 bytes, aps.o(.text), UNUSED)
<BR><BR>[Calls]<UL><LI><a href="#[e8]">&gt;&gt;</a>&nbsp;&nbsp;&nbsp;macWarmStartRadio
</UL>

<P><STRONG><a name="[b6]"></a>apsInit</STRONG> (Thumb, 62 bytes, Stack size 8 bytes, aps.o(.text))
<BR><BR>[Stack]<UL><LI>Max Depth = 24<LI>Call Chain = apsInit &rArr; phyInit &rArr; MemInit
</UL>
<BR>[Calls]<UL><LI><a href="#[ec]">&gt;&gt;</a>&nbsp;&nbsp;&nbsp;zepInit
<LI><a href="#[e9]">&gt;&gt;</a>&nbsp;&nbsp;&nbsp;phyInit
<LI><a href="#[eb]">&gt;&gt;</a>&nbsp;&nbsp;&nbsp;nwkInit
<LI><a href="#[ea]">&gt;&gt;</a>&nbsp;&nbsp;&nbsp;macInit
</UL>
<BR>[Called By]<UL><LI><a href="#[b3]">&gt;&gt;</a>&nbsp;&nbsp;&nbsp;targetInit
</UL>

<P><STRONG><a name="[1d9]"></a>aplRegisterEndPoint</STRONG> (Thumb, 40 bytes, Stack size 0 bytes, aps.o(.text), UNUSED)

<P><STRONG><a name="[ed]"></a>aplFmtSendMSG</STRONG> (Thumb, 212 bytes, Stack size 48 bytes, aps.o(.text), UNUSED)
<BR><BR>[Calls]<UL><LI><a href="#[dc]">&gt;&gt;</a>&nbsp;&nbsp;&nbsp;apsFSM
<LI><a href="#[65]">&gt;&gt;</a>&nbsp;&nbsp;&nbsp;halGetProcessorIEEEAddress
</UL>

<P><STRONG><a name="[129]"></a>apsRxHandoff</STRONG> (Thumb, 52 bytes, Stack size 0 bytes, aps.o(.text))
<BR><BR>[Called By]<UL><LI><a href="#[127]">&gt;&gt;</a>&nbsp;&nbsp;&nbsp;nwkRxFSM
</UL>

<P><STRONG><a name="[1da]"></a>apsRxBuffInit</STRONG> (Thumb, 12 bytes, Stack size 0 bytes, aps.o(.text), UNUSED)

<P><STRONG><a name="[1db]"></a>apsRxBuffEmpty</STRONG> (Thumb, 14 bytes, Stack size 0 bytes, aps.o(.text), UNUSED)

<P><STRONG><a name="[1dc]"></a>apsGetRxPacket</STRONG> (Thumb, 18 bytes, Stack size 0 bytes, aps.o(.text), UNUSED)

<P><STRONG><a name="[6c]"></a>conPrintROMString_func</STRONG> (Thumb, 34 bytes, Stack size 8 bytes, console.o(.text))
<BR><BR>[Stack]<UL><LI>Max Depth = 16<LI>Call Chain = conPrintROMString_func &rArr; halPutch
</UL>
<BR>[Calls]<UL><LI><a href="#[8c]">&gt;&gt;</a>&nbsp;&nbsp;&nbsp;halPutch
</UL>
<BR>[Called By]<UL><LI><a href="#[f2]">&gt;&gt;</a>&nbsp;&nbsp;&nbsp;conPrintLADDR_bytes
<LI><a href="#[f1]">&gt;&gt;</a>&nbsp;&nbsp;&nbsp;conPrintUINT32
<LI><a href="#[f0]">&gt;&gt;</a>&nbsp;&nbsp;&nbsp;conPrintUINT16
<LI><a href="#[ef]">&gt;&gt;</a>&nbsp;&nbsp;&nbsp;conPrintUINT8
<LI><a href="#[b9]">&gt;&gt;</a>&nbsp;&nbsp;&nbsp;dbgPrintNeighborTable
<LI><a href="#[b7]">&gt;&gt;</a>&nbsp;&nbsp;&nbsp;conPrintConfig
<LI><a href="#[c7]">&gt;&gt;</a>&nbsp;&nbsp;&nbsp;conPCRLF
<LI><a href="#[6b]">&gt;&gt;</a>&nbsp;&nbsp;&nbsp;halInitRadio
<LI><a href="#[fa]">&gt;&gt;</a>&nbsp;&nbsp;&nbsp;dbgPrintMacPacket
<LI><a href="#[f7]">&gt;&gt;</a>&nbsp;&nbsp;&nbsp;dbgPrintNwkPacket
<LI><a href="#[f6]">&gt;&gt;</a>&nbsp;&nbsp;&nbsp;dbgPrintApsPacket
<LI><a href="#[f5]">&gt;&gt;</a>&nbsp;&nbsp;&nbsp;dbgPrintAfPacket
<LI><a href="#[f4]">&gt;&gt;</a>&nbsp;&nbsp;&nbsp;dbgPrintMacPacketFCS
<LI><a href="#[f9]">&gt;&gt;</a>&nbsp;&nbsp;&nbsp;dbgPrintBeacon
<LI><a href="#[f8]">&gt;&gt;</a>&nbsp;&nbsp;&nbsp;dbgPrintMacCmd
</UL>

<P><STRONG><a name="[c7]"></a>conPCRLF</STRONG> (Thumb, 10 bytes, Stack size 8 bytes, console.o(.text))
<BR><BR>[Stack]<UL><LI>Max Depth = 24<LI>Call Chain = conPCRLF &rArr; conPrintROMString_func &rArr; halPutch
</UL>
<BR>[Calls]<UL><LI><a href="#[6c]">&gt;&gt;</a>&nbsp;&nbsp;&nbsp;conPrintROMString_func
</UL>
<BR>[Called By]<UL><LI><a href="#[b9]">&gt;&gt;</a>&nbsp;&nbsp;&nbsp;dbgPrintNeighborTable
<LI><a href="#[b7]">&gt;&gt;</a>&nbsp;&nbsp;&nbsp;conPrintConfig
<LI><a href="#[c6]">&gt;&gt;</a>&nbsp;&nbsp;&nbsp;usrJoinNotifyCallback
<LI><a href="#[fa]">&gt;&gt;</a>&nbsp;&nbsp;&nbsp;dbgPrintMacPacket
<LI><a href="#[f7]">&gt;&gt;</a>&nbsp;&nbsp;&nbsp;dbgPrintNwkPacket
<LI><a href="#[f6]">&gt;&gt;</a>&nbsp;&nbsp;&nbsp;dbgPrintApsPacket
<LI><a href="#[f5]">&gt;&gt;</a>&nbsp;&nbsp;&nbsp;dbgPrintAfPacket
<LI><a href="#[f9]">&gt;&gt;</a>&nbsp;&nbsp;&nbsp;dbgPrintBeacon
<LI><a href="#[f8]">&gt;&gt;</a>&nbsp;&nbsp;&nbsp;dbgPrintMacCmd
</UL>

<P><STRONG><a name="[a6]"></a>conPrintString</STRONG> (Thumb, 34 bytes, Stack size 8 bytes, console.o(.text))
<BR><BR>[Stack]<UL><LI>Max Depth = 16<LI>Call Chain = conPrintString &rArr; halPutch
</UL>
<BR>[Calls]<UL><LI><a href="#[8c]">&gt;&gt;</a>&nbsp;&nbsp;&nbsp;halPutch
</UL>
<BR>[Called By]<UL><LI><a href="#[a5]">&gt;&gt;</a>&nbsp;&nbsp;&nbsp;SendToUP210
</UL>

<P><STRONG><a name="[c5]"></a>conPrintChar</STRONG> (Thumb, 12 bytes, Stack size 8 bytes, console.o(.text))
<BR><BR>[Stack]<UL><LI>Max Depth = 16<LI>Call Chain = conPrintChar &rArr; halPutch
</UL>
<BR>[Calls]<UL><LI><a href="#[8c]">&gt;&gt;</a>&nbsp;&nbsp;&nbsp;halPutch
</UL>
<BR>[Called By]<UL><LI><a href="#[c2]">&gt;&gt;</a>&nbsp;&nbsp;&nbsp;usrRxPacketCallback
</UL>

<P><STRONG><a name="[ee]"></a>conPrintUINT8_noleader</STRONG> (Thumb, 64 bytes, Stack size 16 bytes, console.o(.text))
<BR><BR>[Stack]<UL><LI>Max Depth = 24<LI>Call Chain = conPrintUINT8_noleader &rArr; halPutch
</UL>
<BR>[Calls]<UL><LI><a href="#[8c]">&gt;&gt;</a>&nbsp;&nbsp;&nbsp;halPutch
</UL>
<BR>[Called By]<UL><LI><a href="#[f2]">&gt;&gt;</a>&nbsp;&nbsp;&nbsp;conPrintLADDR_bytes
<LI><a href="#[f1]">&gt;&gt;</a>&nbsp;&nbsp;&nbsp;conPrintUINT32
<LI><a href="#[f0]">&gt;&gt;</a>&nbsp;&nbsp;&nbsp;conPrintUINT16
<LI><a href="#[ef]">&gt;&gt;</a>&nbsp;&nbsp;&nbsp;conPrintUINT8
</UL>

<P><STRONG><a name="[ef]"></a>conPrintUINT8</STRONG> (Thumb, 18 bytes, Stack size 8 bytes, console.o(.text))
<BR><BR>[Stack]<UL><LI>Max Depth = 32<LI>Call Chain = conPrintUINT8 &rArr; conPrintUINT8_noleader &rArr; halPutch
</UL>
<BR>[Calls]<UL><LI><a href="#[ee]">&gt;&gt;</a>&nbsp;&nbsp;&nbsp;conPrintUINT8_noleader
<LI><a href="#[6c]">&gt;&gt;</a>&nbsp;&nbsp;&nbsp;conPrintROMString_func
</UL>
<BR>[Called By]<UL><LI><a href="#[b9]">&gt;&gt;</a>&nbsp;&nbsp;&nbsp;dbgPrintNeighborTable
<LI><a href="#[b7]">&gt;&gt;</a>&nbsp;&nbsp;&nbsp;conPrintConfig
<LI><a href="#[fa]">&gt;&gt;</a>&nbsp;&nbsp;&nbsp;dbgPrintMacPacket
<LI><a href="#[f7]">&gt;&gt;</a>&nbsp;&nbsp;&nbsp;dbgPrintNwkPacket
<LI><a href="#[f6]">&gt;&gt;</a>&nbsp;&nbsp;&nbsp;dbgPrintApsPacket
<LI><a href="#[f5]">&gt;&gt;</a>&nbsp;&nbsp;&nbsp;dbgPrintAfPacket
<LI><a href="#[f4]">&gt;&gt;</a>&nbsp;&nbsp;&nbsp;dbgPrintMacPacketFCS
<LI><a href="#[f9]">&gt;&gt;</a>&nbsp;&nbsp;&nbsp;dbgPrintBeacon
<LI><a href="#[f8]">&gt;&gt;</a>&nbsp;&nbsp;&nbsp;dbgPrintMacCmd
</UL>

<P><STRONG><a name="[f0]"></a>conPrintUINT16</STRONG> (Thumb, 28 bytes, Stack size 16 bytes, console.o(.text))
<BR><BR>[Stack]<UL><LI>Max Depth = 40<LI>Call Chain = conPrintUINT16 &rArr; conPrintUINT8_noleader &rArr; halPutch
</UL>
<BR>[Calls]<UL><LI><a href="#[ee]">&gt;&gt;</a>&nbsp;&nbsp;&nbsp;conPrintUINT8_noleader
<LI><a href="#[6c]">&gt;&gt;</a>&nbsp;&nbsp;&nbsp;conPrintROMString_func
</UL>
<BR>[Called By]<UL><LI><a href="#[b9]">&gt;&gt;</a>&nbsp;&nbsp;&nbsp;dbgPrintNeighborTable
<LI><a href="#[b7]">&gt;&gt;</a>&nbsp;&nbsp;&nbsp;conPrintConfig
<LI><a href="#[fa]">&gt;&gt;</a>&nbsp;&nbsp;&nbsp;dbgPrintMacPacket
<LI><a href="#[f7]">&gt;&gt;</a>&nbsp;&nbsp;&nbsp;dbgPrintNwkPacket
<LI><a href="#[f6]">&gt;&gt;</a>&nbsp;&nbsp;&nbsp;dbgPrintApsPacket
</UL>

<P><STRONG><a name="[f1]"></a>conPrintUINT32</STRONG> (Thumb, 48 bytes, Stack size 16 bytes, console.o(.text), UNUSED)
<BR><BR>[Calls]<UL><LI><a href="#[ee]">&gt;&gt;</a>&nbsp;&nbsp;&nbsp;conPrintUINT8_noleader
<LI><a href="#[6c]">&gt;&gt;</a>&nbsp;&nbsp;&nbsp;conPrintROMString_func
</UL>

<P><STRONG><a name="[f2]"></a>conPrintLADDR_bytes</STRONG> (Thumb, 34 bytes, Stack size 16 bytes, console.o(.text))
<BR><BR>[Stack]<UL><LI>Max Depth = 40<LI>Call Chain = conPrintLADDR_bytes &rArr; conPrintUINT8_noleader &rArr; halPutch
</UL>
<BR>[Calls]<UL><LI><a href="#[ee]">&gt;&gt;</a>&nbsp;&nbsp;&nbsp;conPrintUINT8_noleader
<LI><a href="#[6c]">&gt;&gt;</a>&nbsp;&nbsp;&nbsp;conPrintROMString_func
</UL>
<BR>[Called By]<UL><LI><a href="#[f3]">&gt;&gt;</a>&nbsp;&nbsp;&nbsp;conPrintLADDR
<LI><a href="#[b9]">&gt;&gt;</a>&nbsp;&nbsp;&nbsp;dbgPrintNeighborTable
<LI><a href="#[b7]">&gt;&gt;</a>&nbsp;&nbsp;&nbsp;conPrintConfig
<LI><a href="#[fa]">&gt;&gt;</a>&nbsp;&nbsp;&nbsp;dbgPrintMacPacket
</UL>

<P><STRONG><a name="[f3]"></a>conPrintLADDR</STRONG> (Thumb, 14 bytes, Stack size 16 bytes, console.o(.text), UNUSED)
<BR><BR>[Calls]<UL><LI><a href="#[f2]">&gt;&gt;</a>&nbsp;&nbsp;&nbsp;conPrintLADDR_bytes
</UL>

<P><STRONG><a name="[b7]"></a>conPrintConfig</STRONG> (Thumb, 82 bytes, Stack size 16 bytes, console.o(.text))
<BR><BR>[Stack]<UL><LI>Max Depth = 56<LI>Call Chain = conPrintConfig &rArr; conPrintLADDR_bytes &rArr; conPrintUINT8_noleader &rArr; halPutch
</UL>
<BR>[Calls]<UL><LI><a href="#[f2]">&gt;&gt;</a>&nbsp;&nbsp;&nbsp;conPrintLADDR_bytes
<LI><a href="#[f0]">&gt;&gt;</a>&nbsp;&nbsp;&nbsp;conPrintUINT16
<LI><a href="#[ef]">&gt;&gt;</a>&nbsp;&nbsp;&nbsp;conPrintUINT8
<LI><a href="#[c7]">&gt;&gt;</a>&nbsp;&nbsp;&nbsp;conPCRLF
<LI><a href="#[65]">&gt;&gt;</a>&nbsp;&nbsp;&nbsp;halGetProcessorIEEEAddress
<LI><a href="#[6c]">&gt;&gt;</a>&nbsp;&nbsp;&nbsp;conPrintROMString_func
</UL>
<BR>[Called By]<UL><LI><a href="#[b3]">&gt;&gt;</a>&nbsp;&nbsp;&nbsp;targetInit
</UL>

<P><STRONG><a name="[f4]"></a>dbgPrintMacPacketFCS</STRONG> (Thumb, 38 bytes, Stack size 8 bytes, debug.o(.text), UNUSED)
<BR><BR>[Calls]<UL><LI><a href="#[ef]">&gt;&gt;</a>&nbsp;&nbsp;&nbsp;conPrintUINT8
<LI><a href="#[6c]">&gt;&gt;</a>&nbsp;&nbsp;&nbsp;conPrintROMString_func
</UL>
<BR>[Called By]<UL><LI><a href="#[fa]">&gt;&gt;</a>&nbsp;&nbsp;&nbsp;dbgPrintMacPacket
</UL>

<P><STRONG><a name="[f5]"></a>dbgPrintAfPacket</STRONG> (Thumb, 158 bytes, Stack size 24 bytes, debug.o(.text), UNUSED)
<BR><BR>[Calls]<UL><LI><a href="#[ef]">&gt;&gt;</a>&nbsp;&nbsp;&nbsp;conPrintUINT8
<LI><a href="#[c7]">&gt;&gt;</a>&nbsp;&nbsp;&nbsp;conPCRLF
<LI><a href="#[6c]">&gt;&gt;</a>&nbsp;&nbsp;&nbsp;conPrintROMString_func
</UL>
<BR>[Called By]<UL><LI><a href="#[fb]">&gt;&gt;</a>&nbsp;&nbsp;&nbsp;dbgPrintPacket
</UL>

<P><STRONG><a name="[f6]"></a>dbgPrintApsPacket</STRONG> (Thumb, 372 bytes, Stack size 24 bytes, debug.o(.text), UNUSED)
<BR><BR>[Calls]<UL><LI><a href="#[f0]">&gt;&gt;</a>&nbsp;&nbsp;&nbsp;conPrintUINT16
<LI><a href="#[ef]">&gt;&gt;</a>&nbsp;&nbsp;&nbsp;conPrintUINT8
<LI><a href="#[c7]">&gt;&gt;</a>&nbsp;&nbsp;&nbsp;conPCRLF
<LI><a href="#[6c]">&gt;&gt;</a>&nbsp;&nbsp;&nbsp;conPrintROMString_func
</UL>
<BR>[Called By]<UL><LI><a href="#[fb]">&gt;&gt;</a>&nbsp;&nbsp;&nbsp;dbgPrintPacket
</UL>

<P><STRONG><a name="[f7]"></a>dbgPrintNwkPacket</STRONG> (Thumb, 264 bytes, Stack size 24 bytes, debug.o(.text), UNUSED)
<BR><BR>[Calls]<UL><LI><a href="#[f0]">&gt;&gt;</a>&nbsp;&nbsp;&nbsp;conPrintUINT16
<LI><a href="#[ef]">&gt;&gt;</a>&nbsp;&nbsp;&nbsp;conPrintUINT8
<LI><a href="#[c7]">&gt;&gt;</a>&nbsp;&nbsp;&nbsp;conPCRLF
<LI><a href="#[6c]">&gt;&gt;</a>&nbsp;&nbsp;&nbsp;conPrintROMString_func
</UL>
<BR>[Called By]<UL><LI><a href="#[fb]">&gt;&gt;</a>&nbsp;&nbsp;&nbsp;dbgPrintPacket
</UL>

<P><STRONG><a name="[fa]"></a>dbgPrintMacPacket</STRONG> (Thumb, 1106 bytes, Stack size 48 bytes, debug.o(.text), UNUSED)
<BR><BR>[Calls]<UL><LI><a href="#[f2]">&gt;&gt;</a>&nbsp;&nbsp;&nbsp;conPrintLADDR_bytes
<LI><a href="#[f0]">&gt;&gt;</a>&nbsp;&nbsp;&nbsp;conPrintUINT16
<LI><a href="#[ef]">&gt;&gt;</a>&nbsp;&nbsp;&nbsp;conPrintUINT8
<LI><a href="#[c7]">&gt;&gt;</a>&nbsp;&nbsp;&nbsp;conPCRLF
<LI><a href="#[6c]">&gt;&gt;</a>&nbsp;&nbsp;&nbsp;conPrintROMString_func
<LI><a href="#[f4]">&gt;&gt;</a>&nbsp;&nbsp;&nbsp;dbgPrintMacPacketFCS
<LI><a href="#[f9]">&gt;&gt;</a>&nbsp;&nbsp;&nbsp;dbgPrintBeacon
<LI><a href="#[f8]">&gt;&gt;</a>&nbsp;&nbsp;&nbsp;dbgPrintMacCmd
</UL>
<BR>[Called By]<UL><LI><a href="#[fb]">&gt;&gt;</a>&nbsp;&nbsp;&nbsp;dbgPrintPacket
</UL>

<P><STRONG><a name="[fb]"></a>dbgPrintPacket</STRONG> (Thumb, 54 bytes, Stack size 16 bytes, debug.o(.text), UNUSED)
<BR><BR>[Calls]<UL><LI><a href="#[fa]">&gt;&gt;</a>&nbsp;&nbsp;&nbsp;dbgPrintMacPacket
<LI><a href="#[f7]">&gt;&gt;</a>&nbsp;&nbsp;&nbsp;dbgPrintNwkPacket
<LI><a href="#[f6]">&gt;&gt;</a>&nbsp;&nbsp;&nbsp;dbgPrintApsPacket
<LI><a href="#[f5]">&gt;&gt;</a>&nbsp;&nbsp;&nbsp;dbgPrintAfPacket
</UL>

<P><STRONG><a name="[b9]"></a>dbgPrintNeighborTable</STRONG> (Thumb, 298 bytes, Stack size 16 bytes, debug.o(.text))
<BR><BR>[Stack]<UL><LI>Max Depth = 56<LI>Call Chain = dbgPrintNeighborTable &rArr; conPrintLADDR_bytes &rArr; conPrintUINT8_noleader &rArr; halPutch
</UL>
<BR>[Calls]<UL><LI><a href="#[f2]">&gt;&gt;</a>&nbsp;&nbsp;&nbsp;conPrintLADDR_bytes
<LI><a href="#[f0]">&gt;&gt;</a>&nbsp;&nbsp;&nbsp;conPrintUINT16
<LI><a href="#[ef]">&gt;&gt;</a>&nbsp;&nbsp;&nbsp;conPrintUINT8
<LI><a href="#[c7]">&gt;&gt;</a>&nbsp;&nbsp;&nbsp;conPCRLF
<LI><a href="#[6c]">&gt;&gt;</a>&nbsp;&nbsp;&nbsp;conPrintROMString_func
</UL>
<BR>[Called By]<UL><LI><a href="#[b8]">&gt;&gt;</a>&nbsp;&nbsp;&nbsp;usrZepRxCallback
</UL>

<P><STRONG><a name="[ea]"></a>macInit</STRONG> (Thumb, 98 bytes, Stack size 8 bytes, mac.o(.text))
<BR><BR>[Stack]<UL><LI>Max Depth = 8<LI>Call Chain = macInit
</UL>
<BR>[Calls]<UL><LI><a href="#[fc]">&gt;&gt;</a>&nbsp;&nbsp;&nbsp;ntInitAddressMap
</UL>
<BR>[Called By]<UL><LI><a href="#[d8]">&gt;&gt;</a>&nbsp;&nbsp;&nbsp;nwkFSM
<LI><a href="#[b6]">&gt;&gt;</a>&nbsp;&nbsp;&nbsp;apsInit
</UL>

<P><STRONG><a name="[e8]"></a>macWarmStartRadio</STRONG> (Thumb, 78 bytes, Stack size 8 bytes, mac.o(.text), UNUSED)
<BR><BR>[Calls]<UL><LI><a href="#[96]">&gt;&gt;</a>&nbsp;&nbsp;&nbsp;halWarmstart
<LI><a href="#[69]">&gt;&gt;</a>&nbsp;&nbsp;&nbsp;halSetChannel
<LI><a href="#[63]">&gt;&gt;</a>&nbsp;&nbsp;&nbsp;halSetRadioShortAddr
<LI><a href="#[5f]">&gt;&gt;</a>&nbsp;&nbsp;&nbsp;halSetRadioPANID
<LI><a href="#[fd]">&gt;&gt;</a>&nbsp;&nbsp;&nbsp;phyFSM
</UL>
<BR>[Called By]<UL><LI><a href="#[e7]">&gt;&gt;</a>&nbsp;&nbsp;&nbsp;aplWarmstart
</UL>

<P><STRONG><a name="[fe]"></a>macSetPANID</STRONG> (Thumb, 18 bytes, Stack size 8 bytes, mac.o(.text))
<BR><BR>[Stack]<UL><LI>Max Depth = 48<LI>Call Chain = macSetPANID &rArr; halSetRadioPANID &rArr; Write_RAM
</UL>
<BR>[Calls]<UL><LI><a href="#[5f]">&gt;&gt;</a>&nbsp;&nbsp;&nbsp;halSetRadioPANID
</UL>
<BR>[Called By]<UL><LI><a href="#[ff]">&gt;&gt;</a>&nbsp;&nbsp;&nbsp;macInitRadio
</UL>

<P><STRONG><a name="[ff]"></a>macInitRadio</STRONG> (Thumb, 98 bytes, Stack size 8 bytes, mac.o(.text))
<BR><BR>[Stack]<UL><LI>Max Depth = 144<LI>Call Chain = macInitRadio &rArr; phyFSM &rArr; halSendPacket &rArr; halResetRadio &rArr; halInitRadio &rArr; halSetRadioIEEEAddress &rArr; Write_RAM
</UL>
<BR>[Calls]<UL><LI><a href="#[63]">&gt;&gt;</a>&nbsp;&nbsp;&nbsp;halSetRadioShortAddr
<LI><a href="#[fd]">&gt;&gt;</a>&nbsp;&nbsp;&nbsp;phyFSM
<LI><a href="#[fe]">&gt;&gt;</a>&nbsp;&nbsp;&nbsp;macSetPANID
</UL>
<BR>[Called By]<UL><LI><a href="#[d8]">&gt;&gt;</a>&nbsp;&nbsp;&nbsp;nwkFSM
</UL>

<P><STRONG><a name="[1dd]"></a>macGetPANID</STRONG> (Thumb, 6 bytes, Stack size 0 bytes, mac.o(.text), UNUSED)

<P><STRONG><a name="[100]"></a>macSetChannel</STRONG> (Thumb, 16 bytes, Stack size 8 bytes, mac.o(.text))
<BR><BR>[Stack]<UL><LI>Max Depth = 40<LI>Call Chain = macSetChannel &rArr; halSetChannel &rArr; Write_ConfigureWord
</UL>
<BR>[Calls]<UL><LI><a href="#[69]">&gt;&gt;</a>&nbsp;&nbsp;&nbsp;halSetChannel
</UL>
<BR>[Called By]<UL><LI><a href="#[d8]">&gt;&gt;</a>&nbsp;&nbsp;&nbsp;nwkFSM
</UL>

<P><STRONG><a name="[101]"></a>macSetShortAddr</STRONG> (Thumb, 18 bytes, Stack size 8 bytes, mac.o(.text))
<BR><BR>[Stack]<UL><LI>Max Depth = 60<LI>Call Chain = macSetShortAddr &rArr; ntAddOurselvesToAddressTable &rArr; ntNewAddressMapEntry &rArr; ntCheckAddressMapEntry
</UL>
<BR>[Calls]<UL><LI><a href="#[63]">&gt;&gt;</a>&nbsp;&nbsp;&nbsp;halSetRadioShortAddr
<LI><a href="#[102]">&gt;&gt;</a>&nbsp;&nbsp;&nbsp;ntAddOurselvesToAddressTable
</UL>
<BR>[Called By]<UL><LI><a href="#[d8]">&gt;&gt;</a>&nbsp;&nbsp;&nbsp;nwkFSM
</UL>

<P><STRONG><a name="[108]"></a>macFreeRxPacket</STRONG> (Thumb, 54 bytes, Stack size 8 bytes, mac.o(.text))
<BR><BR>[Stack]<UL><LI>Max Depth = 40<LI>Call Chain = macFreeRxPacket &rArr; MemFree &rArr; IntMasterEnable
</UL>
<BR>[Calls]<UL><LI><a href="#[50]">&gt;&gt;</a>&nbsp;&nbsp;&nbsp;MemFree
</UL>
<BR>[Called By]<UL><LI><a href="#[10b]">&gt;&gt;</a>&nbsp;&nbsp;&nbsp;macRxFSM
</UL>

<P><STRONG><a name="[10d]"></a>macGetRxPacket</STRONG> (Thumb, 46 bytes, Stack size 0 bytes, mac.o(.text))
<BR><BR>[Called By]<UL><LI><a href="#[10b]">&gt;&gt;</a>&nbsp;&nbsp;&nbsp;macRxFSM
</UL>

<P><STRONG><a name="[10c]"></a>macRxBuffEmpty</STRONG> (Thumb, 24 bytes, Stack size 0 bytes, mac.o(.text))
<BR><BR>[Called By]<UL><LI><a href="#[10b]">&gt;&gt;</a>&nbsp;&nbsp;&nbsp;macRxFSM
</UL>

<P><STRONG><a name="[113]"></a>macFSM</STRONG> (Thumb, 1384 bytes, Stack size 16 bytes, mac.o(.text))
<BR><BR>[Stack]<UL><LI>Max Depth = 176<LI>Call Chain = macFSM &rArr; macTxFSM &rArr; macTxData &rArr; phyFSM &rArr; halSendPacket &rArr; halResetRadio &rArr; halInitRadio &rArr; halSetRadioIEEEAddress &rArr; Write_RAM
</UL>
<BR>[Calls]<UL><LI><a href="#[6f]">&gt;&gt;</a>&nbsp;&nbsp;&nbsp;halMACTimerNowDelta
<LI><a href="#[5c]">&gt;&gt;</a>&nbsp;&nbsp;&nbsp;halGetMACTimer
<LI><a href="#[69]">&gt;&gt;</a>&nbsp;&nbsp;&nbsp;halSetChannel
<LI><a href="#[fd]">&gt;&gt;</a>&nbsp;&nbsp;&nbsp;phyFSM
<LI><a href="#[105]">&gt;&gt;</a>&nbsp;&nbsp;&nbsp;ntFindByLADDR
<LI><a href="#[112]">&gt;&gt;</a>&nbsp;&nbsp;&nbsp;macTxFSM
[...]
<BR><BR>[Called By]<UL><LI><a href="#[113]">&gt;&gt;</a>&nbsp;&nbsp;&nbsp;macFSM
</UL>

<P><STRONG><a name="[116]"></a>macFormatCoordRealign</STRONG> (Thumb, 142 bytes, Stack size 0 bytes, mac.o(.text))
<BR><BR>[Called By]<UL><LI><a href="#[113]">&gt;&gt;</a>&nbsp;&nbsp;&nbsp;macFSM
</UL>

<P><STRONG><a name="[115]"></a>macFormatAssocRequest</STRONG> (Thumb, 48 bytes, Stack size 0 bytes, mac.o(.text))
<BR><BR>[Called By]<UL><LI><a href="#[113]">&gt;&gt;</a>&nbsp;&nbsp;&nbsp;macFSM
</UL>

<P><STRONG><a name="[114]"></a>macFormatOrphanNotify</STRONG> (Thumb, 20 bytes, Stack size 0 bytes, mac.o(.text))
<BR><BR>[Called By]<UL><LI><a href="#[113]">&gt;&gt;</a>&nbsp;&nbsp;&nbsp;macFSM
</UL>

<P><STRONG><a name="[109]"></a>macCheckDataRejection</STRONG> (Thumb, 132 bytes, Stack size 16 bytes, mac.o(.text))
<BR><BR>[Stack]<UL><LI>Max Depth = 28<LI>Call Chain = macCheckDataRejection &rArr; ntFindByLADDR
</UL>
<BR>[Calls]<UL><LI><a href="#[10a]">&gt;&gt;</a>&nbsp;&nbsp;&nbsp;ntFindBySADDR
<LI><a href="#[105]">&gt;&gt;</a>&nbsp;&nbsp;&nbsp;ntFindByLADDR
</UL>
<BR>[Called By]<UL><LI><a href="#[10b]">&gt;&gt;</a>&nbsp;&nbsp;&nbsp;macRxFSM
</UL>

<P><STRONG><a name="[10f]"></a>macParseBeacon</STRONG> (Thumb, 178 bytes, Stack size 0 bytes, mac.o(.text))
<BR><BR>[Called By]<UL><LI><a href="#[10b]">&gt;&gt;</a>&nbsp;&nbsp;&nbsp;macRxFSM
</UL>

<P><STRONG><a name="[10e]"></a>macParseHdr</STRONG> (Thumb, 280 bytes, Stack size 16 bytes, mac.o(.text))
<BR><BR>[Stack]<UL><LI>Max Depth = 16<LI>Call Chain = macParseHdr
</UL>
<BR>[Called By]<UL><LI><a href="#[10b]">&gt;&gt;</a>&nbsp;&nbsp;&nbsp;macRxFSM
</UL>

<P><STRONG><a name="[10b]"></a>macRxFSM</STRONG> (Thumb, 322 bytes, Stack size 16 bytes, mac.o(.text))
<BR><BR>[Stack]<UL><LI>Max Depth = 56<LI>Call Chain = macRxFSM &rArr; macFreeRxPacket &rArr; MemFree &rArr; IntMasterEnable
</UL>
<BR>[Calls]<UL><LI><a href="#[5c]">&gt;&gt;</a>&nbsp;&nbsp;&nbsp;halGetMACTimer
<LI><a href="#[111]">&gt;&gt;</a>&nbsp;&nbsp;&nbsp;nwkRxHandoff
<LI><a href="#[110]">&gt;&gt;</a>&nbsp;&nbsp;&nbsp;nwkRxBusy
<LI><a href="#[10c]">&gt;&gt;</a>&nbsp;&nbsp;&nbsp;macRxBuffEmpty
<LI><a href="#[10d]">&gt;&gt;</a>&nbsp;&nbsp;&nbsp;macGetRxPacket
<LI><a href="#[108]">&gt;&gt;</a>&nbsp;&nbsp;&nbsp;macFreeRxPacket
<LI><a href="#[10e]">&gt;&gt;</a>&nbsp;&nbsp;&nbsp;macParseHdr
<LI><a href="#[10f]">&gt;&gt;</a>&nbsp;&nbsp;&nbsp;macParseBeacon
<LI><a href="#[109]">&gt;&gt;</a>&nbsp;&nbsp;&nbsp;macCheckDataRejection
</UL>
<BR>[Called By]<UL><LI><a href="#[113]">&gt;&gt;</a>&nbsp;&nbsp;&nbsp;macFSM
</UL>

<P><STRONG><a name="[112]"></a>macTxFSM</STRONG> (Thumb, 186 bytes, Stack size 8 bytes, mac.o(.text))
<BR><BR>[Stack]<UL><LI>Max Depth = 160<LI>Call Chain = macTxFSM &rArr; macTxData &rArr; phyFSM &rArr; halSendPacket &rArr; halResetRadio &rArr; halInitRadio &rArr; halSetRadioIEEEAddress &rArr; Write_RAM
</UL>
<BR>[Calls]<UL><LI><a href="#[6f]">&gt;&gt;</a>&nbsp;&nbsp;&nbsp;halMACTimerNowDelta
<LI><a href="#[103]">&gt;&gt;</a>&nbsp;&nbsp;&nbsp;macTxData
</UL>
<BR>[Called By]<UL><LI><a href="#[113]">&gt;&gt;</a>&nbsp;&nbsp;&nbsp;macFSM
</UL>

<P><STRONG><a name="[124]"></a>nwkFreeRxPacket</STRONG> (Thumb, 44 bytes, Stack size 8 bytes, nwk.o(.text))
<BR><BR>[Stack]<UL><LI>Max Depth = 40<LI>Call Chain = nwkFreeRxPacket &rArr; MemFree &rArr; IntMasterEnable
</UL>
<BR>[Calls]<UL><LI><a href="#[50]">&gt;&gt;</a>&nbsp;&nbsp;&nbsp;MemFree
</UL>
<BR>[Called By]<UL><LI><a href="#[125]">&gt;&gt;</a>&nbsp;&nbsp;&nbsp;nwkCopyFwdPkt
</UL>

<P><STRONG><a name="[126]"></a>nwkGetRxPacket</STRONG> (Thumb, 40 bytes, Stack size 0 bytes, nwk.o(.text))
<BR><BR>[Called By]<UL><LI><a href="#[125]">&gt;&gt;</a>&nbsp;&nbsp;&nbsp;nwkCopyFwdPkt
</UL>

<P><STRONG><a name="[12b]"></a>nwkRxBuffEmpty</STRONG> (Thumb, 20 bytes, Stack size 0 bytes, nwk.o(.text))
<BR><BR>[Called By]<UL><LI><a href="#[d8]">&gt;&gt;</a>&nbsp;&nbsp;&nbsp;nwkFSM
</UL>

<P><STRONG><a name="[12a]"></a>nwkRxBuffFull</STRONG> (Thumb, 30 bytes, Stack size 0 bytes, nwk.o(.text))
<BR><BR>[Called By]<UL><LI><a href="#[127]">&gt;&gt;</a>&nbsp;&nbsp;&nbsp;nwkRxFSM
</UL>

<P><STRONG><a name="[128]"></a>nwkParseHdr</STRONG> (Thumb, 50 bytes, Stack size 0 bytes, nwk.o(.text))
<BR><BR>[Called By]<UL><LI><a href="#[127]">&gt;&gt;</a>&nbsp;&nbsp;&nbsp;nwkRxFSM
</UL>

<P><STRONG><a name="[127]"></a>nwkRxFSM</STRONG> (Thumb, 248 bytes, Stack size 8 bytes, nwk.o(.text))
<BR><BR>[Stack]<UL><LI>Max Depth = 40<LI>Call Chain = nwkRxFSM &rArr; MemFree &rArr; IntMasterEnable
</UL>
<BR>[Calls]<UL><LI><a href="#[129]">&gt;&gt;</a>&nbsp;&nbsp;&nbsp;apsRxHandoff
<LI><a href="#[e5]">&gt;&gt;</a>&nbsp;&nbsp;&nbsp;apsRxBusy
<LI><a href="#[50]">&gt;&gt;</a>&nbsp;&nbsp;&nbsp;MemFree
<LI><a href="#[128]">&gt;&gt;</a>&nbsp;&nbsp;&nbsp;nwkParseHdr
<LI><a href="#[12a]">&gt;&gt;</a>&nbsp;&nbsp;&nbsp;nwkRxBuffFull
</UL>
<BR>[Called By]<UL><LI><a href="#[d8]">&gt;&gt;</a>&nbsp;&nbsp;&nbsp;nwkFSM
</UL>

<P><STRONG><a name="[131]"></a>zepHandleEndDeviceAnnounce</STRONG> (Thumb, 46 bytes, Stack size 16 bytes, zep.o(.text))
<BR><BR>[Stack]<UL><LI>Max Depth = 52<LI>Call Chain = zepHandleEndDeviceAnnounce &rArr; ntNewAddressMapEntry &rArr; ntCheckAddressMapEntry
</UL>
<BR>[Calls]<UL><LI><a href="#[11c]">&gt;&gt;</a>&nbsp;&nbsp;&nbsp;ntNewAddressMapEntry
</UL>
<BR>[Called By]<UL><LI><a href="#[d4]">&gt;&gt;</a>&nbsp;&nbsp;&nbsp;zepHandleRxPacket
</UL>

<P><STRONG><a name="[132]"></a>zepCommonFmt</STRONG> (Thumb, 76 bytes, Stack size 0 bytes, zep.o(.text))
<BR><BR>[Called By]<UL><LI><a href="#[e1]">&gt;&gt;</a>&nbsp;&nbsp;&nbsp;zepFmtPing
<LI><a href="#[e0]">&gt;&gt;</a>&nbsp;&nbsp;&nbsp;zepFmtNodeInfoRsp
<LI><a href="#[df]">&gt;&gt;</a>&nbsp;&nbsp;&nbsp;zepFmtEndDeviceAnnounce
<LI><a href="#[e2]">&gt;&gt;</a>&nbsp;&nbsp;&nbsp;zepFmtAlarm
</UL>

<P><STRONG><a name="[13b]"></a>OS_InitTaskIdle</STRONG> (Thumb, 18 bytes, Stack size 8 bytes, os_core.o(.text))
<BR><BR>[Stack]<UL><LI>Max Depth = 88 + Unknown Stack Size
<LI>Call Chain = OS_InitTaskIdle &rArr; OSTaskCreate &rArr; OS_TCBInit
</UL>
<BR>[Calls]<UL><LI><a href="#[133]">&gt;&gt;</a>&nbsp;&nbsp;&nbsp;OSTaskCreate
</UL>
<BR>[Called By]<UL><LI><a href="#[13c]">&gt;&gt;</a>&nbsp;&nbsp;&nbsp;OSInit
</UL>

<P><STRONG><a name="[141]"></a>OS_InitEventList</STRONG> (Thumb, 2 bytes, Stack size 0 bytes, os_core.o(.text))
<BR><BR>[Called By]<UL><LI><a href="#[13c]">&gt;&gt;</a>&nbsp;&nbsp;&nbsp;OSInit
</UL>

<P><STRONG><a name="[140]"></a>OS_InitTCBList</STRONG> (Thumb, 64 bytes, Stack size 8 bytes, os_core.o(.text))
<BR><BR>[Stack]<UL><LI>Max Depth = 8<LI>Call Chain = OS_InitTCBList
</UL>
<BR>[Called By]<UL><LI><a href="#[13c]">&gt;&gt;</a>&nbsp;&nbsp;&nbsp;OSInit
</UL>

<P><STRONG><a name="[13f]"></a>OS_InitRdyList</STRONG> (Thumb, 46 bytes, Stack size 0 bytes, os_core.o(.text))
<BR><BR>[Called By]<UL><LI><a href="#[13c]">&gt;&gt;</a>&nbsp;&nbsp;&nbsp;OSInit
</UL>

<P><STRONG><a name="[13e]"></a>OS_InitMisc</STRONG> (Thumb, 28 bytes, Stack size 0 bytes, os_core.o(.text))
<BR><BR>[Called By]<UL><LI><a href="#[13c]">&gt;&gt;</a>&nbsp;&nbsp;&nbsp;OSInit
</UL>

<P><STRONG><a name="[22]"></a>WriteDataGPIO</STRONG> (Thumb, 56 bytes, Stack size 0 bytes, kitronix320x240x16_ssd2119_8bit.o(.text))
<BR>[Address Reference Count : 1]<UL><LI> kitronix320x240x16_ssd2119_8bit.o(.data)
</UL>
<P><STRONG><a name="[e]"></a>WriteDataEPI</STRONG> (Thumb, 12 bytes, Stack size 0 bytes, kitronix320x240x16_ssd2119_8bit.o(.text))
<BR>[Address Reference Count : 1]<UL><LI> kitronix320x240x16_ssd2119_8bit.o(.text)
</UL>
<P><STRONG><a name="[f]"></a>WriteCommandEPI</STRONG> (Thumb, 14 bytes, Stack size 0 bytes, kitronix320x240x16_ssd2119_8bit.o(.text))
<BR>[Address Reference Count : 1]<UL><LI> kitronix320x240x16_ssd2119_8bit.o(.text)
</UL>
<P><STRONG><a name="[10]"></a>WriteDataFPGA</STRONG> (Thumb, 18 bytes, Stack size 8 bytes, kitronix320x240x16_ssd2119_8bit.o(.text))
<BR><BR>[Stack]<UL><LI>Max Depth = 8<LI>Call Chain = WriteDataFPGA
</UL>
<BR>[Calls]<UL><LI><a href="#[3c]">&gt;&gt;</a>&nbsp;&nbsp;&nbsp;SysCtlDelay
</UL>
<BR>[Address Reference Count : 1]<UL><LI> kitronix320x240x16_ssd2119_8bit.o(.text)
</UL>
<P><STRONG><a name="[11]"></a>WriteCommandFPGA</STRONG> (Thumb, 18 bytes, Stack size 8 bytes, kitronix320x240x16_ssd2119_8bit.o(.text))
<BR><BR>[Stack]<UL><LI>Max Depth = 8<LI>Call Chain = WriteCommandFPGA
</UL>
<BR>[Calls]<UL><LI><a href="#[3c]">&gt;&gt;</a>&nbsp;&nbsp;&nbsp;SysCtlDelay
</UL>
<BR>[Address Reference Count : 1]<UL><LI> kitronix320x240x16_ssd2119_8bit.o(.text)
</UL>
<P><STRONG><a name="[23]"></a>WriteCommandGPIO</STRONG> (Thumb, 60 bytes, Stack size 0 bytes, kitronix320x240x16_ssd2119_8bit.o(.text))
<BR>[Address Reference Count : 1]<UL><LI> kitronix320x240x16_ssd2119_8bit.o(.data)
</UL>
<P><STRONG><a name="[14c]"></a>InitGPIOLCDInterface</STRONG> (Thumb, 234 bytes, Stack size 8 bytes, kitronix320x240x16_ssd2119_8bit.o(.text))
<BR><BR>[Stack]<UL><LI>Max Depth = 8<LI>Call Chain = InitGPIOLCDInterface
</UL>
<BR>[Calls]<UL><LI><a href="#[4a]">&gt;&gt;</a>&nbsp;&nbsp;&nbsp;GPIOPinWrite
<LI><a href="#[3c]">&gt;&gt;</a>&nbsp;&nbsp;&nbsp;SysCtlDelay
<LI><a href="#[14e]">&gt;&gt;</a>&nbsp;&nbsp;&nbsp;GPIOPadConfigSet
<LI><a href="#[14d]">&gt;&gt;</a>&nbsp;&nbsp;&nbsp;GPIODirModeSet
</UL>
<BR>[Called By]<UL><LI><a href="#[9e]">&gt;&gt;</a>&nbsp;&nbsp;&nbsp;Kitronix320x240x16_SSD2119Init
</UL>

<P><STRONG><a name="[14f]"></a>InitSRAMDaughterLCDInterface</STRONG> (Thumb, 64 bytes, Stack size 8 bytes, kitronix320x240x16_ssd2119_8bit.o(.text))
<BR><BR>[Stack]<UL><LI>Max Depth = 20<LI>Call Chain = InitSRAMDaughterLCDInterface &rArr; GPIOPinTypeGPIOOutput
</UL>
<BR>[Calls]<UL><LI><a href="#[4a]">&gt;&gt;</a>&nbsp;&nbsp;&nbsp;GPIOPinWrite
<LI><a href="#[42]">&gt;&gt;</a>&nbsp;&nbsp;&nbsp;GPIOPinTypeGPIOOutput
<LI><a href="#[3c]">&gt;&gt;</a>&nbsp;&nbsp;&nbsp;SysCtlDelay
</UL>
<BR>[Called By]<UL><LI><a href="#[9e]">&gt;&gt;</a>&nbsp;&nbsp;&nbsp;Kitronix320x240x16_SSD2119Init
</UL>

<P><STRONG><a name="[150]"></a>InitFPGADaughterLCDInterface</STRONG> (Thumb, 62 bytes, Stack size 8 bytes, kitronix320x240x16_ssd2119_8bit.o(.text))
<BR><BR>[Stack]<UL><LI>Max Depth = 8<LI>Call Chain = InitFPGADaughterLCDInterface
</UL>
<BR>[Calls]<UL><LI><a href="#[3c]">&gt;&gt;</a>&nbsp;&nbsp;&nbsp;SysCtlDelay
</UL>
<BR>[Called By]<UL><LI><a href="#[9e]">&gt;&gt;</a>&nbsp;&nbsp;&nbsp;Kitronix320x240x16_SSD2119Init
</UL>

<P><STRONG><a name="[1b]"></a>Kitronix320x240x16_SSD2119PixelDraw</STRONG> (Thumb, 64 bytes, Stack size 24 bytes, kitronix320x240x16_ssd2119_8bit.o(.text))
<BR><BR>[Stack]<UL><LI>Max Depth = 24<LI>Call Chain = Kitronix320x240x16_SSD2119PixelDraw
</UL>
<BR>[Address Reference Count : 1]<UL><LI> kitronix320x240x16_ssd2119_8bit.o(.constdata)
</UL>
<P><STRONG><a name="[1c]"></a>Kitronix320x240x16_SSD2119PixelDrawMultiple</STRONG> (Thumb, 362 bytes, Stack size 40 bytes, kitronix320x240x16_ssd2119_8bit.o(.text))
<BR><BR>[Stack]<UL><LI>Max Depth = 40<LI>Call Chain = Kitronix320x240x16_SSD2119PixelDrawMultiple
</UL>
<BR>[Address Reference Count : 1]<UL><LI> kitronix320x240x16_ssd2119_8bit.o(.constdata)
</UL>
<P><STRONG><a name="[1d]"></a>Kitronix320x240x16_SSD2119LineDrawH</STRONG> (Thumb, 94 bytes, Stack size 24 bytes, kitronix320x240x16_ssd2119_8bit.o(.text))
<BR><BR>[Stack]<UL><LI>Max Depth = 24<LI>Call Chain = Kitronix320x240x16_SSD2119LineDrawH
</UL>
<BR>[Address Reference Count : 1]<UL><LI> kitronix320x240x16_ssd2119_8bit.o(.constdata)
</UL>
<P><STRONG><a name="[1e]"></a>Kitronix320x240x16_SSD2119LineDrawV</STRONG> (Thumb, 94 bytes, Stack size 24 bytes, kitronix320x240x16_ssd2119_8bit.o(.text))
<BR><BR>[Stack]<UL><LI>Max Depth = 24<LI>Call Chain = Kitronix320x240x16_SSD2119LineDrawV
</UL>
<BR>[Address Reference Count : 1]<UL><LI> kitronix320x240x16_ssd2119_8bit.o(.constdata)
</UL>
<P><STRONG><a name="[1f]"></a>Kitronix320x240x16_SSD2119RectFill</STRONG> (Thumb, 232 bytes, Stack size 24 bytes, kitronix320x240x16_ssd2119_8bit.o(.text))
<BR><BR>[Stack]<UL><LI>Max Depth = 24<LI>Call Chain = Kitronix320x240x16_SSD2119RectFill
</UL>
<BR>[Address Reference Count : 1]<UL><LI> kitronix320x240x16_ssd2119_8bit.o(.constdata)
</UL>
<P><STRONG><a name="[20]"></a>Kitronix320x240x16_SSD2119ColorTranslate</STRONG> (Thumb, 24 bytes, Stack size 0 bytes, kitronix320x240x16_ssd2119_8bit.o(.text))
<BR>[Address Reference Count : 1]<UL><LI> kitronix320x240x16_ssd2119_8bit.o(.constdata)
</UL>
<P><STRONG><a name="[21]"></a>Kitronix320x240x16_SSD2119Flush</STRONG> (Thumb, 2 bytes, Stack size 0 bytes, kitronix320x240x16_ssd2119_8bit.o(.text))
<BR>[Address Reference Count : 1]<UL><LI> kitronix320x240x16_ssd2119_8bit.o(.constdata)
</UL>
<P><STRONG><a name="[151]"></a>EEPROMReadPolled</STRONG> (Thumb, 236 bytes, Stack size 32 bytes, set_pinout.o(.text))
<BR><BR>[Stack]<UL><LI>Max Depth = 40<LI>Call Chain = EEPROMReadPolled &rArr; SysCtlClockGet
</UL>
<BR>[Calls]<UL><LI><a href="#[3e]">&gt;&gt;</a>&nbsp;&nbsp;&nbsp;SysCtlClockGet
<LI><a href="#[158]">&gt;&gt;</a>&nbsp;&nbsp;&nbsp;SysCtlPeripheralReset
<LI><a href="#[153]">&gt;&gt;</a>&nbsp;&nbsp;&nbsp;I2CMasterSlaveAddrSet
<LI><a href="#[156]">&gt;&gt;</a>&nbsp;&nbsp;&nbsp;I2CMasterIntStatus
<LI><a href="#[152]">&gt;&gt;</a>&nbsp;&nbsp;&nbsp;I2CMasterIntClear
<LI><a href="#[159]">&gt;&gt;</a>&nbsp;&nbsp;&nbsp;I2CMasterInitExpClk
<LI><a href="#[157]">&gt;&gt;</a>&nbsp;&nbsp;&nbsp;I2CMasterErr
<LI><a href="#[154]">&gt;&gt;</a>&nbsp;&nbsp;&nbsp;I2CMasterDataPut
<LI><a href="#[15a]">&gt;&gt;</a>&nbsp;&nbsp;&nbsp;I2CMasterDataGet
<LI><a href="#[155]">&gt;&gt;</a>&nbsp;&nbsp;&nbsp;I2CMasterControl
<LI><a href="#[3c]">&gt;&gt;</a>&nbsp;&nbsp;&nbsp;SysCtlDelay
</UL>
<BR>[Called By]<UL><LI><a href="#[15b]">&gt;&gt;</a>&nbsp;&nbsp;&nbsp;DaughterBoardTypeGet
</UL>

<P><STRONG><a name="[15b]"></a>DaughterBoardTypeGet</STRONG> (Thumb, 166 bytes, Stack size 16 bytes, set_pinout.o(.text))
<BR><BR>[Stack]<UL><LI>Max Depth = 56<LI>Call Chain = DaughterBoardTypeGet &rArr; EEPROMReadPolled &rArr; SysCtlClockGet
</UL>
<BR>[Calls]<UL><LI><a href="#[3f]">&gt;&gt;</a>&nbsp;&nbsp;&nbsp;SysCtlPeripheralEnable
<LI><a href="#[3e]">&gt;&gt;</a>&nbsp;&nbsp;&nbsp;SysCtlClockGet
<LI><a href="#[158]">&gt;&gt;</a>&nbsp;&nbsp;&nbsp;SysCtlPeripheralReset
<LI><a href="#[159]">&gt;&gt;</a>&nbsp;&nbsp;&nbsp;I2CMasterInitExpClk
<LI><a href="#[15c]">&gt;&gt;</a>&nbsp;&nbsp;&nbsp;I2CMasterEnable
<LI><a href="#[15d]">&gt;&gt;</a>&nbsp;&nbsp;&nbsp;GPIOPinTypeI2C
<LI><a href="#[151]">&gt;&gt;</a>&nbsp;&nbsp;&nbsp;EEPROMReadPolled
<LI><a href="#[3c]">&gt;&gt;</a>&nbsp;&nbsp;&nbsp;SysCtlDelay
</UL>
<BR>[Called By]<UL><LI><a href="#[9d]">&gt;&gt;</a>&nbsp;&nbsp;&nbsp;PinoutSet
</UL>

<P><STRONG><a name="[15f]"></a>EPIDividerFromRate</STRONG> (Thumb, 52 bytes, Stack size 12 bytes, set_pinout.o(.text))
<BR><BR>[Stack]<UL><LI>Max Depth = 12<LI>Call Chain = EPIDividerFromRate
</UL>
<BR>[Called By]<UL><LI><a href="#[15e]">&gt;&gt;</a>&nbsp;&nbsp;&nbsp;CalcEPIDivider
</UL>

<P><STRONG><a name="[15e]"></a>CalcEPIDivider</STRONG> (Thumb, 58 bytes, Stack size 24 bytes, set_pinout.o(.text))
<BR><BR>[Stack]<UL><LI>Max Depth = 36<LI>Call Chain = CalcEPIDivider &rArr; EPIDividerFromRate
</UL>
<BR>[Calls]<UL><LI><a href="#[15f]">&gt;&gt;</a>&nbsp;&nbsp;&nbsp;EPIDividerFromRate
</UL>
<BR>[Called By]<UL><LI><a href="#[160]">&gt;&gt;</a>&nbsp;&nbsp;&nbsp;EPIPinConfigSet
</UL>

<P><STRONG><a name="[165]"></a>HB8ConfigGet</STRONG> (Thumb, 160 bytes, Stack size 16 bytes, set_pinout.o(.text))
<BR><BR>[Stack]<UL><LI>Max Depth = 16<LI>Call Chain = HB8ConfigGet
</UL>
<BR>[Called By]<UL><LI><a href="#[160]">&gt;&gt;</a>&nbsp;&nbsp;&nbsp;EPIPinConfigSet
</UL>

<P><STRONG><a name="[163]"></a>SDRAMConfigGet</STRONG> (Thumb, 64 bytes, Stack size 12 bytes, set_pinout.o(.text))
<BR><BR>[Stack]<UL><LI>Max Depth = 12<LI>Call Chain = SDRAMConfigGet
</UL>
<BR>[Called By]<UL><LI><a href="#[160]">&gt;&gt;</a>&nbsp;&nbsp;&nbsp;EPIPinConfigSet
</UL>

<P><STRONG><a name="[160]"></a>EPIPinConfigSet</STRONG> (Thumb, 312 bytes, Stack size 40 bytes, set_pinout.o(.text))
<BR><BR>[Stack]<UL><LI>Max Depth = 76<LI>Call Chain = EPIPinConfigSet &rArr; CalcEPIDivider &rArr; EPIDividerFromRate
</UL>
<BR>[Calls]<UL><LI><a href="#[3f]">&gt;&gt;</a>&nbsp;&nbsp;&nbsp;SysCtlPeripheralEnable
<LI><a href="#[3e]">&gt;&gt;</a>&nbsp;&nbsp;&nbsp;SysCtlClockGet
<LI><a href="#[162]">&gt;&gt;</a>&nbsp;&nbsp;&nbsp;EPIModeSet
<LI><a href="#[161]">&gt;&gt;</a>&nbsp;&nbsp;&nbsp;EPIDividerSet
<LI><a href="#[164]">&gt;&gt;</a>&nbsp;&nbsp;&nbsp;EPIConfigSDRAMSet
<LI><a href="#[166]">&gt;&gt;</a>&nbsp;&nbsp;&nbsp;EPIConfigHB8Set
<LI><a href="#[167]">&gt;&gt;</a>&nbsp;&nbsp;&nbsp;EPIConfigGPModeSet
<LI><a href="#[168]">&gt;&gt;</a>&nbsp;&nbsp;&nbsp;EPIAddressMapSet
<LI><a href="#[163]">&gt;&gt;</a>&nbsp;&nbsp;&nbsp;SDRAMConfigGet
<LI><a href="#[165]">&gt;&gt;</a>&nbsp;&nbsp;&nbsp;HB8ConfigGet
<LI><a href="#[15e]">&gt;&gt;</a>&nbsp;&nbsp;&nbsp;CalcEPIDivider
<LI><a href="#[14e]">&gt;&gt;</a>&nbsp;&nbsp;&nbsp;GPIOPadConfigSet
<LI><a href="#[14d]">&gt;&gt;</a>&nbsp;&nbsp;&nbsp;GPIODirModeSet
</UL>
<BR>[Called By]<UL><LI><a href="#[9d]">&gt;&gt;</a>&nbsp;&nbsp;&nbsp;PinoutSet
</UL>

<P><STRONG><a name="[169]"></a>PortControlSet</STRONG> (Thumb, 170 bytes, Stack size 44 bytes, set_pinout.o(.text))
<BR><BR>[Stack]<UL><LI>Max Depth = 44<LI>Call Chain = PortControlSet
</UL>
<BR>[Called By]<UL><LI><a href="#[9d]">&gt;&gt;</a>&nbsp;&nbsp;&nbsp;PinoutSet
</UL>

<P><STRONG><a name="[12]"></a>taskForm</STRONG> (Thumb, 110 bytes, Stack size 0 bytes, main.o(.text))
<BR><BR>[Stack]<UL><LI>Max Depth = 600 + Unknown Stack Size
<LI>Call Chain = taskForm &rArr; apsFSM &rArr; apsTxFSM &rArr; apsTxData &rArr; apsInjectTxPacket &rArr; apsRxFSM &rArr; usrRxPacketCallback &rArr; AnalysisPacket &rArr; atof &rArr; __strtod_int &rArr; _local_sscanf &rArr; _scanf_real &rArr; _scanf_really_real &rArr; _fp_value &rArr; _btod_etento &rArr; _btod_emul &rArr; _e2e
</UL>
<BR>[Calls]<UL><LI><a href="#[dc]">&gt;&gt;</a>&nbsp;&nbsp;&nbsp;apsFSM
<LI><a href="#[5d]">&gt;&gt;</a>&nbsp;&nbsp;&nbsp;evbLedSet
</UL>
<BR>[Address Reference Count : 1]<UL><LI> main.o(.text)
</UL>
<P><STRONG><a name="[13]"></a>taskStart</STRONG> (Thumb, 26 bytes, Stack size 0 bytes, main.o(.text))
<BR><BR>[Stack]<UL><LI>Max Depth = 172 + Unknown Stack Size
<LI>Call Chain = taskStart &rArr; targetInit &rArr; LCD_Init &rArr; PinoutSet &rArr; EPIPinConfigSet &rArr; CalcEPIDivider &rArr; EPIDividerFromRate
</UL>
<BR>[Calls]<UL><LI><a href="#[b3]">&gt;&gt;</a>&nbsp;&nbsp;&nbsp;targetInit
<LI><a href="#[138]">&gt;&gt;</a>&nbsp;&nbsp;&nbsp;OSTaskSuspend
<LI><a href="#[133]">&gt;&gt;</a>&nbsp;&nbsp;&nbsp;OSTaskCreate
</UL>
<BR>[Address Reference Count : 1]<UL><LI> main.o(.text)
</UL>
<P><STRONG><a name="[16]"></a>_printf_input_char</STRONG> (Thumb, 10 bytes, Stack size 0 bytes, _printf_char_common.o(.text))
<BR>[Address Reference Count : 1]<UL><LI> _printf_char_common.o(.text)
</UL>
<P><STRONG><a name="[177]"></a>_local_sscanf</STRONG> (Thumb, 60 bytes, Stack size 56 bytes, strtod.o(.text))
<BR><BR>[Stack]<UL><LI>Max Depth = 384<LI>Call Chain = _local_sscanf &rArr; _scanf_real &rArr; _scanf_really_real &rArr; _fp_value &rArr; _btod_etento &rArr; _btod_emul &rArr; _e2e
</UL>
<BR>[Calls]<UL><LI><a href="#[178]">&gt;&gt;</a>&nbsp;&nbsp;&nbsp;_scanf_real
</UL>
<BR>[Called By]<UL><LI><a href="#[179]">&gt;&gt;</a>&nbsp;&nbsp;&nbsp;__strtod_int
</UL>

<P><STRONG><a name="[17c]"></a>_fp_value</STRONG> (Thumb, 504 bytes, Stack size 88 bytes, scanf_fp.o(.text))
<BR><BR>[Stack]<UL><LI>Max Depth = 208<LI>Call Chain = _fp_value &rArr; _btod_etento &rArr; _btod_emul &rArr; _e2e
</UL>
<BR>[Calls]<UL><LI><a href="#[17e]">&gt;&gt;</a>&nbsp;&nbsp;&nbsp;_btod_emuld
<LI><a href="#[17f]">&gt;&gt;</a>&nbsp;&nbsp;&nbsp;_btod_edivd
<LI><a href="#[17d]">&gt;&gt;</a>&nbsp;&nbsp;&nbsp;_btod_etento
<LI><a href="#[175]">&gt;&gt;</a>&nbsp;&nbsp;&nbsp;__aeabi_errno_addr
</UL>
<BR>[Called By]<UL><LI><a href="#[180]">&gt;&gt;</a>&nbsp;&nbsp;&nbsp;_scanf_really_real
</UL>
<P>
<H3>
Undefined Global Symbols
</H3><HR></body></html>
