<html>
<body>
<pre>
<h1>礦ision Build Log</h1>
<h2>Project:</h2>
D:\比赛\博创杯\协调器\Coordinator.uvproj
Project File Date:  06/14/2016

<h2>Output:</h2>
Build target 'Coordinator'
compiling Target.c...
Target\Target.c(392): warning:  #177-D: variable "i" was declared but never referenced
        unsigned char i;
Target\Target.c: 1 warning, 0 errors
linking...
Program Size: Code=40460 RO-data=11260 RW-data=292 ZI-data=20940  
".\Object\LM3S_uCOS2.axf" - 0 Error(s), 1 Warning(s).
Load "D:\\比赛\\博创杯\\协调器\\Object\\LM3S_uCOS2.axf" 
Connecting: Mode=JTAG, Speed=1000000Hz
Erase Done.
Programming Done.
Verify OK.
</pre>
</body>
</html>
